Mm^Xm, Mm^Xm, Mm^Xm, Mm^Xm, Mm^Xm, Mm^Xm, Mm^Xm, Mm^Xm, Mm^Xm, Mm^Xm, Mm^Xm, Mm^Xm, Mm^Xm, Mm^Xm, Mm^Xm, Mm^Xm, Mm^Xm, Mm^Xm, Mm^Xm, Mm^Xm, Mm^Xm, Mm^Xm, Mm^Xm, Mm^Xm, Mm^Xm, Mm^Xm, Mm^Xm, Mm^Xm, Mm^Xm, Mm^Xm, Mm^Xm, Mm^Xm, Mm^Xm, Mm^Xm, Mm^Xm, Mm^Xm, Mm^Xm, Mm^Xm, Mm^Xm, Mm^Xm, Mm^Xm, Mm^Xm, Mm^Xm, Mm^Xm, Mm^Xm, Mm^Xm, Mm^Xm, Mm^Xm, Mm^Xm, Mm^Xm, Mm^Xm, Mm^Xm, Mm^Xm, Mm^Xm, Mm^Xm, Gll^Fp, Re, Gll^Fp, Gll^Fp, Gll^Fp, Mm^Xm, Mm
Mm^Xm, Mm^Xm, Mm^Xm, Mm^Xm, Mm^Xm, Mm^Xm, Mm^Xm, Mm^Xm, Mm^Xm, Mm^Xm, Mm^Xm, Mm^Xm, Mm^Xm, Mm^Xm, Mm^Xm, Mm^Xm, Mm^Xm, Mm^Xm, Mm^Xm, Mm^Xm, Mm^Xm, Mm^Xm, Mm^Xm, Mm^Xm, Mm^Xm, Mm^Xm, Mm^Xm, Mm^Xm, Mm^Xm, Mm^Xm, Mm^Xm, Mm^Xm, Mm^Xm, Mm^Xm, Mm^Xm, Mm^Xm, Mm^Xm, Mm^Xm, Mm^Xm, Mm^Xm, Mm^Xm, Mm^Xm, Mm^Xm, Mm^Xm, Mm^Xm, Mm^Xm, Mm^Xm, Mm^Xm, Mm^Xm, Mm^Xm, Mm^Xm, Mm^Xm, Mm^Xm, Mm^Xm, Mm^Xm, Ce, Ce, Ke, Ce, Ce, Mm^Xm, Mm^Xm
Mm^Xm, Mm^Xm, Mm^Xm, Mm^Xm, Mm^Xm, Mm^Xm, Mm^Xm, Mm^Xm, Mm^Xm, Mm^Xm, Mm^Xm, Mm^Xm, Mm^Xm, Mm^Xm, Mm^Xm, Mm^Xm, Mm^Xm, Mm^Xm, Mm^Xm, Mm^Xm, Mm^Xm, Mm^Xm, Mm^Xm, Mm^Xm, Mm^Xm, Mm^Xm, Mm^Xm, Mm^Xm, Mm^Xm, Mm^Xm, Mm^Xm, Mm^Xm, Mm^Xm, Mm^Xm, Mm^Xm, Mm^Xm, Mm^Xm, Mm^Xm, Mm^Xm, Mm^Xm, Mm^Xm, Mm^Xm, Mm^Xm, Mm^Xm, Mm^Xm, Mm^Xm, Mm^Xm, Mm^Xm, Mm^Xm, Mm^Xm, Mm^Xm, Mm^Xm, Mm^Xm, Mm^Xm, Gll^Fp, Re, Mm^Xm, Mm^Xm, Mm^Xm, Mm^Xm, Mm^Xm, Mm^Xm
Mm^Xm, Mm^Xm, Mm^Xm, Mm^Xm, Mm^Xm, Mm^Xm, Mm^Xm, Mm^Xm, Mm^Xm, Mm^Xm, Mm^Xm, Mm^Xm, Mm^Xm, Mm^Xm, Mm^Xm, Mm^Xm, Mm^Xm, Mm^Xm, Mm^Xm, Mm^Xm, Mm^Xm, Mm^Xm, Mm^Xm, Mm^Xm, Mm^Xm, Mm^Xm, Mm^Xm, Mm^Xm, Mm^Xm, Mm^Xm, Mm^Xm, Mm^Xm, Mm^Xm, Mm^Xm, Mm^Xm, Mm^Xm, Mm^Xm, Mm^Xm, Mm^Xm, Mm^Xm, Mm^Xm, Mm^Xm, Mm^Xm, Mm^Xm, Mm^Xm, Mm^Xm, Mm^Xm, Mm^Xm, Mm^Xm, Mm^Xm, Mm^Xm, Mm^Xm, Mm^Xm, Hh, Gll^Fp, Re, Gll^Fp, Mm^Xm, Mm^Xm, Mm^Xm, Mm^Xm, Mm^Xm
Mm^Xm, Mm^Xm, Mm^Xm, Mm^Xm, Mm^Xm, Mm^Xm, Mm^Xm, Mm^Xm, Mm^Xm, Mm^Xm, Mm^Xm, Mm^Xm, Mm^Xm, Mm^Xm, Mm^Xm, Mm^Xm, Mm^Xm, Mm^Xm, Mm^Xm, Mm^Xm, Mm^Xm, Mm^Xm, Mm^Xm, Mm^Xm, Mm^Xm, Mm^Xm, Mm^Xm, Mm^Xm, Mm^Xm, Mm^Xm, Mm^Xm, Mm^Xm, Mm^Xm, Mm^Xm, Gll^Fp, Gll^Fp, Gll^Fp, Mm^Xm, Mm^Xm, Mm^Xm, Mm^Xm, Mm^Xm, Mm^Xm, Mm^Xm, Mm^Xm, Mm^Xm, Mm^Xm, Mm^Xm, Mm^Xm, Mm^Xm, Mm^Xm, Mm^Xm, Gll^Fp, Hh, Hh, Re, Gll^Fp, Mm^Xm, Mm^Xm, Mm^Xm, Mm^Xm, Mm^Xm
Mm^Xm, Mm^Xm, Mm^Xm, Mm^Xm, Mm^Xm, Mm^Xm, Mm^Xm, Mm^Xm, Mm^Xm, Mm^Xm, Mm^Xm, Mm^Xm, Mm^Xm, Mm^Xm, Mm^Xm, Mm^Xm, Mm^Xm, Mm^Xm, Mm^Xm, Mm^Xm, Mm^Xm, Mm^Xm, Mm^Xm, Mm^Xm, Mm^Xm, Mm^Xm, Mm^Xm, Mm^Xm, Mm^Xm, Mm^Xm, Mm^Xm, Mm^Xm, Mm^Xm, Gll^Fp, Gll^Fp, Gll^Fp, Gll^Fp, Mm^Xm, Mm^Xm, Mm^Xm, Mm^Xm, Mm^Xm, Mm^Xm, Mm^Xm, Mm^Xm, Mm^Xm, Mm^Xm, Mm^Xm, Mm^Xm, Mm^Xm, Mm^Xm, Mm^Xm, Gll^Fp, Gll^Fp, Hh, Re, Gll^Fp, Mm^Xm, Mm^Xm, Mm^Xm, Mm^Xm, Mm^Xm
Mm^Xm, Mm^Xm, Mm^Xm, Mm^Xm, Mm^Xm, Mm^Xm, Mm^Xm, Mm^Xm, Mm^Xm, Mm^Xm, Mm^Xm, Mm^Xm, Mm^Xm, Mm^Xm, Mm^Xm, Mm^Xm, Mm^Xm, Mm^Xm, Mm^Xm, Mm^Xm, Mm^Xm, Mm^Xm, Mm^Xm, Mm^Xm, Mm^Xm, Mm^Xm, Mm^Xm, Mm^Xm, Mm^Xm, Mm^Xm, Mm^Xm, Mm^Xm, Gll^Fp, Gll^Fp, Hh, Gll^Fp, Gs, Gll^Fp, Gll^Fp, Mm^Xm, Gll^Fp, Gll^Fp, Mm^Xm, Mm^Xm, Mm^Xm, Mm^Xm, Mm^Xm, Mm^Xm, Mm^Xm, Mm^Xm, Mm^Xm, Gll^Fp, Hh, Hh, Re, Re, Gll^Fp, Mm^Xm, Mm^Xm, Mm^Xm, Mm^Xm, Mm^Xm
Mm^Xm, Mm^Xm, Mm^Xm, Mm^Xm, Mm^Xm, Mm^Xm, Mm^Xm, Mm^Xm, Mm^Xm, Mm^Xm, Mm^Xm, Mm^Xm, Mm^Xm, Mm^Xm, Mm^Xm, Mm^Xm, Mm^Xm, Mm^Xm, Mm^Xm, Mm^Xm, Mm^Xm, Mm^Xm, Mm^Xm, Mm^Xm, Mm^Xm, Mm^Xm, Mm^Xm, Mm^Xm, Mm^Xm, Mm^Xm, Gll^Fp, Mm^Xm, Hh, Hh, Gll^Fp, Gll^Fp, Gs, Gs, Gll^Fp, Gll^Fp, Gll^Fp, Gll^Fp, Re, Gll^Fp, Gll^Fp, Mm^Xm, Mm^Xm, Mm^Xm, Re, Mm^Xm, Gll^Fp, Hh, Gll^Fp, Gll^Fp, Re, Re, Gs, Gs, Gs, Mm^Xm, Mm^Xm, Mm^Xm
Mm^Xm, Mm^Xm, Mm^Xm, Mm^Xm, Mm^Xm, Mm^Xm, Mm^Xm, Mm^Xm, Mm^Xm, Mm^Xm, Mm^Xm, Mm^Xm, Mm^Xm, Mm^Xm, Mm^Xm, Mm^Xm, Mm^Xm, Mm^Xm, Mm^Xm, Mm^Xm, Mm^Xm, Mm^Xm, Mm^Xm, Mm^Xm, Hh, Mm^Xm, Mm^Xm, Mm^Xm, Mm^Xm, Mm^Xm, Hh, Gll^Fp, Gll^Fp, Ce, Re, Re, Re, Gs, Re, Re, Re, Re, Gll^Fp, Re, Re, Gll^Fp, Re, Re, Re, Gll^Fp, Gll^Fp, Gll^Fp, Re, Re, Re, Gs, Wog, Gs, Gs, Mm^Xm, Mm^Xm, Mm^Xm
Mm^Xm, Mm^Xm, Mm^Xm, Mm^Xm, Mm^Xm, Mm^Xm, Mm^Xm, Mm^Xm, Mm^Xm, Mm^Xm, Mm^Xm, Mm^Xm, Mm^Xm, Mm^Xm, Mm^Xm, Mm^Xm, Mm^Xm, Mm^Xm, Mm^Xm, Mm^Xm, Mm^Xm, Mm^Xm, Mm^Xm, Gll^Fp, Hh, Gll^Fp, Gll^Fp, Mm^Xm, Mm^Xm, Mm^Xm, Gll^Fp, Gll^Fp, Gll^Fp, Ke, Re, Re^Do, Re, Re, Gll^Fp, Hh, Gll^Fp, Gll^Fp, Gll^Fp, Gll^Fp, Gll^Fp, Re, Gll^Fp, Gll^Fp, Gll^Fp, Re, Gll^Fp, Re, Gs, Gs, Wog^Bw\r, Wog, Wog, Wog, Wwg, Wog, Wog, Wog
Mm^Xm, Mm^Xm, Mm^Xm, Mm^Xm, Mm^Xm, Mm^Xm, Mm^Xm, Mm^Xm, Gll^Fp, Gll^Fp, Gll^Fp, Gll^Fp, Mm^Xm, Mm^Xm, Mm^Xm, Mm^Xm, Mm^Xm, Mm^Xm, Mm^Xm, Mm^Xm, Mm^Xm, Mm^Xm, Mm^Xm, Gll^Fp, Hh, Gll^Fp, Gll^Fp, Mm^Xm, Mm^Xm, Mm^Xm, Mm^Xm, Mm^Xm, Mm^Xm, Gll^Fp, Gll^Fp, Re, Hh, Re, Gll^Fp, Gll^Fp, Gll^Fp, Gll^Fp, Gll^Fp, Gll^Fp, Gll^Fp, Gll^Fp, Mm^Xm, Gll^Fp, Gll^Fp, Re, Re, Re, Wog, Wog, Wog, Wog^Bw\, Wog^Bw\r, Mm^Xm, Gs, Mm^Xm, Mm^Xm, Mm^Xm
Mm^Xm, Mm^Xm, Mm^Xm, Mm^Xm, Mm^Xm, Mm^Xm, Mm^Xm, Gll^Fp, Gll^Fp, Gll^Fp, Gll^Fp, Gll^Fp, Mm^Xm, Mm^Xm, Mm^Xm, Mm^Xm, Mm^Xm, Mm^Xm, Mm^Xm, Mm^Xm, Mm^Xm, Mm^Xm, Mm^Xm, Gll^Fp, Gll^Fp, Gs, Gs, Mm^Xm, Mm^Xm, Mm^Xm, Mm^Xm, Mm^Xm, Mm^Xm, Gll^Fp, Gll^Fp, Gll^Fp, Re, Re, Gll^Fp, Mm^Xm, Mm^Xm, Mm^Xm, Mm^Xm, Mm^Xm, Mm^Xm, Mm^Xm, Mm^Xm, Mm^Xm, Mm^Xm, Mm^Xm, Mm^Xm, Gll^Fp, Wog, Wog, Gg, Gg, Gg, Mm^Xm, Mm^Xm, Mm^Xm, Mm^Xm, Mm^Xm
Mm^Xm, Mm^Xm, Mm^Xm, Mm^Xm, Mm^Xm, Mm^Xm, Mm^Xm, Gll^Fp, Gs, Gs, Gs, Gll^Fp, Gll^Fp, Mm^Xm, Mm^Xm, Mm^Xm, Mm^Xm, Mm^Xm, Mm^Xm, Mm^Xm, Mm^Xm, Mm^Xm, Gll^Fp, Hh, Gll^Fp, Gs, Gs, Gll^Fp, Gll^Fp, Mm^Xm, Mm^Xm, Mm^Xm, Mm^Xm, Gll^Fp, Hh, Gll^Fp, Re, Gll^Fp, Mm^Xm, Mm^Xm, Mm^Xm, Mm^Xm, Mm^Xm, Mm^Xm, Mm^Xm, Mm^Xm, Mm^Xm, Mm^Xm, Mm^Xm, Mm^Xm, Mm^Xm, Gll^Fp, Wog, Wog, Gg, Gg, Gg, Gg, Mm^Xm, Mm^Xm, Mm^Xm, Mm^Xm
Mm^Xm, Mm^Xm, Mm^Xm, Mm^Xm, Mm^Xm, Mm^Xm, Mm^Xm, Gll^Fp, Gll^Fp, Gs, Gll^Fp, Gs, Gs, Mm^Xm, Gll^Fp, Mm^Xm, Gll^Fp, Mm^Xm, Gll^Fp, Hh, Gll^Fp, Hh, Hh, Hh, Hh, Gll^Fp, Hh, Gs, Gll^Fp, Mm^Xm, Mm^Xm, Mm^Xm, Gll^Fp, Gll^Fp, Hh, Gll^Fp, Re, Gll^Fp, Mm^Xm, Mm^Xm, Mm^Xm, Mm^Xm, Mm^Xm, Mm^Xm, Mm^Xm, Mm^Xm, Mm^Xm, Mm^Xm, Mm^Xm, Mm^Xm, Mm^Xm, Mm^Xm, Wog, Wog, Gg, Gg, Gg, Gg, Mm^Xm, Mm^Xm, Mm^Xm, Mm^Xm
Mm^Xm, Mm^Xm, Mm^Xm, Mm^Xm, Mm^Xm, Mm^Xm, Gll^Fp, Gll^Fp, Gll^Fp, Gll^Fp, Gll^Fp, Gs, Re, Gll^Fp, Re, Re, Re, Gll^Fp, Re, Gll^Fp, Hh, Hh, Gll^Fp, Gll^Fp, Gll^Fp, Gll^Fp, Gll^Fp, Gs, Re, Gll^Fp, Hh, Mm^Xm, Hh, Hh, Re, Re, Gll^Fp, Gll^Fp, Mm^Xm, Mm^Xm, Mm^Xm, Mm^Xm, Mm^Xm, Mm^Xm, Mm^Xm, Mm^Xm, Mm^Xm, Mm^Xm, Mm^Xm, Mm^Xm, Mm^Xm, Mm^Xm, Wog, Wog, Gg, Gg, Gg, Gg, Mm^Xm, Mm^Xm, Mm^Xm, Mm^Xm
Mm^Xm, Mm^Xm, Mm^Xm, Mm^Xm, Gll^Fp, Mm^Xm, Gll^Fp, Re, Re, Re, Re, Re, Re, Re, Gll^Fp, Gll^Fp, Hh, Re, Gll^Fp, Re, Re, Gll^Fp, Re, Gll^Fp, Gll^Fp, Gll^Fp, Gll^Fp, Re, Re, Re, Re, Hh, Re, Hh, Re, Re, Gll^Fp, Mm^Xm, Mm^Xm, Mm^Xm, Mm^Xm, Mm^Xm, Mm^Xm, Mm^Xm, Mm^Xm, Mm^Xm, Mm^Xm, Mm^Xm, Mm^Xm, Mm^Xm, Mm^Xm, Mm^Xm, Wog, Wog, Gg, Gg, Gg, Gg, Mm^Xm, Mm^Xm, Mm^Xm, Mm^Xm
Mm^Xm, Mm^Xm, Gll^Fp, Gll^Fp, Gs, Gll^Fp, Gll^Fp, Re, Re, Re, Re, Re, Re, Re, Gll^Fp, Gll^Fp, Gll^Fp, Gll^Fp, Gll^Fp, Gll^Fp, Gll^Fp, Re, Gll^Fp, Re, Re, Gll^Fp, Re, Re, Gll^Fp, Gll^Fp, Hh, Re, Hh, Re, Re, Re, Gll^Fp, Mm^Xm, Mm^Xm, Mm^Xm, Mm^Xm, Mm^Xm, Mm^Xm, Mm^Xm, Mm^Xm, Mm^Xm, Mm^Xm, Mm^Xm, Mm^Xm, Mm^Xm, Mm^Xm, Mm^Xm, Wog, Wog, Gg, Gg, Gg, Gg, Mm^Xm, Mm^Xm, Mm^Xm, Mm^Xm
Mm^Xm, Gll^Fp, Hh, Gs, Gs, Gs, Gs, Gll^Fp, Hh, Re, Re, Re, Gll^Fp, Gll^Fp, Mm^Xm, Mm^Xm, Mm^Xm, Gll^Fp, Mm^Xm, Gll^Fp, Mm^Xm, Gll^Fp, Gll^Fp, Gll^Fp, Gll^Fp, Re, Re, Mm^Xm, Mm^Xm, Gll^Fp, Hh, Re, Co, Re, Mm^Xm, Gll^Fp, Mm^Xm, Mm^Xm, Mm^Xm, Mm^Xm, Mm^Xm, Mm^Xm, Mm^Xm, Mm^Xm, Mm^Xm, Mm^Xm, Mm^Xm, Mm^Xm, Mm^Xm, Mm^Xm, Wog, Wog, Wog, Wog, Gg, Gg, Gg, Gg, Mm^Xm, Mm^Xm, Mm^Xm, Mm^Xm
Mm^Xm, Mm^Xm, Mm^Xm, Gs, Mm^Xm, Gll^Fp, Gll^Fp, Gs, Re, Re, Re, Gll^Fp, Mm^Xm, Mm^Xm, Mm^Xm, Mm^Xm, Mm^Xm, Mm^Xm, Mm^Xm, Mm^Xm, Mm^Xm, Mm^Xm, Mm^Xm, Mm^Xm, Mm^Xm, Re, Mm^Xm, Mm^Xm, Mm^Xm, Mm^Xm, Hh, Gg^Ecf, Ko, Gg^Ecf, Mm^Xm, Mm^Xm, Mm^Xm, Mm^Xm, Mm^Xm, Mm^Xm, Mm^Xm, Mm^Xm, Mm^Xm, Mm^Xm, Mm^Xm, Mm^Xm, Mm^Xm, Mm^Xm, Wog, Wog, Wog, Wog, Gg, Gg, Gg, Gg, Gg, Gg, Mm^Xm, Mm^Xm, Mm^Xm, Mm^Xm
Mm^Xm, Mm^Xm, Mm^Xm, Mm^Xm, Mm^Xm, Mm^Xm, Gll^Fp, Hh, Hh, Re, Hh, Gll^Fp, Mm^Xm, Mm^Xm, Mm^Xm, Mm^Xm, Mm^Xm, Mm^Xm, Mm^Xm, Mm^Xm, Mm^Xm, Mm^Xm, Mm^Xm, Mm^Xm, Mm^Xm, Mm^Xm, Mm^Xm, Mm^Xm, Mm^Xm, Mm^Xm, Mm^Xm, Gll^Fp, Gll^Fp, Mm^Xm, Mm^Xm, Mm^Xm, Mm^Xm, Mm^Xm, Mm^Xm, Mm^Xm, Mm^Xm, Mm^Xm, Mm^Xm, Mm^Xm, Mm^Xm, Mm^Xm, Wog, Wog, Wog, Wog, Gg, Gg, Gg, Gg, Gg, Gg, Gg, Gg, Mm^Xm, Mm^Xm, Mm^Xm, Mm^Xm
Mm^Xm, Mm^Xm, Mm^Xm, Mm^Xm, Mm^Xm, Mm^Xm, Mm^Xm, Gll^Fp, Gll^Fp, Hh, Gll^Fp, Mm^Xm, Mm^Xm, Mm^Xm, Mm^Xm, Mm^Xm, Mm^Xm, Mm^Xm, Mm^Xm, Mm^Xm, Mm^Xm, Mm^Xm, Mm^Xm, Mm^Xm, Mm^Xm, Mm^Xm, Mm^Xm, Mm^Xm, Mm^Xm, Mm^Xm, Mm^Xm, Mm^Xm, Mm^Xm, Mm^Xm, Mm^Xm, Mm^Xm, Mm^Xm, Mm^Xm, Mm^Xm, Mm^Xm, Mm^Xm, Mm^Xm, Mm^Xm, Mm^Xm, Wog, Wog, Wog, Wog, Gg, Gg, Gg, Gg, Gg, Gg, Gg, Gg, Gg, Gg, Mm^Xm, Mm^Xm, Mm^Xm, Mm^Xm
Mm^Xm, Mm^Xm, Mm^Xm, Mm^Xm, Mm^Xm, Mm^Xm, Mm^Xm, Mm^Xm, Mm^Xm, Gll^Fp, Mm^Xm, Mm^Xm, Mm^Xm, Mm^Xm, Mm^Xm, Mm^Xm, Mm^Xm, Mm^Xm, Mm^Xm, Mm^Xm, Mm^Xm, Mm^Xm, Mm^Xm, Mm^Xm, Mm^Xm, Mm^Xm, Mm^Xm, Mm^Xm, Mm^Xm, Mm^Xm, Mm^Xm, Mm^Xm, Mm^Xm, Mm^Xm, Mm^Xm, Mm^Xm, Mm^Xm, Mm^Xm, Mm^Xm, Mm^Xm, Mm^Xm, Mm^Xm, Wog, Wog, Wog, Wog, Gg, Gg, Gg, Gg, Gg, Gg, Gg, Gg, Gg, Gg, Gg, Gg, Mm^Xm, Mm^Xm, Mm^Xm, Mm^Xm
