Mm^Xm, Mm^Xm, Mm^Xm, Mm^Xm, Mm^Xm, Mm^Xm, Mm^Xm, Mm^Xm, Qxe, Qxe, Qxe, Qxe, Mm^Xm, Mm^Xm, Mm^Xm, Mm^Xm, Mm^Xm, Mm^Xm, Mm^Xm, Mm^Xm, Mm^Xm, Mm^Xm, Mm^Xm, Mm^Xm, Mm^Xm, Mm^Xm, Mm^Xm, Mm^Xm
Mm^Xm, Mm^Xm, Mm^Xm, Mm^Xm, Mm^Xm, Mm^Xm, Gll^Fp, Mm^Xm, Qxe, Qxe, Qxe, Qxe, Mm^Xm, Mm^Xm, Mm^Xm, Mm^Xm, Mm^Xm, Mm^Xm, Mm^Xm, Mm^Xm, Mm^Xm, Mm^Xm, Mm^Xm, Mm^Xm, Mm^Xm, Mm^Xm, Mm^Xm, Mm^Xm
Mm^Xm, Mm^Xm, Mm^Xm, Mm^Xm, Mm^Xm, Mm^Xm, Gll^Fp, Mm^Xm, Gll^Fp, Qxe, Qxe, Qxe, Mm^Xm, Mm^Xm, Mm^Xm, Mm^Xm, Mm^Xm, Mm^Xm, Mm^Xm, Mm^Xm, Mm^Xm, Mm^Xm, Mm^Xm, Mm^Xm, Mm^Xm, Mm^Xm, Mm^Xm, Mm^Xm
Mm^Xm, Mm^Xm, Mm^Xm, Mm^Xm, Mm^Xm, Mm^Xm, Re, Re, Re, Qxe, Qxe, Qxe, Mm^Xm, Mm^Xm, Mm^Xm, Mm^Xm, Mm^Xm, Mm^Xm, Mm^Xm, Mm^Xm, Mm^Xm, Mm^Xm, Mm^Xm, Mm^Xm, Mm^Xm, Mm^Xm, Mm^Xm, Mm^Xm
Mm^Xm, Mm^Xm, Mm^Xm, Mm^Xm, Mm^Xm, Mm^Xm, Gll^Fp, Rr^Vd, Gg, Qxe, Qxe, Qxe, Mm^Xm, Mm^Xm, Mm^Xm, Mm^Xm, Mm^Xm, Mm^Xm, Mm^Xm, Mm^Xm, Mm^Xm, Mm^Xm, Mm^Xm, Mm^Xm, Mm^Xm, Mm^Xm, Mm^Xm, Mm^Xm
Mm^Xm, Mm^Xm, Mm^Xm, Mm^Xm, Mm^Xm, Mm^Xm, Mm^Xm, Gg, Re, Qxe, Qxe, Qxe, Qxe, Mm^Xm, Mm^Xm, Mm^Xm, Mm^Xm, Mm^Xm, Mm^Xm, Mm^Xm, Mm^Xm, Mm^Xm, Mm^Xm, Mm^Xm, Mm^Xm, Mm^Xm, Mm^Xm, Mm^Xm
Mm^Xm, Mm^Xm, Mm^Xm, Mm^Xm, Mm^Xm, Mm^Xm, Mm^Xm, Mm^Xm, Re, Qxe, Qxe, Qxe, Qxe, Mm^Xm, Mm^Xm, Mm^Xm, Mm^Xm, Mm^Xm, Mm^Xm, Mm^Xm, Mm^Xm, Mm^Xm, Mm^Xm, Mm^Xm, Mm^Xm, Mm^Xm, Mm^Xm, Mm^Xm
Mm^Xm, Mm^Xm, Mm^Xm, Mm^Xm, Mm^Xm, Mm^Xm, Gll^Fp, Mm^Xm, Re, Gll^Fp, Qxe, Qxe, Qxe, Mm^Xm, Mm^Xm, Mm^Xm, Mm^Xm, Mm^Xm, Mm^Xm, Mm^Xm, Gll^Fp, Mm^Xm, Mm^Xm, Mm^Xm, Gll^Fp, Mm^Xm, Mm^Xm, Mm^Xm
Mm^Xm, Mm^Xm, Mm^Xm, Mm^Xm, Mm^Xm, Gll^Fp, Re, Re, Gll^Fp, Gll^Fp, Qxe, Qxe, Qxe, Mm^Xm, Mm^Xm, Mm^Xm, Gll^Fp, Gg, Re, Re, Re, Re, Re, Re, Re, Gll^Fp, Gll^Fp, Mm^Xm
Mm^Xm, Mm^Xm, Mm^Xm, Mm^Xm, Mm^Xm, Re, Gll^Fp, Gll^Fp, Qxe, Qxe, Qxe, Qxe, Qxe, Mm^Xm, Mm^Xm, Mm^Xm, Re, Re, Mm^Xm, Gll^Fp, Gll^Fp, Gll^Fp, Mm^Xm, Gll^Fp, Mm^Xm, Re, Gll^Fp, Mm^Xm
Mm^Xm, Mm^Xm, Mm^Xm, Mm^Xm, Mm^Xm, Re, Mm^Xm, Gll^Fp, Qxe, Qxe, Qxe, Qxe, Mm^Xm, Mm^Xm, Mm^Xm, Mm^Xm, Re, Mm^Xm, Gll^Fp, Mm^Xm, Mm^Xm, Gll^Fp, Mm^Xm, Mm^Xm, Re, Re, Mm^Xm, Mm^Xm
Gll^Fp, Mm^Xm, Mm^Xm, Mm^Xm, Mm^Xm, Re, Mm^Xm, Mm^Xm, Qxu^Bh/, Gg, Re, Gll^Fp, Re, Gll^Fp, Mm^Xm, Mm^Xm, Re, Mm^Xm, Mm^Xm, Mm^Xm, Mm^Xm, Mm^Xm, Re, Re, Mm^Xm, Mm^Xm, Mm^Xm, Mm^Xm
Re, Re, Rr^Pw/, Mm^Xm, Re, Re, Gg, Gg, Qxe, Qxe, Gll^Fp, Re, Mm^Xm, Re, Mm^Xm, Re, Mm^Xm, Mm^Xm, Mm^Xm, Mm^Xm, Gll^Fp, Gll^Fp, Re, Mm^Xm, Gll^Fp, Gll^Fp, Mm^Xm, Mm^Xm
Re, Re, Qxe, Re, Gll^Fp, Gg, Qxe, Qxe, Mm^Xm, Mm^Xm, Mm^Xm, Gg, Mm^Xm, Re, Re, Re, Mm^Xm, Mm^Xm, Mm^Xm, Mm^Xm, Mm^Xm, Gll^Fp, Re, Re, Gll^Fp, Gg, Gll^Fp, Mm^Xm
Qxe, Qxe, Qxe, Qxe, Qxe, Qxe, Mm^Xm, Mm^Xm, Mm^Xm, Mm^Xm, Mm^Xm, Ch, Ch, Mm^Xm, Mm, Mm^Xm, Mm^Xm, Mm^Xm, Mm^Xm, Mm^Xm, Mm^Xm, Mm^Xm, Ch, Mm^Xm, Mm^Xm, Gg, Mm^Xm, Mm^Xm
Gs, Qxe, Gll^Fp, Qxe, Qxe, Qxe, Mm^Xm, Mm^Xm, Mm^Xm, Mm^Xm, Gll^Fp, Kh, Gll^Fp, Mm^Xm, Mm, Mm^Xm, Mm^Xm, Mm^Xm, Mm^Xm, Mm^Xm, Mm^Xm, Mm^Xm, Kh, Mm^Xm, Mm^Xm, Mm^Xm, Mm^Xm, Mm^Xm
Qxe, Qxe, Gll^Fp, Qxe, Qxe, Qxe, Mm^Xm, Mm^Xm, Mm^Xm, Mm^Xm, Mm^Xm, Gll^Fp, Mm^Xm, Mm, Mm^Xm, Mm^Xm, Mm^Xm, Mm^Xm, Mm^Xm, Mm^Xm, Mm^Xm, Mm^Xm, Ch, Mm^Xm, Mm^Xm, Mm^Xm, Mm^Xm, Mm^Xm
Mm^Xm, Gll^Fp, Qxe, Qxe, Qxe, Mm^Xm, Mm^Xm, Mm^Xm, Mm^Xm, Mm^Xm, Mm^Xm, Mm^Xm, Mm^Xm, Mm^Xm, Mm^Xm, Mm^Xm, Mm^Xm, Mm^Xm, Mm^Xm, Mm^Xm, Rrc, Ch, Rrc, Ch, Rrc, Mm^Xm, Mm^Xm, Mm^Xm
