Ha^Zfa, Ha^Zfa, Ha^Zfa, Ha^Zfa, Ha^Zfa, Ha^Zfa, Ha^Zfa, Ha^Zfa, Ha^Zfa, Ha^Zfa, Ha^Zfa, Ha^Zfa, Ha^Zfa, Xu, Ai, Ai, Ai, Xu, Ha^Zfa, Ha^Zfa, Ha^Zfa
Ha^Zfa, Ha^Zfa, Ha^Zfa, Ha^Zfa, Ha^Zfa, Ha^Zfa, Ha^Zfa, Ha^Zfa, Ha^Zfa, Ha^Zfa, Ha^Zfa, Ha^Zfa, Ha^Zfa, Xu, Xu, Ai, Ai, Xu, Ha^Zfa, Ha^Zfa, Ha^Zfa
Ha^Zfa, Ha^Zfa, Ha^Zfa, Ha^Zfa, Ha^Zfa, Ha^Zfa, Ha^Zfa, Ha^Zfa, Ha^Zfa, Ha^Zfa, Ha^Zfa, Ha^Zfa, Ha^Zfa, Ha^Zfa, Ha^Zfa, Xu, Aa^Fma, Xu, Ha^Zfa, Ha^Zfa, Ha^Zfa
Ha^Zfa, Ha^Zfa, Ha^Zfa, Ha^Zfa, Ha^Zfa, Ha^Zfa, Ha^Zfa, Ha^Zfa, Ha^Zfa, Ha^Zfa, Ha^Zfa, Ha^Zfa, Aa^Fma, Aa^Fma, Aa^Fma, Cea, Kea, Cea, Aa^Fma, Ha^Zfa, Ha^Zfa
Ha^Zfa, Ha^Zfa, Ha^Zfa, Ha^Zfa, Ha^Zfa, Ha^Zfa, Ha^Zfa, Ha^Zfa, Ha^Zfa, Aa^Fma, Ha^Zfa, Aa^Fma, Aa^Fma, Aa^Fma, Rb, Cea, Aa^Fma, Cea, Aa^Fma, Ha^Zfa, Ha^Zfa
Ha^Zfa, Ha^Zfa, Ha^Zfa, Ha^Zfa, Ha^Zfa, Ha^Zfa, Ha^Zfa, Ha^Zfa, Ha^Zfa, Aa^Fma, Ha^Zfa, Aa^Fma, Rb, Rb, Aa^Fma, Aa^Fma, Aa^Fma, Aa^Fma, Aa^Fma, Ha^Zfa, Ha^Zfa
Ha^Zfa, Ha^Zfa, Ha^Zfa, Ha^Zfa, Ha^Zfa, Ha^Zfa, Ha^Zfa, Ha^Zfa, Ha^Zfa, Aa^Fma, Rb, Ha^Zfa, Rb, Rb, Aa^Fma, Aa^Fma, Aa^Fma, Aa^Fma, Ha^Zfa, Ha^Zfa, Ha^Zfa
Ha^Zfa, Ha^Zfa, Ha^Zfa, Ha^Zfa, Ha^Zfa, Ha^Zfa, Ha^Zfa, Ha^Zfa, Ha^Zfa, Rb, Aa^Fma, Rb, Rb, Rb, Ha^Zfa, Ha^Zfa, Ha^Zfa, Ha^Zfa, Ha^Zfa, Ha^Zfa, Ha^Zfa
Ha^Zfa, Ha^Zfa, Ha^Zfa, Ha^Zfa, Ha^Zfa, Ha^Zfa, Ha^Zfa, Ha^Zfa, Ha^Zfa, Rb, Rb, Aa^Fma, Aa^Fma, Ha^Zfa, Ha^Zfa, Ha^Zfa, Ha^Zfa, Ha^Zfa, Ha^Zfa, Ha^Zfa, Ha^Zfa
Ha^Zfa, Ha^Zfa, Ha^Zfa, Ha^Zfa, Ha^Zfa, Ha^Zfa, Ha^Zfa, Ha^Zfa, Ha^Zfa, Aa^Fma, Rb, Aa^Fma, Aa^Fma, Ha^Zfa, Ha^Zfa, Ha^Zfa, Ha^Zfa, Ha^Zfa, Ha^Zfa, Ha^Zfa, Gg
Ha^Zfa, Ha^Zfa, Ha^Zfa, Ha^Zfa, Ha^Zfa, Ha^Zfa, Ha^Zfa, Ha^Zfa, Ha^Zfa, Ha^Zfa, Aa^Fma, Aa^Fma, Aa^Fma, Aa^Fma, Ha^Zfa, Ha^Zfa, Ha^Zfa, Ha^Zfa, Ha^Zfa, Ha^Zfa, Ha^Zfa
Ha^Zfa, Ha^Zfa, Ha^Zfa, Ha^Zfa, Ha^Zfa, Ha^Zfa, Ha^Zfa, Ha^Zfa, Aa^Fma, Aa^Fma, Cea, Aa^Fma, Aa^Fma, Aa^Fma, Ha^Zfa, Ha^Zfa, Ha^Zfa, Ha^Zfa, Ha^Zfa, Ha^Zfa, Ha^Zfa
Ha^Zfa, Ha^Zfa, Ha^Zfa, Ha^Zfa, Ha^Zfa, Ha^Zfa, Aa^Fpa, Ha^Zfa, Ha^Zfa, Cea, Cea^Vla, Cea, Aa^Fma, Aa^Fma, Ha^Zfa, Ha^Zfa, Ha^Zfa, Ha^Zfa, Ha^Zfa, Ha^Zfa, Ha^Zfa
Ha^Zfa, Ha^Zfa, Ha^Zfa, Ha^Zfa, Ha^Zfa, Ha^Zfa, Ha^Zfa, Aa^Fma, Ha, Cea, Cea, Cea, Ha^Zfa, Ha^Zfa, Ha^Zfa, Ha^Zfa, Ha^Zfa, Ha^Zfa, Ha^Zfa, Ha^Zfa, Ha^Zfa
Ha^Zfa, Ha^Zfa, Ha^Zfa, Ha^Zfa, Ha^Zfa, Ha^Zfa, Ha^Zfa, Aa^Fma, Aa^Fma, Aa^Fma, Aa^Fma, Aa^Fma, Ha^Zfa, Ha^Zfa, Ha^Zfa, Ha^Zfa, Ha^Zfa, Ha^Zfa, Ha^Zfa, Ha^Zfa, Ha^Zfa
Ha^Zfa, Ha^Zfa, Ha^Zfa, Ha^Zfa, Ha^Zfa, Ha^Zfa, Ha^Zfa, Ha^Zfa, Rb, Rb, Aa^Fma, Aa^Fma, Ha^Zfa, Ha^Zfa, Ha^Zfa, Ha^Zfa, Ha^Zfa, Ha^Zfa, Ha^Zfa, Ha^Zfa, Ha^Zfa
Ha^Zfa, Ha^Zfa, Ha^Zfa, Ha^Zfa, Aa^Fma, Ha^Zfa, Aa^Fma, Aa^Fma, Ha^Zfa, Aa^Fma, Aa^Fma, Aa^Fma, Ha^Zfa, Ha^Zfa, Ha^Zfa, Ha^Zfa, Ha^Zfa, Ha^Zfa, Ha^Zfa, Ha^Zfa, Ha^Zfa
Ha^Zfa, Ha^Zfa, Ha^Zfa, Ha^Zfa, Aa^Fma, Aa^Fma, Aa^Fma, Ha^Zfa, Ha^Zfa, Aa^Fma, Ha^Zfa, Ha^Zfa, Ha^Zfa, Ha^Zfa, Ha^Zfa, Ha^Zfa, Ha^Zfa, Ha^Zfa, Ha^Zfa, Ha^Zfa, Ha^Zfa
Ha^Zfa, Ha^Zfa, Aa^Fma, Aa^Fma, Rb, Aa^Fma, Rb, Aa^Fma, Ha^Zfa, Ha^Zfa, Ha^Zfa, Ha^Zfa, Ha^Zfa, Ha^Zfa, Ha^Zfa, Ha^Zfa, Ha^Zfa, Ha^Zfa, Ha^Zfa, Ha^Zfa, Ha^Zfa
Ha^Zfa, Ha^Zfa, Ha^Zfa, Aa^Fma, Rb, Rb, Ha^Zfa, Ha^Zfa, Ha^Zfa, Ha^Zfa, Ha^Zfa, Ha^Zfa, Ha^Zfa, Ha^Zfa, Ha^Zfa, Ha^Zfa, Ha^Zfa, Ha^Zfa, Ha^Zfa, Ha^Zfa, Ha^Zfa
Ha^Zfa, Ha^Zfa, Ha^Zfa, Rb, Ha^Zfa, Ha^Zfa, Ha^Zfa, Ha^Zfa, Ha^Zfa, Ha^Zfa, Ha^Zfa, Ha^Zfa, Ha^Zfa, Ha^Zfa, Ha^Zfa, Ha^Zfa, Ha^Zfa, Ha^Zfa, Ha^Zfa, Ha^Zfa, Ha^Zfa
Ha^Zfa, Ha^Zfa, Xu, Ur, Xu, Ha^Zfa, Ha^Zfa, Ha^Zfa, Gg, Ha^Zfa, Ha^Zfa, Ha^Zfa, Gg, Ha^Zfa, Gg, Ha^Zfa, Ha^Zfa, Ha^Zfa, Ha^Zfa, Ha^Zfa, Ha^Zfa
