Gll^Fp, Gll^Fp, Gll^Fp, Gll^Fp, Gll^Fp, Gll^Fp, Gll^Fp, Gll^Fp, Gll^Fp, Gll^Fp, Gll^Fp, Gll^Fp, Gll^Fp, Gll^Fp, Gll^Fp, Gll^Fp, Gll^Fp, Gll^Fp, Gll^Fp, Gll^Fp, Gll^Fp, Gll^Fp, Gll^Fp, Gll^Fp, Gll^Fp, Gll^Fp, Gll^Fp, Gll^Fp, Gll^Fp, Gll^Fp, Gll^Fp, Gll^Fp, Gll^Fp
Gll^Fp, Gll^Fp, Gll^Fp, Gll^Fp, Gll^Fp, Gll^Fp, Gll^Fp, Gll^Fp, Gll^Fp, Gll^Fp, Gll^Fp, Gll^Fp, Gll^Fp, Gll^Fp, Gll^Fp, Gll^Fp, Gll^Fp, Gll^Fp, Gll^Fp, Gll^Fp, Gll^Fp, Gll^Fp, Gll^Fp, Gll^Fp, Gll^Fp, Gll^Fp, Gll^Fp, Gll^Fp, Gll^Fp, Gll^Fp, Gll^Fp, Gll^Fp, Gll^Fp
Gll^Fp, Gll^Fp, Gll^Fp, Gll^Fp, Gll^Fp, Gll^Fp, Gll^Fp, Gll^Fp, Gll^Fp, Gll^Fp, Gll^Fp, Gll^Fp, Gll^Fp, Gll^Fp, Gll^Fp, Gll^Fp, Gll^Fp, Gll^Fp, Gll^Fp, Gll^Fp, Gll^Fp, Gll^Fp, Gll^Fp, Gll^Fp, Gll^Fp, Gll^Fp, Gll^Fp, Gll^Fp, Gll^Fp, Gll^Fp, Gll^Fp, Gll^Fp, Gll^Fp
Gll^Fp, Gll^Fp, Gll^Fp, Gll^Fp, Gll^Fp, Gll^Fp, Gll^Fp, Gll^Fp, Gll^Fp, Gll^Fp, Gll^Fp, Gll^Fp, Gll^Fp, Gll^Fp, Gll^Fp, Gll^Fp, Gll^Fp, Gll^Fp, Gll^Fp, Gll^Fp, Gll^Fp, Gll^Fp, Gll^Fp, Gll^Fp, Gll^Fp, Gll^Fp, Gll^Fp, Gll^Fp, Gll^Fp, Gll^Fp, Gll^Fp, Gll^Fp, Gll^Fp
Gll^Fp, Gll^Fp, Gll^Fp, Gll^Fp, Gll^Fp, Gll^Fp, Gll^Fp, Gll^Fp, Gll^Fp, Gll^Fp, Gll^Fp, Gll^Fp, Gll^Fp, Gll^Fp, Gll^Fp, Gll^Fp, Gll^Fp, Gll^Fp, Gll^Fp, Gll^Fp, Gll^Fp, Gll^Fp, Gll^Fp, Gll^Fp, Gll^Fp, Gll^Fp, Gll^Fp, Gll^Fp, Gll^Fp, Gll^Fp, Gll^Fp, Gll^Fp, Gll^Fp
Gll^Fp, Gll^Fp, Gll^Fp, Gll^Fp, Gll^Fp, Gll^Fp, Gll^Fp, Gll^Fp, Gll^Fp, Gll^Fp, Gll^Fp, Gll^Fp, Gll^Fp, Gll^Fp, Gll^Fp, Gll^Fp, Xu^Efs, Gll^Fp, Gll^Fp, Gll^Fp, Gll^Fp, Gll^Fp, Gll^Fp, Gll^Fp, Gll^Fp, Gll^Fp, Gll^Fp, Gll^Fp, Gll^Fp, Gll^Fp, Gll^Fp, Gll^Fp, Gll^Fp
Gll^Fp, Gll^Fp, Gll^Fp, Gll^Fp, Gll^Fp, Gll^Fp, Gll^Fp, Gll^Fp, Gll^Fp, Gll^Fp, Gll^Fp, Gll^Fp, Gll^Fp, Gll^Fp, Xu^Efs, Xu^Efs, Uu, Xu^Efs, Xu, Gll^Fp, Gll^Fp, Gll^Fp, Gll^Fp, Gll^Fp, Gll^Fp, Gll^Fp, Gll^Fp, Gll^Fp, Gll^Fp, Gll^Fp, Gll^Fp, Gll^Fp, Gll^Fp
Gll^Fp, Gll^Fp, Gll^Fp, Gll^Fp, Gll^Fp, Gll^Fp, Gll^Fp, Gll^Fp, Gll^Fp, Gll^Fp, Gll^Fp, Gll^Fp, Xu^Efs, Xu^Efs, Uu, Uu, Ur, Uu, Xu, Gll^Fp, Gll^Fp, Gll^Fp, Gll^Fp, Gll^Fp, Gll^Fp, Gll^Fp, Gll^Fp, Gll^Fp, Gll^Fp, Gll^Fp, Gll^Fp, Gll^Fp, Gll^Fp
Gll^Fp, Gll^Fp, Gll^Fp, Gll^Fp, Gll^Fp, Gll^Fp, Gll^Fp, Gll^Fp, Gll^Fp, Gll^Fp, Gll^Fp, Xu, Uu, Ce, Ke, Ce, Uu, Xu, Gll^Fp, Gll^Fp, Gll^Fp, Gll^Fp, Gll^Fp, Gll^Fp, Gll^Fp, Gll^Fp, Gll^Fp, Gll^Fp, Gll^Fp, Gll^Fp, Gll^Fp, Gll^Fp, Gll^Fp
Gll^Fp, Gll^Fp, Gll^Fp, Gll^Fp, Gll^Fp, Gll^Fp, Gll^Fp, Gll^Fp, Gll^Fp, Gll^Fp, Gll^Fp, Xu, Uu, Ce, Ur, Ce, Xu^Efs, Xu, Gll^Fp, Gll^Fp, Gll^Fp, Gll^Fp, Gll^Fp, Gll^Fp, Gll^Fp, Gll^Fp, Gll^Fp, Gll^Fp, Gll^Fp, Gll^Fp, Gll^Fp, Gll^Fp, Gll^Fp
Gll^Fp, Gll^Fp, Gll^Fp, Gll^Fp, Gll^Fp, Gll^Fp, Gll^Fp, Gll^Fp, Gll^Fp, Gll^Fp, Gll^Fp, Xu, Uu, Ur, Uu, Uu, Uu, Xu, Gll^Fp, Gll^Fp, Gll^Fp, Gll^Fp, Gll^Fp, Gll^Fp, Gll^Fp, Gll^Fp, Gll^Fp, Gll^Fp, Gll^Fp, Gll^Fp, Gll^Fp, Gll^Fp, Gll^Fp
Gll^Fp, Gll^Fp, Gll^Fp, Gll^Fp, Gll^Fp, Gll^Fp, Gll^Fp, Gll^Fp, Gll^Fp, Gll^Fp, Gll^Fp, Xu, Uu, Ur, Ur, Ur, Xu, Xu, Gll^Fp, Gll^Fp, Gll^Fp, Gll^Fp, Gll^Fp, Gll^Fp, Gll^Fp, Gll^Fp, Gll^Fp, Gll^Fp, Gll^Fp, Gll^Fp, Gll^Fp, Gll^Fp, Gll^Fp
Gll^Fp, Gll^Fp, Gll^Fp, Gll^Fp, Gll^Fp, Gll^Fp, Gll^Fp, Gll^Fp, Gll^Fp, Gll^Fp, Gll^Fp, Xu, Ur, Ur, Uu, Xu, Gll^Fp, Gll^Fp, Gll^Fp, Gll^Fp, Gll^Fp, Gll^Fp, Gll^Fp, Gll^Fp, Gll^Fp, Gll^Fp, Gll^Fp, Gll^Fp, Gll^Fp, Gll^Fp, Gll^Fp, Gll^Fp, Gll^Fp
Gll^Fp, Gll^Fp, Gll^Fp, Gll^Fp, Gll^Fp, Gll^Fp, Gll^Fp, Gll^Fp, Mm^Xm, Gll^Fp, Gll^Fp, Xu, Uu, Ur, Uu, Xu, Gll^Fp, Gll^Fp, Gll^Fp, Gll^Fp, Gll^Fp, Gll^Fp, Gll^Fp, Gll^Fp, Gll^Fp, Gll^Fp, Gll^Fp, Gll^Fp, Gll^Fp, Gll^Fp, Gll^Fp, Gll^Fp, Gll^Fp
Gll^Fp, Gll^Fp, Gll^Fp, Gll^Fp, Gll^Fp, Gll^Fp, Gll^Fp, Mm^Xm, Gll^Fp, Mm^Xm, Mm^Xm, Xu, Ur, Ur, Xu, Xu, Gll^Fp, Gll^Fp, Gll^Fp, Gll^Fp, Gll^Fp, Gll^Fp, Gll^Fp, Gll^Fp, Gll^Fp, Gll^Fp, Gll^Fp, Gll^Fp, Gll^Fp, Gll^Fp, Gll^Fp, Gll^Fp, Gll^Fp
Gll^Fp, Gll^Fp, Gll^Fp, Gll^Fp, Gll^Fp, Gll^Fp, Gll^Fp, Mm^Xm, Mm^Xm, Gll^Fp, Gll^Fp, Mm^Xm, Rb, Uu, Mm^Xm, Xu, Mm^Xm, Gll^Fp, Gll^Fp, Gll^Fp, Gll^Fp, Gll^Fp, Gll^Fp, Gll^Fp, Gll^Fp, Gll^Fp, Gll^Fp, Gll^Fp, Gll^Fp, Gll^Fp, Gll^Fp, Gll^Fp, Gll^Fp
Gll^Fp, Gll^Fp, Gll^Fp, Gll^Fp, Gll^Fp, Gll^Fp, Gll^Fp, Mm^Xm, Gll^Fp, Mm^Xm, Rb, Gll^Fp, Rb^Ebn, Gll^Fp, Gll^Fp, Mm^Xm, Gll^Fp, Mm^Xm, Gll^Fp, Gll^Fp, Gll^Fp, Gll^Fp, Gll^Fp, Gll^Fp, Gll^Fp, Gll^Fp, Gll^Fp, Gll^Fp, Gll^Fp, Gll^Fp, Gll^Fp, Gll^Fp, Gll^Fp
Gll^Fp, Gll^Fp, Gll^Fp, Gll^Fp, Gll^Fp, Gll^Fp, Gll^Fp, Hh^Zfx, Gll^Fp, Gll^Fp, Rb, Rb, Rb, Rb, Gll^Fp, Gll^Fp, Hh^Zfx, Mm^Xm, Gll^Fp, Gll^Fp, Gll^Fp, Gll^Fp, Gll^Fp, Gll^Fp, Gll^Fp, Gll^Fp, Gll^Fp, Gll^Fp, Gll^Fp, Gll^Fp, Gll^Fp, Gll^Fp, Gll^Fp
Gll^Fp, Gll^Fp, Gll^Fp, Gll^Fp, Gll^Fp, Gll^Fp, Gll^Fp, Hh^Zfx, Hh^Zfx, Gll^Fp, Rb, Gll^Fp, Gll^Fp, Rb, Gll^Fp, Gll^Fp, Hh^Zfx, Gll^Fp, Gll^Fp, Gll^Fp, Gll^Fp, Gll^Fp, Gll^Fp, Gll^Fp, Gll^Fp, Gll^Fp, Gll^Fp, Gll^Fp, Gll^Fp, Gll^Fp, Gll^Fp, Gll^Fp, Gll^Fp
Gll^Fp, Gll^Fp, Gll^Fp, Gll^Fp, Gll^Fp, Gll^Fp, Gll^Fp, Gll^Fp, Hh^Zfx, Gll^Fp, Rb, Hh, Gll^Fp, Gll^Fp, Gll^Fp, Hh^Zfx, Hh^Zfx, Gll^Fp, Gll^Fp, Gll^Fp, Gll^Fp, Gll^Fp, Gll^Fp, Gll^Fp, Gll^Fp, Gll^Fp, Gll^Fp, Gll^Fp, Gll^Fp, Gll^Fp, Gll^Fp, Gll^Fp, Gll^Fp
Gll^Fp, Gll^Fp, Gll^Fp, Gll^Fp, Gll^Fp, Gll^Fp, Gll^Fp, Gll^Fp, Hh^Zfx, Gll^Fp, Gll^Fp, Rb, Hh, Gll^Fp, Gll^Fp, Hh^Zfx, Hh^Zfx, Gll^Fp, Gll^Fp, Gll^Fp, Gll^Fp, Gll^Fp, Gll^Fp, Gll^Fp, Gll^Fp, Gll^Fp, Gll^Fp, Gll^Fp, Gll^Fp, Gll^Fp, Gll^Fp, Gll^Fp, Gll^Fp
Gll^Fp, Gll^Fp, Gll^Fp, Gll^Fp, Gll^Fp, Gll^Fp, Gll^Fp, Gll^Fp, Hh^Zfx, Gll^Fp, Gll^Fp, Rb^Ebn, Gll^Fp, Gll^Fp, Gll^Fp, Hh^Zfx, Hh^Zfx, Gll^Fp, Gll^Fp, Gll^Fp, Gll^Fp, Gll^Fp, Gll^Fp, Gll^Fp, Gll^Fp, Gll^Fp, Gll^Fp, Gll^Fp, Gll^Fp, Gll^Fp, Gll^Fp, Gll^Fp, Gll^Fp
Gll^Fp, Gll^Fp, Gll^Fp, Gll^Fp, Gll^Fp, Gll^Fp, Gll^Fp, Hh^Zfx, Gll^Fp, Gll^Fp, Gll^Fp, Rb, Gll^Fp, Gll^Fp, Gll^Fp, Hh^Zfx, Hh^Zfx, Gll^Fp, Hh^Zfx, Hh^Zfx, Hh^Zfx, Gll^Fp, Hh^Zfx, Gll^Fp, Gll^Fp, Gll^Fp, Gll^Fp, Gll^Fp, Gll^Fp, Gll^Fp, Gll^Fp, Gll^Fp, Hh^Zfx
Hh^Zfx, Hh^Zfx, Hh^Zfx, Hh^Zfx, Hh^Zfx, Hh^Zfx, Hh^Zfx, Hh^Zfx, Gll^Fp, Gll^Fp, Rb, Rb, Gll^Fp, Gll^Fp, Gll^Fp, Gll^Fp, Gll^Fp, Hh^Zfx, Gll^Fp, Hh^Zfx, Gll^Fp, Hh^Zfx, Gll^Fp, Hh^Zfx, Hh^Zfx, Hh^Zfx, Hh^Zfx, Gll^Fp, Hh^Zfx, Gll^Fp, Hh^Zfx, Hh^Zfx, Gll^Fp
Rb, Gll^Fp, Rb, Gll^Fp, Rb^Ebn, Gll^Fp, Rb, Gll^Fp, Rb^Ebn, Gll^Fp, Gll^Fp, Rb, Rb^Ebn, Gll^Fp, Gll^Fp, Gll^Fp, Gll^Fp, Gll^Fp, Gll^Fp, Gll^Fp, Gll^Fp, Gll^Fp, Gll^Fp, Gll^Fp, Gll^Fp, Gll^Fp, Gll^Fp, Hh^Zfx, Gll^Fp, Hh^Zfx, Gll^Fp, Gll^Fp, Gll^Fp
Hh^Zfx, Rb, Hh^Zfx, Rb, Gll^Fp, Rb, Gll^Fp, Rb, Gll^Fp, Rb, Rb, Rb, Gll^Fp, Rb, Rb, Gll^Fp, Rb^Ebn, Rb, Rb, Rb, Rb^Ebn, Gll^Fp, Gll^Fp, Gll^Fp, Gll^Fp, Gll^Fp, Gll^Fp, Gll^Fp, Gll^Fp, Gll^Fp, Gll^Fp, Gll^Fp, Gll^Fp
Gll^Fp, Hh^Zfx, Gll^Fp, Hh^Zfx, Hh^Zfx, Hh^Zfx, Hh^Zfx, Gll^Fp, Gll^Fp, Gll^Fp, Gll^Fp, Rb, Gll^Fp, Gll^Fp, Gll^Fp, Rb, Gll^Fp, Gll^Fp, Gll^Fp, Gll^Fp, Rb, Gll^Fp, Rb, Rb, Rb, Gll^Fp, Rb, Gll^Fp, Rb, Ce, Ke, Ce, Rb
Gll^Fp, Gll^Fp, Gll^Fp, Gll^Fp, Gll^Fp, Gll^Fp, Gll^Fp, Hh^Zfx, Gll^Fp, Gll^Fp, Rb, Rb, Gll^Fp, Gll^Fp, Gll^Fp, Gll^Fp, Gll^Fp, Gll^Fp, Gll^Fp, Gll^Fp, Gll^Fp, Rb, Rb, Rb^Ebn, Rb, Rb, Rb, Rb, Rb, Ce, Gll^Fp, Ce, Gll^Fp
Gll^Fp, Gll^Fp, Gll^Fp, Gll^Fp, Gll^Fp, Gll^Fp, Hh^Zfx, Hh^Zfx, Gll^Fp, Rb, Gll^Fp, Gll^Fp, Hh^Zfx, Gll^Fp, Hh^Zfx, Hh^Zfx, Hh^Zfx, Hh^Zfx, Gll^Fp, Gll^Fp, Gll^Fp, Gll^Fp, Gll^Fp, Rb, Rb, Re^Vct, Rb, Rb, Rb, Rb, Gll^Fp, Gll^Fp, Gll^Fp
Gll^Fp, Gll^Fp, Gll^Fp, Gll^Fp, Gll^Fp, Gll^Fp, Hh^Zfx, Gll^Fp, Rb, Rb, Gll^Fp, Hh^Zfx, Hh^Zfx, Hh^Zfx, Hh^Zfx, Hh^Zfx, Hh^Zfx, Hh^Zfx, Hh^Zfx, Gll^Fp, Gll^Fp, Gll^Fp, Rb, Rb, Rb, Rb, Gll^Fp, Rb^Ecf, Rb, Gll^Fp, Gll^Fp, Gll^Fp, Hh^Zfx
Gll^Fp, Gll^Fp, Gll^Fp, Gll^Fp, Gll^Fp, Gll^Fp, Hh^Zfx, Gll^Fp, Rb, Gll^Fp, Hh^Zfx, Hh^Zfx, Hh^Zfx, Hh^Zfx, Hh^Zfx, Hh^Zfx, Hh^Zfx, Hh^Zfx, Hh^Zfx, Gll^Fp, Gll^Fp, Gll^Fp, Rb, Rb, Rb, Rb, Rb, Rb, Gll^Fp, Gll^Fp, Hh^Zfx, Hh^Zfx, Gll^Fp
Gll^Fp, Gll^Fp, Gll^Fp, Gll^Fp, Gll^Fp, Gll^Fp, Hh^Zfx, Hh, Rb, Gll^Fp, Hh^Zfx, Hh^Zfx, Hh^Zfx, Hh^Zfx, Hh^Zfx, Hh^Zfx, Hh^Zfx, Hh^Zfx, Gll^Fp, Gll^Fp, Rb, Rb, Gll^Fp, Rb, Rb, Rb, Gll^Fp, Gll^Fp, Gll^Fp, Hh^Zfx, Gll^Fp, Gll^Fp, Gll^Fp
Gll^Fp, Gll^Fp, Gll^Fp, Gll^Fp, Gll^Fp, Hh^Zfx, Gll^Fp, Hh, Rb, Gll^Fp, Gll^Fp, Hh^Zfx, Hh^Zfx, Hh^Zfx, Hh^Zfx, Hh^Zfx, Rb, Gll^Fp, Rb, Gll^Fp, Rb, Gll^Fp, Gll^Fp, Gll^Fp, Gll^Fp, Gll^Fp, Gll^Fp, Gll^Fp, Hh^Zfx, Hh^Zfx, Gll^Fp, Gll^Fp, Gll^Fp
Gll^Fp, Gll^Fp, Gll^Fp, Gll^Fp, Hh^Zfx, Hh^Zfx, Gll^Fp, Hh, Gll^Fp, Rb, Rb, Gll^Fp, Gll^Fp, Gll^Fp, Rb, Rb, Gll^Fp, Rb, Hh, Rb, Gll^Fp, Gll^Fp, Gll^Fp, Gll^Fp, Hh^Zfx, Gll^Fp, Hh^Zfx, Hh^Zfx, Gll^Fp, Gll^Fp, Gll^Fp, Gll^Fp, Gll^Fp
Gll^Fp, Gll^Fp, Gll^Fp, Gll^Fp, Mm^Xm, Gll^Fp, Gll^Fp, Gll^Fp, Hh, Gll^Do, Gll^Fp, Rb, Rb, Rb, Gll^Fp, Gll^Fp, Hh, Hh, Gll^Fp, Hh, Hh^Zfx, Gll^Fp, Hh^Zfx, Hh^Zfx, Gll^Fp, Hh^Zfx, Gll^Fp, Gll^Fp, Gll^Fp, Gll^Fp, Gll^Fp, Gll^Fp, Gll^Fp
Gll^Fp, Gll^Fp, Mm^Xm, Gll^Fp, Mm^Xm, Gll^Fp, Gll^Fp, Gll^Fp, Gll^Fp, Hh, Hh, Gll^Fp, Gll^Fp, Hh, Gll^Fp, Gll^Fp, Gll^Fp, Gll^Fp, Hh^Zfx, Hh^Zfx, Gll^Fp, Hh^Zfx, Gll^Fp, Gll^Fp, Gll^Fp, Gll^Fp, Gll^Fp, Gll^Fp, Gll^Fp, Gll^Fp, Gll^Fp, Gll^Fp, Gll^Fp
Gll^Fp, Mm^Xm, Gll^Fp, Mm^Xm, Gll^Fp, Gll^Fp, Gll^Fp, Gll^Fp, Gll^Fp, Gll^Fp, Gll^Fp, Gll^Fp, Gll^Fp, Gll^Fp, Gll^Fp, Gll^Fp, Hh^Zfx, Hh^Zfx, Gll^Fp, Gll^Fp, Gll^Fp, Gll^Fp, Gll^Fp, Gll^Fp, Gll^Fp, Gll^Fp, Gll^Fp, Gll^Fp, Gll^Fp, Gll^Fp, Gll^Fp, Gll^Fp, Gll^Fp
Gll^Fp, Mm^Xm, Gll^Fp, Gll^Fp, Rb, Gll^Fp, Mm^Xm, Hh^Zfx, Hh^Zfx, Hh^Zfx, Hh^Zfx, Hh^Zfx, Hh^Zfx, Hh^Zfx, Hh^Zfx, Hh^Zfx, Gll^Fp, Gll^Fp, Gll^Fp, Gll^Fp, Gll^Fp, Gll^Fp, Gll^Fp, Gll^Fp, Gll^Fp, Gll^Fp, Gll^Fp, Gll^Fp, Gll^Fp, Gll^Fp, Gll^Fp, Gll^Fp, Gll^Fp
Gll^Fp, Mm^Xm, Gll^Fp, Rb, Gll^Fp, Gll^Fp, Mm^Xm, Mm^Xm, Mm^Xm, Mm^Xm, Mm^Xm, Mm^Xm, Hh^Zfx, Hh^Zfx, Hh^Zfx, Hh^Zfx, Gll^Fp, Gll^Fp, Gll^Fp, Gll^Fp, Gll^Fp, Gll^Fp, Gll^Fp, Gll^Fp, Gll^Fp, Gll^Fp, Gll^Fp, Gll^Fp, Gll^Fp, Gll^Fp, Gll^Fp, Gll^Fp, Gll^Fp
Gll^Fp, Mm^Xm, Gll^Fp, Rb, Gll^Fp, Mm^Xm, Mm^Xm, Mm^Xm, Mm^Xm, Mm^Xm, Mm^Xm, Mm^Xm, Mm^Xm, Hh^Zfx, Mm^Xm, Hh^Zfx, Gll^Fp, Gll^Fp, Gll^Fp, Gll^Fp, Gll^Fp, Gll^Fp, Gll^Fp, Gll^Fp, Gll^Fp, Gll^Fp, Gll^Fp, Gll^Fp, Gll^Fp, Gll^Fp, Gll^Fp, Gll^Fp, Gll^Fp
Gll^Fp, Mm^Xm, Gll^Fp, Rb, Rb, Mm^Xm, Rb, Mm^Xm, Rb, Gll^Fp, Gll^Fp, Mm^Xm, Mm^Xm, Mm^Xm, Mm^Xm, Mm^Xm, Gll^Fp, Gll^Fp, Gll^Fp, Gll^Fp, Gll^Fp, Gll^Fp, Gll^Fp, Gll^Fp, Gll^Fp, Gll^Fp, Gll^Fp, Gll^Fp, Gll^Fp, Gll^Fp, Gll^Fp, Gll^Fp, Gll^Fp
Gll^Fp, Mm^Xm, Mm^Xm, Gll^Fp, Gll^Fp, Rb, Mm^Xm, Rb, Gll^Fp, Rb, Gll^Fp, Gll^Fp, Mm^Xm, Mm^Xm, Gll^Fp, Mm^Xm, Gll^Fp, Gll^Fp, Gll^Fp, Gll^Fp, Gll^Fp, Gll^Fp, Gll^Fp, Gll^Fp, Gll^Fp, Gll^Fp, Gll^Fp, Gll^Fp, Gll^Fp, Gll^Fp, Gll^Fp, Gll^Fp, Gll^Fp
Gll^Fp, Gll^Fp, Gll^Fp, Mm^Xm, Mm^Xm, Mm^Xm, Gll^Fp, Mm^Xm, Mm^Xm, Rb, Mm^Xm, Mm^Xm, Gll^Fp, Gll^Fp, Gll^Fp, Hh^Zfx, Gll^Fp, Gll^Fp, Gll^Fp, Gll^Fp, Gll^Fp, Gll^Fp, Gll^Fp, Gll^Fp, Gll^Fp, Gll^Fp, Gll^Fp, Gll^Fp, Gll^Fp, Gll^Fp, Gll^Fp, Gll^Fp, Gll^Fp
Gll^Fp, Gll^Fp, Gll^Fp, Gll^Fp, Mm^Xm, Gll^Fp, Gs, Gll^Fp, Gll^Fp, Rb, Rb, Gll^Fp, Gll^Fp, Gll^Fp, Gll^Fp, Hh^Zfx, Gll^Fp, Gll^Fp, Gll^Fp, Gll^Fp, Gll^Fp, Gll^Fp, Gll^Fp, Gll^Fp, Gll^Fp, Gll^Fp, Gll^Fp, Gll^Fp, Gll^Fp, Gll^Fp, Gll^Fp, Gll^Fp, Gll^Fp
Gll^Fp, Gll^Fp, Gll^Fp, Gll^Fp, Mm^Xm, Gs, Gs, Irs, Gs, Gll^Fp, Gs, Gll^Fp, Hh, Gll^Fp, Gll^Fp, Hh^Zfx, Gll^Fp, Gll^Fp, Gll^Fp, Gll^Fp, Gll^Fp, Gll^Fp, Gll^Fp, Gll^Fp, Gll^Fp, Gll^Fp, Gll^Fp, Gll^Fp, Gll^Fp, Gll^Fp, Gll^Fp, Gll^Fp, Gll^Fp
Gll^Fp, Gll^Fp, Gll^Fp, Gll^Fp, Mm^Xm, Gll^Fp, Xoi, Irs, Xoi, Gs, Xoi, Gs, Hh, Gll^Fp, Gll^Fp, Hh^Zfx, Gll^Fp, Gll^Fp, Gll^Fp, Gll^Fp, Gll^Fp, Gll^Fp, Gll^Fp, Gll^Fp, Gll^Fp, Gll^Fp, Gll^Fp, Gll^Fp, Gll^Fp, Gll^Fp, Gll^Fp, Gll^Fp, Gll^Fp
Gll^Fp, Gll^Fp, Gll^Fp, Mm^Xm, Gll^Fp, Gll^Fp, Xoi, Ch, Ch, Xoi, Irs, Xoi, Gll^Fp, Hh, Gll^Fp, Hh^Zfx, Gll^Fp, Gll^Fp, Gll^Fp, Gll^Fp, Gll^Fp, Gll^Fp, Gll^Fp, Gll^Fp, Gll^Fp, Gll^Fp, Gll^Fp, Gll^Fp, Gll^Fp, Gll^Fp, Gll^Fp, Gll^Fp, Gll^Fp
Gll^Fp, Gll^Fp, Gll^Fp, Mm^Xm, Gll^Fp, Gs, Xoi, Kh, Ch, Irs, Irs, Xoi, Gll^Fp, Gll^Fp, Gll^Fp, Hh^Zfx, Gll^Fp, Gll^Fp, Gll^Fp, Gll^Fp, Gll^Fp, Gll^Fp, Gll^Fp, Gll^Fp, Gll^Fp, Gll^Fp, Gll^Fp, Gll^Fp, Gll^Fp, Gll^Fp, Gll^Fp, Gll^Fp, Gll^Fp
Gll^Fp, Gll^Fp, Gll^Fp, Mm^Xm, Gll^Fp, Gs, Xoi, Ch, Xoi, Xoi, Xoi, Xoi, Gll^Fp, Gll^Fp, Gll^Fp, Hh^Zfx, Gll^Fp, Gll^Fp, Gll^Fp, Gll^Fp, Gll^Fp, Gll^Fp, Gll^Fp, Gll^Fp, Gll^Fp, Gll^Fp, Gll^Fp, Gll^Fp, Gll^Fp, Gll^Fp, Gll^Fp, Gll^Fp, Gll^Fp
Gll^Fp, Gll^Fp, Gll^Fp, Mm^Xm, Gll^Fp, Gll^Fp, Gll^Fp, Xoi, Gll^Fp, Gll^Fp, Gll^Fp, Gll^Fp, Gll^Fp, Gll^Fp, Gll^Fp, Hh^Zfx, Gll^Fp, Gll^Fp, Gll^Fp, Gll^Fp, Gll^Fp, Gll^Fp, Gll^Fp, Gll^Fp, Gll^Fp, Gll^Fp, Gll^Fp, Gll^Fp, Gll^Fp, Gll^Fp, Gll^Fp, Gll^Fp, Gll^Fp
Gll^Fp, Gll^Fp, Gll^Fp, Mm^Xm, Mm^Xm, Gll^Fp, Mm^Xm, Gll^Fp, Mm^Xm, Mm^Xm, Mm^Xm, Gll^Fp, Gll^Fp, Gll^Fp, Gll^Fp, Mm^Xm, Gll^Fp, Gll^Fp, Gll^Fp, Gll^Fp, Gll^Fp, Gll^Fp, Gll^Fp, Gll^Fp, Gll^Fp, Gll^Fp, Gll^Fp, Gll^Fp, Gll^Fp, Gll^Fp, Gll^Fp, Gll^Fp, Gll^Fp
Gll^Fp, Gll^Fp, Gll^Fp, Gll^Fp, Mm^Xm, Mm^Xm, Gll^Fp, Mm^Xm, Gll^Fp, Gll^Fp, Gll^Fp, Mm^Xm, Mm^Xm, Gll^Fp, Mm^Xm, Mm^Xm, Gll^Fp, Gll^Fp, Gll^Fp, Gll^Fp, Gll^Fp, Gll^Fp, Gll^Fp, Gll^Fp, Gll^Fp, Gll^Fp, Gll^Fp, Gll^Fp, Gll^Fp, Gll^Fp, Gll^Fp, Gll^Fp, Gll^Fp
Gll^Fp, Gll^Fp, Gll^Fp, Gll^Fp, Gll^Fp, Gll^Fp, Gll^Fp, Gll^Fp, Gll^Fp, Gll^Fp, Gll^Fp, Gll^Fp, Gll^Fp, Mm^Xm, Gll^Fp, Gll^Fp, Gll^Fp, Gll^Fp, Gll^Fp, Gll^Fp, Gll^Fp, Gll^Fp, Gll^Fp, Gll^Fp, Gll^Fp, Gll^Fp, Gll^Fp, Gll^Fp, Gll^Fp, Gll^Fp, Gll^Fp, Gll^Fp, Gll^Fp
