Gll^Fp, Gll^Fp, Gll^Fp, Gll^Fp, Gll^Fp, Gll^Fp, Gll^Fp, Gll^Fp, Gll^Fp, Gll^Fp, Gll^Fp, Gll^Fp, Gll^Fp, Gll^Fp, Gll^Fp, Gll^Fp, Hh^Zfx, Hh^Zfx, Hh^Zfx, Hh^Zfx, Hh^Zfx, Hh^Zfx, Hh^Zfx, Hh^Zfx, Hh^Zfx, Hh^Zfx, Hh^Zfx, Hh^Zfx, Hh^Zfx, Hh^Zfx, Hh^Zfx, Hh^Zfx, Hh^Zfx, Hh^Zfx, Hh^Zfx, Hh^Zfx, Hh^Zfx, Hh^Zfx, Hh^Zfx, Hh^Zfx, Hh^Zfx, Hh^Zfx, Hh^Zfx, Hh^Zfx, Hh^Zfx, Hh^Zfx, Hh^Zfx, Hh^Zfx, Hh^Zfx, Hh^Zfx, Hh^Zfx, Hh^Zfx, Hh^Zfx, Hh^Zfx, Hh^Zfx, Hh^Zfx, Hh^Zfx, Hh^Zfx, Hh^Zfx, Hh^Zfx, Hh^Zfx, Hh^Zfx, Hh^Zfx, Hh^Zfx, Hh^Zfx, Hh^Zfx, Hh^Zfx, Hh^Zfx, Hh^Zfx, Hh^Zfx, Hh^Zfx, Hh^Zfx, Hh^Zfx, Hh^Zfx, Hh^Zfx, Hh^Zfx, Hh^Zfx, Hh^Zfx, Hh^Zfx, Hh^Zfx, Hh^Zfx, Hh^Zfx, Hh^Zfx, Hh^Zfx, Hh^Zfx, Hh^Zfx, Hh^Zfx, Hh^Zfx, Hh^Zfx, Hh^Zfx, Hh^Zfx, Hh^Zfx, Hh^Zfx, Hh^Zfx, Hh^Zfx, Hh^Zfx, Hh^Zfx, Hh^Zfx, Hh^Zfx
Hh^Zfx, Gll^Fp, Gll^Fp, Gll^Fp, Hh^Zfx, Gll^Fp, Gll^Fp, Gll^Fp, Gll^Fp, Gll^Fp, Gll^Fp, Gll^Fp, Gll^Fp, Gll^Fp, Gll^Fp, Gll^Fp, Hh^Zfx, Hh^Zfx, Hh^Zfx, Hh^Zfx, Hh^Zfx, Hh^Zfx, Hh^Zfx, Hh^Zfx, Hh^Zfx, Hh^Zfx, Hh^Zfx, Hh^Zfx, Hh^Zfx, Hh^Zfx, Hh^Zfx, Hh^Zfx, Hh^Zfx, Hh^Zfx, Hh^Zfx, Hh^Zfx, Hh^Zfx, Hh^Zfx, Hh^Zfx, Hh^Zfx, Hh^Zfx, Hh^Zfx, Hh^Zfx, Hh^Zfx, Hh^Zfx, Hh^Zfx, Hh^Zfx, Hh^Zfx, Hh^Zfx, Hh^Zfx, Hh^Zfx, Hh^Zfx, Hh^Zfx, Hh^Zfx, Hh^Zfx, Hh^Zfx, Hh^Zfx, Hh^Zfx, Hh^Zfx, Hh^Zfx, Hh^Zfx, Hh^Zfx, Hh^Zfx, Hh^Zfx, Hh^Zfx, Hh^Zfx, Hh^Zfx, Hh^Zfx, Hh^Zfx, Hh^Zfx, Hh^Zfx, Hh^Zfx, Hh^Zfx, Hh^Zfx, Hh^Zfx, Hh^Zfx, Hh^Zfx, Hh^Zfx, Hh^Zfx, Hh^Zfx, Hh^Zfx, Hh^Zfx, Hh^Zfx, Hh^Zfx, Hh^Zfx, Hh^Zfx, Hh^Zfx, Hh^Zfx, Hh^Zfx, Hh^Zfx, Hh^Zfx, Hh^Zfx, Hh^Zfx, Hh^Zfx, Hh^Zfx, Hh^Zfx, Hh^Zfx, Hh^Zfx, Hh^Zfx
Hh^Zfx, Gll^Fp, Hh^Zfx, Hh^Zfx, Gll^Fp, Hh^Zfx, Hh^Zfx, Gll^Fp, Hh^Zfx, Gll^Fp, Gll^Fp, Gll^Fp, Gll^Fp, Gll^Fp, Gll^Fp, Gll^Fp, Hh^Zfx, Hh^Zfx, Hh^Zfx, Hh^Zfx, Hh^Zfx, Hh^Zfx, Hh^Zfx, Hh^Zfx, Hh^Zfx, Hh^Zfx, Hh^Zfx, Hh^Zfx, Hh^Zfx, Hh^Zfx, Hh^Zfx, Hh^Zfx, Hh^Zfx, Hh^Zfx, Hh^Zfx, Hh^Zfx, Hh^Zfx, Hh^Zfx, Hh^Zfx, Hh^Zfx, Hh^Zfx, Hh^Zfx, Hh^Zfx, Hh^Zfx, Hh^Zfx, Hh^Zfx, Hh^Zfx, Hh^Zfx, Hh^Zfx, Hh^Zfx, Hh^Zfx, Hh^Zfx, Hh^Zfx, Hh^Zfx, Hh^Zfx, Hh^Zfx, Hh^Zfx, Hh^Zfx, Hh^Zfx, Hh^Zfx, Hh^Zfx, Hh^Zfx, Hh^Zfx, Hh^Zfx, Hh^Zfx, Hh^Zfx, Hh^Zfx, Hh^Zfx, Hh^Zfx, Hh^Zfx, Hh^Zfx, Hh^Zfx, Hh^Zfx, Hh^Zfx, Hh^Zfx, Hh^Zfx, Hh^Zfx, Hh^Zfx, Hh^Zfx, Hh^Zfx, Hh^Zfx, Hh^Zfx, Hh^Zfx, Hh^Zfx, Hh^Zfx, Hh^Zfx, Hh^Zfx, Hh^Zfx, Hh^Zfx, Hh^Zfx, Hh^Zfx, Hh^Zfx, Hh^Zfx, Hh^Zfx, Hh^Zfx, Hh^Zfx, Hh^Zfx, Hh^Zfx, Hh^Zfx
Hh^Zfx, Gll^Fp, Hh^Zfx, Gll^Fp, Gs, Gll^Fp, Gs, Hh^Zfx, Gll^Fp, Hh^Zfx, Hh^Zfx, Gll^Fp, Hh^Zfx, Gll^Fp, Gll^Fp, Gll^Fp, Hh^Zfx, Hh^Zfx, Hh^Zfx, Hh^Zfx, Hh^Zfx, Hh^Zfx, Hh^Zfx, Hh^Zfx, Hh^Zfx, Hh^Zfx, Hh^Zfx, Hh^Zfx, Hh^Zfx, Hh^Zfx, Hh^Zfx, Hh^Zfx, Hh^Zfx, Hh^Zfx, Hh^Zfx, Hh^Zfx, Hh^Zfx, Hh^Zfx, Hh^Zfx, Hh^Zfx, Hh^Zfx, Hh^Zfx, Hh^Zfx, Hh^Zfx, Hh^Zfx, Hh^Zfx, Hh^Zfx, Hh^Zfx, Hh^Zfx, Hh^Zfx, Hh^Zfx, Hh^Zfx, Hh^Zfx, Hh^Zfx, Hh^Zfx, Hh^Zfx, Hh^Zfx, Hh^Zfx, Hh^Zfx, Hh^Zfx, Hh^Zfx, Hh^Zfx, Hh^Zfx, Hh^Zfx, Hh^Zfx, Hh^Zfx, Hh^Zfx, Hh^Zfx, Hh^Zfx, Hh^Zfx, Hh^Zfx, Hh^Zfx, Hh^Zfx, Hh^Zfx, Hh^Zfx, Hh^Zfx, Hh^Zfx, Hh^Zfx, Hh^Zfx, Hh^Zfx, Hh^Zfx, Hh^Zfx, Hh^Zfx, Hh^Zfx, Hh^Zfx, Hh^Zfx, Hh^Zfx, Hh^Zfx, Hh^Zfx, Hh^Zfx, Hh^Zfx, Hh^Zfx, Hh^Zfx, Hh^Zfx, Hh^Zfx, Hh^Zfx, Hh^Zfx, Hh^Zfx, Hh^Zfx
Hh^Zfx, Gll^Fp, Hh^Zfx, Gll^Fp, Gs, Xoi, Xoi, Xoi, Xoi, Gll^Fp, Xoi, Hh^Zfx, Gll^Fp, Hh^Zfx, Hh^Zfx, Gll^Fp, Hh^Zfx, Hh^Zfx, Hh^Zfx, Hh^Zfx, Hh^Zfx, Hh^Zfx, Hh^Zfx, Hh^Zfx, Hh^Zfx, Hh^Zfx, Hh^Zfx, Hh^Zfx, Hh^Zfx, Hh^Zfx, Hh^Zfx, Hh^Zfx, Hh^Zfx, Hh^Zfx, Hh^Zfx, Hh^Zfx, Hh^Zfx, Hh^Zfx, Hh^Zfx, Hh^Zfx, Hh^Zfx, Hh^Zfx, Hh^Zfx, Hh^Zfx, Hh^Zfx, Hh^Zfx, Hh^Zfx, Hh^Zfx, Hh^Zfx, Hh^Zfx, Hh^Zfx, Hh^Zfx, Hh^Zfx, Hh^Zfx, Hh^Zfx, Hh^Zfx, Hh^Zfx, Hh^Zfx, Hh^Zfx, Hh^Zfx, Hh^Zfx, Hh^Zfx, Hh^Zfx, Hh^Zfx, Hh^Zfx, Hh^Zfx, Hh^Zfx, Hh^Zfx, Hh^Zfx, Hh^Zfx, Hh^Zfx, Hh^Zfx, Hh^Zfx, Hh^Zfx, Hh^Zfx, Hh^Zfx, Hh^Zfx, Hh^Zfx, Hh^Zfx, Hh^Zfx, Hh^Zfx, Hh^Zfx, Hh^Zfx, Hh^Zfx, Hh^Zfx, Hh^Zfx, Hh^Zfx, Hh^Zfx, Hh^Zfx, Hh^Zfx, Hh^Zfx, Hh^Zfx, Hh^Zfx, Hh^Zfx, Hh^Zfx, Hh^Zfx, Hh^Zfx, Hh^Zfx, Hh^Zfx
Hh^Zfx, Gll^Fp, Hh^Zfx, Hh^Zfx, Gll^Fp, Xoi, Ias, Ias, Xoi, Xoi, Gs, Xoi, Xoi, Gs, Xoi, Hh^Zfx, Hh^Zfx, Hh^Zfx, Hh^Zfx, Hh^Zfx, Hh^Zfx, Hh^Zfx, Hh^Zfx, Hh^Zfx, Hh^Zfx, Hh^Zfx, Hh^Zfx, Hh^Zfx, Hh^Zfx, Hh^Zfx, Hh^Zfx, Hh^Zfx, Hh^Zfx, Hh^Zfx, Hh^Zfx, Hh^Zfx, Hh^Zfx, Hh^Zfx, Hh^Zfx, Hh^Zfx, Hh^Zfx, Hh^Zfx, Hh^Zfx, Hh^Zfx, Hh^Zfx, Hh^Zfx, Hh^Zfx, Hh^Zfx, Hh^Zfx, Hh^Zfx, Hh^Zfx, Hh^Zfx, Hh^Zfx, Hh^Zfx, Hh^Zfx, Hh^Zfx, Hh^Zfx, Hh^Zfx, Hh^Zfx, Hh^Zfx, Hh^Zfx, Hh^Zfx, Hh^Zfx, Hh^Zfx, Hh^Zfx, Hh^Zfx, Hh^Zfx, Hh^Zfx, Hh^Zfx, Hh^Zfx, Hh^Zfx, Hh^Zfx, Hh^Zfx, Hh^Zfx, Hh^Zfx, Hh^Zfx, Hh^Zfx, Hh^Zfx, Hh^Zfx, Hh^Zfx, Hh^Zfx, Hh^Zfx, Hh^Zfx, Hh^Zfx, Hh^Zfx, Hh^Zfx, Hh^Zfx, Hh^Zfx, Hh^Zfx, Hh^Zfx, Hh^Zfx, Hh^Zfx, Hh^Zfx, Hh^Zfx, Hh^Zfx, Hh^Zfx, Hh^Zfx, Hh^Zfx, Hh^Zfx
Hh^Zfx, Gll^Fp, Hh^Zfx, Hh^Zfx, Gll^Fp, Xoi, Ias, Ias, Xoi, Gs, Gs, Xoi, Ias, Xoi, Xoi, Gll^Fp, Hh^Zfx, Hh^Zfx, Hh^Zfx, Hh^Zfx, Hh^Zfx, Hh^Zfx, Hh^Zfx, Hh^Zfx, Hh^Zfx, Hh^Zfx, Hh^Zfx, Hh^Zfx, Hh^Zfx, Hh^Zfx, Hh^Zfx, Hh^Zfx, Hh^Zfx, Hh^Zfx, Hh^Zfx, Hh^Zfx, Hh^Zfx, Hh^Zfx, Hh^Zfx, Hh^Zfx, Hh^Zfx, Hh^Zfx, Hh^Zfx, Hh^Zfx, Hh^Zfx, Hh^Zfx, Hh^Zfx, Hh^Zfx, Hh^Zfx, Hh^Zfx, Hh^Zfx, Hh^Zfx, Hh^Zfx, Hh^Zfx, Hh^Zfx, Hh^Zfx, Hh^Zfx, Hh^Zfx, Hh^Zfx, Hh^Zfx, Hh^Zfx, Hh^Zfx, Hh^Zfx, Hh^Zfx, Hh^Zfx, Hh^Zfx, Hh^Zfx, Hh^Zfx, Hh^Zfx, Hh^Zfx, Hh^Zfx, Hh^Zfx, Hh^Zfx, Hh^Zfx, Hh^Zfx, Hh^Zfx, Hh^Zfx, Hh^Zfx, Hh^Zfx, Hh^Zfx, Hh^Zfx, Hh^Zfx, Hh^Zfx, Hh^Zfx, Hh^Zfx, Hh^Zfx, Hh^Zfx, Hh^Zfx, Hh^Zfx, Hh^Zfx, Hh^Zfx, Hh^Zfx, Hh^Zfx, Hh^Zfx, Hh^Zfx, Hh^Zfx, Hh^Zfx, Hh^Zfx, Hh^Zfx
Hh^Zfx, Gll^Fp, Hh^Zfx, Hh^Zfx, Gs, Xoi, Xoi, Ias, Xoi, Gs, Gs, Gs, Ias, Ww^Ewf, Xoi, Gll^Fp, Hh^Zfx, Hh^Zfx, Hh^Zfx, Hh^Zfx, Hh^Zfx, Hh^Zfx, Hh^Zfx, Hh^Zfx, Hh^Zfx, Hh^Zfx, Hh^Zfx, Hh^Zfx, Hh^Zfx, Hh^Zfx, Hh^Zfx, Hh^Zfx, Hh^Zfx, Hh^Zfx, Hh^Zfx, Hh^Zfx, Hh^Zfx, Hh^Zfx, Hh^Zfx, Hh^Zfx, Hh^Zfx, Hh^Zfx, Hh^Zfx, Hh^Zfx, Hh^Zfx, Hh^Zfx, Hh^Zfx, Hh^Zfx, Hh^Zfx, Hh^Zfx, Hh^Zfx, Hh^Zfx, Hh^Zfx, Hh^Zfx, Hh^Zfx, Hh^Zfx, Hh^Zfx, Hh^Zfx, Hh^Zfx, Hh^Zfx, Hh^Zfx, Hh^Zfx, Hh^Zfx, Hh^Zfx, Hh^Zfx, Hh^Zfx, Hh^Zfx, Hh^Zfx, Hh^Zfx, Hh^Zfx, Hh^Zfx, Hh^Zfx, Hh^Zfx, Hh^Zfx, Hh^Zfx, Hh^Zfx, Hh^Zfx, Hh^Zfx, Hh^Zfx, Hh^Zfx, Hh^Zfx, Hh^Zfx, Hh^Zfx, Hh^Zfx, Hh^Zfx, Hh^Zfx, Hh^Zfx, Hh^Zfx, Hh^Zfx, Hh^Zfx, Hh^Zfx, Hh^Zfx, Hh^Zfx, Hh^Zfx, Hh^Zfx, Hh^Zfx, Hh^Zfx, Hh^Zfx, Hh^Zfx
Hh^Zfx, Gll^Fp, Hh^Zfx, Gll^Fp, Gs, Xoi, Xoi, Ias, Ias, Gs, Ias, Gs, Ias, Ias, Xoi, Gll^Fp, Hh^Zfx, Hh^Zfx, Hh^Zfx, Hh^Zfx, Hh^Zfx, Hh^Zfx, Hh^Zfx, Hh^Zfx, Hh^Zfx, Hh^Zfx, Hh^Zfx, Hh^Zfx, Hh^Zfx, Hh^Zfx, Hh^Zfx, Hh^Zfx, Hh^Zfx, Hh^Zfx, Hh^Zfx, Hh^Zfx, Hh^Zfx, Hh^Zfx, Hh^Zfx, Hh^Zfx, Hh^Zfx, Hh^Zfx, Hh^Zfx, Hh^Zfx, Hh^Zfx, Hh^Zfx, Hh^Zfx, Hh^Zfx, Hh^Zfx, Hh^Zfx, Hh^Zfx, Hh^Zfx, Hh^Zfx, Hh^Zfx, Hh^Zfx, Hh^Zfx, Hh^Zfx, Hh^Zfx, Hh^Zfx, Hh^Zfx, Hh^Zfx, Hh^Zfx, Hh^Zfx, Hh^Zfx, Hh^Zfx, Hh^Zfx, Hh^Zfx, Hh^Zfx, Hh^Zfx, Hh^Zfx, Hh^Zfx, Hh^Zfx, Hh^Zfx, Hh^Zfx, Hh^Zfx, Hh^Zfx, Hh^Zfx, Hh^Zfx, Hh^Zfx, Hh^Zfx, Hh^Zfx, Hh^Zfx, Hh^Zfx, Hh^Zfx, Hh^Zfx, Hh^Zfx, Hh^Zfx, Hh^Zfx, Hh^Zfx, Hh^Zfx, Hh^Zfx, Hh^Zfx, Hh^Zfx, Hh^Zfx, Hh^Zfx, Hh^Zfx, Hh^Zfx, Hh^Zfx, Hh^Zfx
Hh^Zfx, Gll^Fp, Hh^Zfx, Gll^Fp, Gs, Gs, Xoi, Ias, Gs, Ias, Gs, Ias, Gs, Ias, Xoi, Gll^Fp, Hh^Zfx, Hh^Zfx, Hh^Zfx, Hh^Zfx, Hh^Zfx, Hh^Zfx, Hh^Zfx, Hh^Zfx, Hh^Zfx, Hh^Zfx, Hh^Zfx, Hh^Zfx, Hh^Zfx, Hh^Zfx, Hh^Zfx, Hh^Zfx, Hh^Zfx, Hh^Zfx, Hh^Zfx, Hh^Zfx, Hh^Zfx, Hh^Zfx, Hh^Zfx, Hh^Zfx, Hh^Zfx, Hh^Zfx, Hh^Zfx, Hh^Zfx, Hh^Zfx, Hh^Zfx, Hh^Zfx, Hh^Zfx, Hh^Zfx, Hh^Zfx, Hh^Zfx, Hh^Zfx, Hh^Zfx, Hh^Zfx, Hh^Zfx, Hh^Zfx, Hh^Zfx, Hh^Zfx, Hh^Zfx, Hh^Zfx, Hh^Zfx, Hh^Zfx, Hh^Zfx, Hh^Zfx, Hh^Zfx, Hh^Zfx, Hh^Zfx, Hh^Zfx, Hh^Zfx, Hh^Zfx, Hh^Zfx, Hh^Zfx, Hh^Zfx, Hh^Zfx, Hh^Zfx, Hh^Zfx, Hh^Zfx, Hh^Zfx, Hh^Zfx, Hh^Zfx, Hh^Zfx, Hh^Zfx, Hh^Zfx, Hh^Zfx, Hh^Zfx, Hh^Zfx, Hh^Zfx, Hh^Zfx, Hh^Zfx, Hh^Zfx, Hh^Zfx, Hh^Zfx, Hh^Zfx, Hh^Zfx, Hh^Zfx, Hh^Zfx, Hh^Zfx, Hh^Zfx, Hh^Zfx
Hh^Zfx, Hh^Zfx, Gll^Fp, Gs, Gs, Gs, Xoi, Gs, Re, Re, Gs, Gs, Gs, Ias, Xoi, Gll^Fp, Hh^Zfx, Hh^Zfx, Hh^Zfx, Hh^Zfx, Hh^Zfx, Hh^Zfx, Hh^Zfx, Hh^Zfx, Hh^Zfx, Hh^Zfx, Hh^Zfx, Hh^Zfx, Hh^Zfx, Hh^Zfx, Hh^Zfx, Hh^Zfx, Hh^Zfx, Hh^Zfx, Hh^Zfx, Hh^Zfx, Hh^Zfx, Hh^Zfx, Gll^Fp, Hh^Zfx, Gll^Fp, Hh^Zfx, Hh^Zfx, Hh^Zfx, Hh^Zfx, Hh^Zfx, Hh^Zfx, Hh^Zfx, Hh^Zfx, Hh^Zfx, Hh^Zfx, Hh^Zfx, Hh^Zfx, Hh^Zfx, Hh^Zfx, Hh^Zfx, Hh^Zfx, Hh^Zfx, Hh^Zfx, Hh^Zfx, Hh^Zfx, Hh^Zfx, Hh^Zfx, Hh^Zfx, Hh^Zfx, Hh^Zfx, Hh^Zfx, Hh^Zfx, Hh^Zfx, Hh^Zfx, Hh^Zfx, Hh^Zfx, Hh^Zfx, Hh^Zfx, Hh^Zfx, Hh^Zfx, Hh^Zfx, Hh^Zfx, Hh^Zfx, Hh^Zfx, Hh^Zfx, Hh^Zfx, Hh^Zfx, Hh^Zfx, Hh^Zfx, Hh^Zfx, Hh^Zfx, Hh^Zfx, Hh^Zfx, Hh^Zfx, Hh^Zfx, Hh^Zfx, Hh^Zfx, Hh^Zfx, Hh^Zfx, Hh^Zfx, Hh^Zfx, Hh^Zfx, Hh^Zfx
Hh^Zfx, Hh^Zfx, Gs, Gs, Gs, Gs, Xoi, Gs, Xoi, Re, Xoi, Gs, Xoi, Ias, Xoi, Gs, Hh^Zfx, Hh^Zfx, Hh^Zfx, Hh^Zfx, Hh^Zfx, Hh^Zfx, Hh^Zfx, Hh^Zfx, Hh^Zfx, Hh^Zfx, Hh^Zfx, Hh^Zfx, Hh^Zfx, Hh^Zfx, Hh^Zfx, Hh^Zfx, Hh^Zfx, Hh^Zfx, Hh^Zfx, Hh^Zfx, Gll^Fp, Gll^Fp, Rb, Rb, Rb, Rb, Rb, Rb, Rb, Rb, Rb, Rb, Rb, Rb, Rb, Rb, Rb, Rb, Rb, Rb, Rb, Rb, Rb, Rb, Rb, Rb, Rb, Rb, Rb, Rb, Rb, Rb, Rb, Rb, Rb, Rb, Rb, Rb, Rb, Rb, Rb, Rb, Rb, Rb, Rb, Rb, Rb, Rb, Rb, Rb, Rb, Rb, Rb, Rb, Rb, Rb, Rb, Rb, Rb, Rb, Rb, Rb, Rb
Hh^Zfx, Hh^Zfx, Gll^Fp, Gs, Gs, Gs, Gs, Xoi, Gll^Fp, Xoi, Gll^Fp, Xoi, Gs, Ias, Gs, Gs, Hh^Zfx, Hh^Zfx, Hh^Zfx, Hh^Zfx, Hh^Zfx, Hh^Zfx, Hh^Zfx, Hh^Zfx, Hh^Zfx, Hh^Zfx, Gll^Fp, Hh^Zfx, Gll^Fp, Hh^Zfx, Gll^Fp, Hh^Zfx, Gll^Fp, Gll^Fp, Gll^Fp, Gll^Fp, Rb, Rb, Gll^Fp, Gll^Fp, Hh^Zfx, Hh^Zfx, Hh^Zfx, Hh^Zfx, Hh^Zfx, Hh^Zfx, Hh^Zfx, Hh^Zfx, Hh^Zfx, Hh^Zfx, Hh^Zfx, Hh^Zfx, Hh^Zfx, Hh^Zfx, Hh^Zfx, Hh^Zfx, Hh^Zfx, Hh^Zfx, Hh^Zfx, Hh^Zfx, Hh^Zfx, Hh^Zfx, Hh^Zfx, Hh^Zfx, Hh^Zfx, Hh^Zfx, Hh^Zfx, Hh^Zfx, Hh^Zfx, Hh^Zfx, Hh^Zfx, Hh^Zfx, Hh^Zfx, Hh^Zfx, Hh^Zfx, Hh^Zfx, Hh^Zfx, Hh^Zfx, Hh^Zfx, Hh^Zfx, Hh^Zfx, Hh^Zfx, Hh^Zfx, Hh^Zfx, Hh^Zfx, Hh^Zfx, Hh^Zfx, Hh^Zfx, Hh^Zfx, Hh^Zfx, Hh^Zfx, Hh^Zfx, Hh^Zfx, Hh^Zfx, Hh^Zfx, Hh^Zfx, Hh^Zfx, Hh^Zfx, Hh^Zfx
Hh^Zfx, Hh^Zfx, Hh^Zfx, Gll^Fp, Hh^Zfx, Gs, Hh^Zfx, Gll^Fp, Hh^Zfx, Gll^Fp, Gll^Fp, Gll^Fp, Gs, Ias, Gs, Gll^Fp, Hh^Zfx, Hh^Zfx, Hh^Zfx, Hh^Zfx, Hh^Zfx, Hh^Zfx, Hh^Zfx, Hh^Zfx, Hh^Zfx, Hh^Zfx, Gll^Fp, Gll^Fp, Gll^Fp, Gll^Fp, Gll^Fp, Gll^Fp, Gll^Fp, Gll^Fp, Gs, Rb, Gll^Fp, Gll^Fp, Gll^Fp, Hh^Zfx, Hh^Zfx, Hh^Zfx, Hh^Zfx, Hh^Zfx, Hh^Zfx, Hh^Zfx, Hh^Zfx, Hh^Zfx, Hh^Zfx, Hh^Zfx, Hh^Zfx, Hh^Zfx, Hh^Zfx, Hh^Zfx, Hh^Zfx, Hh^Zfx, Hh^Zfx, Hh^Zfx, Hh^Zfx, Hh^Zfx, Hh^Zfx, Hh^Zfx, Hh^Zfx, Hh^Zfx, Hh^Zfx, Hh^Zfx, Hh^Zfx, Hh^Zfx, Hh^Zfx, Hh^Zfx, Hh^Zfx, Hh^Zfx, Hh^Zfx, Hh^Zfx, Hh^Zfx, Hh^Zfx, Hh^Zfx, Hh^Zfx, Hh^Zfx, Hh^Zfx, Hh^Zfx, Hh^Zfx, Hh^Zfx, Hh^Zfx, Hh^Zfx, Hh^Zfx, Hh^Zfx, Hh^Zfx, Hh^Zfx, Hh^Zfx, Hh^Zfx, Hh^Zfx, Hh^Zfx, Hh^Zfx, Hh^Zfx, Hh^Zfx, Hh^Zfx, Hh^Zfx, Hh^Zfx
Hh^Zfx, Gll^Fp, Hh^Zfx, Hh^Zfx, Hh^Zfx, Hh^Zfx, Hh^Zfx, Hh^Zfx, Hh^Zfx, Hh^Zfx, Hh^Zfx, Gll^Fp, Gs, Ias, Gll^Fp, Hh^Zfx, Hh^Zfx, Hh^Zfx, Hh^Zfx, Hh^Zfx, Hh^Zfx, Hh^Zfx, Hh^Zfx, Hh^Zfx, Hh^Zfx, Gll^Fp, Gll^Fp, Gll^Fp, Gll^Fp, Gll^Fp, Gs, Gs, Gs, Ce, Ke, Ce, Gs, Gll^Fp, Hh^Zfx, Hh^Zfx, Hh^Zfx, Hh^Zfx, Hh^Zfx, Hh^Zfx, Hh^Zfx, Hh^Zfx, Hh^Zfx, Hh^Zfx, Hh^Zfx, Hh^Zfx, Hh^Zfx, Hh^Zfx, Hh^Zfx, Hh^Zfx, Hh^Zfx, Hh^Zfx, Hh^Zfx, Hh^Zfx, Hh^Zfx, Hh^Zfx, Hh^Zfx, Hh^Zfx, Hh^Zfx, Hh^Zfx, Hh^Zfx, Hh^Zfx, Hh^Zfx, Hh^Zfx, Hh^Zfx, Hh^Zfx, Hh^Zfx, Hh^Zfx, Hh^Zfx, Hh^Zfx, Hh^Zfx, Hh^Zfx, Hh^Zfx, Hh^Zfx, Hh^Zfx, Hh^Zfx, Hh^Zfx, Hh^Zfx, Hh^Zfx, Hh^Zfx, Hh^Zfx, Hh^Zfx, Hh^Zfx, Hh^Zfx, Hh^Zfx, Hh^Zfx, Hh^Zfx, Hh^Zfx, Hh^Zfx, Hh^Zfx, Hh^Zfx, Hh^Zfx, Hh^Zfx, Hh^Zfx, Hh^Zfx
Hh^Zfx, Hh^Zfx, Hh^Zfx, Hh^Zfx, Hh^Zfx, Hh^Zfx, Hh^Zfx, Hh^Zfx, Hh^Zfx, Hh^Zfx, Hh^Zfx, Gll^Fp, Gs, Ias, Gll^Fp, Hh^Zfx, Hh^Zfx, Hh^Zfx, Hh^Zfx, Hh^Zfx, Hh^Zfx, Hh^Zfx, Hh^Zfx, Hh^Zfx, Gll^Fp, Gll^Fp, Gll^Fp, Gll^Fp, Gs, Gs, Gs, Gs, Gs, Ce, Rb, Ce, Gs, Gll^Fp, Hh^Zfx, Hh^Zfx, Hh^Zfx, Hh^Zfx, Hh^Zfx, Hh^Zfx, Hh^Zfx, Hh^Zfx, Hh^Zfx, Hh^Zfx, Hh^Zfx, Hh^Zfx, Hh^Zfx, Hh^Zfx, Hh^Zfx, Hh^Zfx, Hh^Zfx, Hh^Zfx, Hh^Zfx, Hh^Zfx, Hh^Zfx, Hh^Zfx, Hh^Zfx, Hh^Zfx, Hh^Zfx, Hh^Zfx, Hh^Zfx, Hh^Zfx, Hh^Zfx, Hh^Zfx, Hh^Zfx, Hh^Zfx, Hh^Zfx, Hh^Zfx, Hh^Zfx, Hh^Zfx, Hh^Zfx, Hh^Zfx, Hh^Zfx, Hh^Zfx, Hh^Zfx, Hh^Zfx, Hh^Zfx, Hh^Zfx, Hh^Zfx, Hh^Zfx, Hh^Zfx, Hh^Zfx, Hh^Zfx, Hh^Zfx, Hh^Zfx, Hh^Zfx, Hh^Zfx, Hh^Zfx, Hh^Zfx, Hh^Zfx, Hh^Zfx, Hh^Zfx, Hh^Zfx, Hh^Zfx, Hh^Zfx
Hh^Zfx, Hh^Zfx, Hh^Zfx, Hh^Zfx, Hh^Zfx, Hh^Zfx, Hh^Zfx, Hh^Zfx, Hh^Zfx, Hh^Zfx, Hh^Zfx, Hh^Zfx, Gll^Fp, Gll^Fp, Gll^Fp, Hh^Zfx, Hh^Zfx, Hh^Zfx, Hh^Zfx, Hh^Zfx, Hh^Zfx, Hh^Zfx, Hh^Zfx, Hh^Zfx, Gll^Fp, Gll^Fp, Gs, Gs, Gs, Gs, Gs, Gs, Rb, Rb, Gs, Gs, Gs, Hh^Zfx, Hh^Zfx, Hh^Zfx, Hh^Zfx, Hh^Zfx, Hh^Zfx, Hh^Zfx, Hh^Zfx, Hh^Zfx, Hh^Zfx, Hh^Zfx, Hh^Zfx, Hh^Zfx, Hh^Zfx, Hh^Zfx, Hh^Zfx, Hh^Zfx, Hh^Zfx, Hh^Zfx, Hh^Zfx, Hh^Zfx, Hh^Zfx, Hh^Zfx, Hh^Zfx, Hh^Zfx, Hh^Zfx, Hh^Zfx, Hh^Zfx, Hh^Zfx, Hh^Zfx, Hh^Zfx, Hh^Zfx, Hh^Zfx, Hh^Zfx, Hh^Zfx, Hh^Zfx, Hh^Zfx, Hh^Zfx, Hh^Zfx, Hh^Zfx, Hh^Zfx, Hh^Zfx, Hh^Zfx, Hh^Zfx, Hh^Zfx, Hh^Zfx, Hh^Zfx, Hh^Zfx, Hh^Zfx, Hh^Zfx, Hh^Zfx, Hh^Zfx, Hh^Zfx, Hh^Zfx, Hh^Zfx, Hh^Zfx, Hh^Zfx, Hh^Zfx, Hh^Zfx, Hh^Zfx, Hh^Zfx, Hh^Zfx
Hh^Zfx, Hh^Zfx, Hh^Zfx, Hh^Zfx, Hh^Zfx, Hh^Zfx, Hh^Zfx, Hh^Zfx, Hh^Zfx, Hh^Zfx, Hh^Zfx, Hh^Zfx, Gll^Fp, Gll^Fp, Hh^Zfx, Hh^Zfx, Hh^Zfx, Hh^Zfx, Hh^Zfx, Hh^Zfx, Hh^Zfx, Hh^Zfx, Gll^Fp, Gll^Fp, Gll^Fp, Gll^Fp, Gs, Gs, Gs, Gs, Rb, Gs, Rb, Gs, Gs, Gs, Gll^Fp, Hh^Zfx, Hh^Zfx, Hh^Zfx, Hh^Zfx, Hh^Zfx, Hh^Zfx, Hh^Zfx, Hh^Zfx, Hh^Zfx, Hh^Zfx, Hh^Zfx, Hh^Zfx, Hh^Zfx, Hh^Zfx, Hh^Zfx, Hh^Zfx, Hh^Zfx, Hh^Zfx, Hh^Zfx, Hh^Zfx, Hh^Zfx, Hh^Zfx, Hh^Zfx, Hh^Zfx, Hh^Zfx, Hh^Zfx, Hh^Zfx, Hh^Zfx, Hh^Zfx, Hh^Zfx, Hh^Zfx, Hh^Zfx, Hh^Zfx, Hh^Zfx, Hh^Zfx, Hh^Zfx, Hh^Zfx, Hh^Zfx, Hh^Zfx, Hh^Zfx, Hh^Zfx, Hh^Zfx, Hh^Zfx, Hh^Zfx, Hh^Zfx, Hh^Zfx, Hh^Zfx, Hh^Zfx, Hh^Zfx, Hh^Zfx, Hh^Zfx, Hh^Zfx, Hh^Zfx, Hh^Zfx, Hh^Zfx, Hh^Zfx, Hh^Zfx, Hh^Zfx, Hh^Zfx, Hh^Zfx, Hh^Zfx, Hh^Zfx
Hh^Zfx, Hh^Zfx, Hh^Zfx, Hh^Zfx, Hh^Zfx, Hh^Zfx, Hh^Zfx, Hh^Zfx, Hh^Zfx, Hh^Zfx, Hh^Zfx, Hh^Zfx, Hh^Zfx, Gll^Fp, Hh^Zfx, Hh^Zfx, Hh^Zfx, Hh^Zfx, Hh^Zfx, Hh^Zfx, Gll^Fp, Gll^Fp, Gll^Fp, Gll^Fp, Gg, Gg, Gg, Gs, Gs, Rb, Rb, Rb, Gs, Gs, Gs, Gs, Gll^Fp, Hh^Zfx, Hh^Zfx, Hh^Zfx, Hh^Zfx, Hh^Zfx, Hh^Zfx, Hh^Zfx, Hh^Zfx, Hh^Zfx, Hh^Zfx, Hh^Zfx, Hh^Zfx, Hh^Zfx, Hh^Zfx, Hh^Zfx, Hh^Zfx, Hh^Zfx, Hh^Zfx, Hh^Zfx, Hh^Zfx, Hh^Zfx, Hh^Zfx, Hh^Zfx, Hh^Zfx, Hh^Zfx, Hh^Zfx, Hh^Zfx, Hh^Zfx, Hh^Zfx, Hh^Zfx, Hh^Zfx, Hh^Zfx, Hh^Zfx, Hh^Zfx, Hh^Zfx, Hh^Zfx, Hh^Zfx, Hh^Zfx, Hh^Zfx, Hh^Zfx, Hh^Zfx, Hh^Zfx, Hh^Zfx, Hh^Zfx, Hh^Zfx, Hh^Zfx, Hh^Zfx, Hh^Zfx, Hh^Zfx, Hh^Zfx, Hh^Zfx, Hh^Zfx, Hh^Zfx, Hh^Zfx, Hh^Zfx, Hh^Zfx, Hh^Zfx, Hh^Zfx, Hh^Zfx, Hh^Zfx, Hh^Zfx, Hh^Zfx
Hh^Zfx, Hh^Zfx, Hh^Zfx, Hh^Zfx, Hh^Zfx, Hh^Zfx, Hh^Zfx, Hh^Zfx, Hh^Zfx, Hh^Zfx, Hh^Zfx, Hh^Zfx, Hh^Zfx, Gll^Fp, Hh^Zfx, Hh^Zfx, Hh^Zfx, Hh^Zfx, Hh^Zfx, Gll^Fp, Gll^Fp, Gll^Fp, Gs, Gg, Rb, Rb, Rb, Rb, Rb, Gs, Gs, Gs, Gs, Gs, Gs, Gs, Hh^Zfx, Hh^Zfx, Hh^Zfx, Hh^Zfx, Hh^Zfx, Hh^Zfx, Hh^Zfx, Hh^Zfx, Hh^Zfx, Hh^Zfx, Hh^Zfx, Hh^Zfx, Hh^Zfx, Hh^Zfx, Hh^Zfx, Hh^Zfx, Hh^Zfx, Hh^Zfx, Hh^Zfx, Hh^Zfx, Hh^Zfx, Hh^Zfx, Hh^Zfx, Hh^Zfx, Hh^Zfx, Hh^Zfx, Hh^Zfx, Hh^Zfx, Hh^Zfx, Hh^Zfx, Hh^Zfx, Hh^Zfx, Hh^Zfx, Hh^Zfx, Hh^Zfx, Hh^Zfx, Hh^Zfx, Hh^Zfx, Hh^Zfx, Hh^Zfx, Hh^Zfx, Hh^Zfx, Hh^Zfx, Hh^Zfx, Hh^Zfx, Hh^Zfx, Hh^Zfx, Hh^Zfx, Hh^Zfx, Hh^Zfx, Hh^Zfx, Hh^Zfx, Hh^Zfx, Hh^Zfx, Hh^Zfx, Hh^Zfx, Hh^Zfx, Hh^Zfx, Hh^Zfx, Hh^Zfx, Hh^Zfx, Hh^Zfx, Hh^Zfx
Hh^Zfx, Hh^Zfx, Hh^Zfx, Hh^Zfx, Hh^Zfx, Hh^Zfx, Hh^Zfx, Hh^Zfx, Hh^Zfx, Hh^Zfx, Hh^Zfx, Hh^Zfx, Hh^Zfx, Gll^Fp, Hh^Zfx, Hh^Zfx, Hh^Zfx, Hh^Zfx, Hh^Zfx, Gll^Fp, Gs, Gs, Rb, Rb, Gg, Ss, Ss, Gg, Rb, Rb, Rb, Gs, Gs, Gs, Gs, Gs, Hh^Zfx, Hh^Zfx, Hh^Zfx, Hh^Zfx, Hh^Zfx, Hh^Zfx, Hh^Zfx, Hh^Zfx, Hh^Zfx, Hh^Zfx, Hh^Zfx, Hh^Zfx, Hh^Zfx, Hh^Zfx, Hh^Zfx, Hh^Zfx, Hh^Zfx, Hh^Zfx, Hh^Zfx, Hh^Zfx, Hh^Zfx, Hh^Zfx, Hh^Zfx, Hh^Zfx, Hh^Zfx, Hh^Zfx, Hh^Zfx, Hh^Zfx, Hh^Zfx, Hh^Zfx, Hh^Zfx, Hh^Zfx, Hh^Zfx, Hh^Zfx, Hh^Zfx, Hh^Zfx, Hh^Zfx, Hh^Zfx, Hh^Zfx, Hh^Zfx, Hh^Zfx, Hh^Zfx, Hh^Zfx, Hh^Zfx, Hh^Zfx, Hh^Zfx, Hh^Zfx, Hh^Zfx, Hh^Zfx, Hh^Zfx, Hh^Zfx, Hh^Zfx, Hh^Zfx, Hh^Zfx, Hh^Zfx, Hh^Zfx, Hh^Zfx, Hh^Zfx, Hh^Zfx, Hh^Zfx, Hh^Zfx, Hh^Zfx, Hh^Zfx
Hh^Zfx, Hh^Zfx, Hh^Zfx, Hh^Zfx, Hh^Zfx, Hh^Zfx, Hh^Zfx, Hh^Zfx, Hh^Zfx, Hh^Zfx, Hh^Zfx, Hh^Zfx, Gll^Fp, Gll^Fp, Hh^Zfx, Hh^Zfx, Hh^Zfx, Hh^Zfx, Gll^Fp, Gll^Fp, Gg, Gs, Rb, Gg, Ss, Sm, Ss, Ss, Ss, Rb, Gg, Rb, Gs, Gs, Gs, Gll^Fp, Hh^Zfx, Hh^Zfx, Hh^Zfx, Hh^Zfx, Hh^Zfx, Hh^Zfx, Hh^Zfx, Hh^Zfx, Hh^Zfx, Hh^Zfx, Hh^Zfx, Hh^Zfx, Hh^Zfx, Hh^Zfx, Hh^Zfx, Hh^Zfx, Hh^Zfx, Hh^Zfx, Hh^Zfx, Hh^Zfx, Hh^Zfx, Hh^Zfx, Hh^Zfx, Hh^Zfx, Hh^Zfx, Hh^Zfx, Hh^Zfx, Hh^Zfx, Hh^Zfx, Hh^Zfx, Hh^Zfx, Hh^Zfx, Hh^Zfx, Hh^Zfx, Hh^Zfx, Hh^Zfx, Hh^Zfx, Hh^Zfx, Hh^Zfx, Hh^Zfx, Hh^Zfx, Hh^Zfx, Hh^Zfx, Hh^Zfx, Hh^Zfx, Hh^Zfx, Hh^Zfx, Hh^Zfx, Hh^Zfx, Hh^Zfx, Hh^Zfx, Hh^Zfx, Hh^Zfx, Hh^Zfx, Hh^Zfx, Hh^Zfx, Hh^Zfx, Hh^Zfx, Hh^Zfx, Hh^Zfx, Hh^Zfx, Hh^Zfx, Hh^Zfx
Hh^Zfx, Hh^Zfx, Hh^Zfx, Hh^Zfx, Hh^Zfx, Hh^Zfx, Hh^Zfx, Hh^Zfx, Hh^Zfx, Hh^Zfx, Gll^Fp, Gll^Fp, Gll^Fp, Gll^Fp, Gll^Fp, Hh^Zfx, Gll^Fp, Gll^Fp, Gll^Fp, Gg, Gg, Gg, Rb, Gg, Ss, Sm, Ss, Ss, Ss, Ss, Rb, Rb, Gs, Gs, Gs, Gll^Fp, Hh^Zfx, Hh^Zfx, Hh^Zfx, Hh^Zfx, Hh^Zfx, Hh^Zfx, Hh^Zfx, Hh^Zfx, Hh^Zfx, Hh^Zfx, Hh^Zfx, Hh^Zfx, Hh^Zfx, Hh^Zfx, Hh^Zfx, Hh^Zfx, Hh^Zfx, Hh^Zfx, Hh^Zfx, Hh^Zfx, Hh^Zfx, Hh^Zfx, Hh^Zfx, Hh^Zfx, Hh^Zfx, Hh^Zfx, Hh^Zfx, Hh^Zfx, Hh^Zfx, Hh^Zfx, Hh^Zfx, Hh^Zfx, Hh^Zfx, Hh^Zfx, Hh^Zfx, Hh^Zfx, Hh^Zfx, Hh^Zfx, Hh^Zfx, Hh^Zfx, Hh^Zfx, Hh^Zfx, Hh^Zfx, Hh^Zfx, Hh^Zfx, Hh^Zfx, Hh^Zfx, Hh^Zfx, Hh^Zfx, Hh^Zfx, Hh^Zfx, Hh^Zfx, Hh^Zfx, Hh^Zfx, Hh^Zfx, Hh^Zfx, Hh^Zfx, Hh^Zfx, Hh^Zfx, Hh^Zfx, Hh^Zfx, Hh^Zfx, Hh^Zfx
Hh^Zfx, Hh^Zfx, Hh^Zfx, Hh^Zfx, Hh^Zfx, Hh^Zfx, Hh^Zfx, Hh^Zfx, Hh^Zfx, Gll^Fp, Gll^Fp, Gll^Fp, Gg, Gll^Fp, Gg, Gg, Gg, Gg, Gg, Gg, Ss, Gg, Gg, Gg, Ss, Sm, Sm, Sm, Sm, Ss, Gg, Rb, Rb, Gs, Gs, Gll^Fp, Hh^Zfx, Hh^Zfx, Hh^Zfx, Hh^Zfx, Hh^Zfx, Hh^Zfx, Hh^Zfx, Hh^Zfx, Hh^Zfx, Hh^Zfx, Hh^Zfx, Hh^Zfx, Hh^Zfx, Hh^Zfx, Hh^Zfx, Hh^Zfx, Hh^Zfx, Hh^Zfx, Hh^Zfx, Hh^Zfx, Hh^Zfx, Hh^Zfx, Hh^Zfx, Hh^Zfx, Hh^Zfx, Hh^Zfx, Hh^Zfx, Hh^Zfx, Hh^Zfx, Hh^Zfx, Hh^Zfx, Hh^Zfx, Hh^Zfx, Hh^Zfx, Hh^Zfx, Hh^Zfx, Hh^Zfx, Hh^Zfx, Hh^Zfx, Hh^Zfx, Hh^Zfx, Hh^Zfx, Hh^Zfx, Hh^Zfx, Hh^Zfx, Hh^Zfx, Hh^Zfx, Hh^Zfx, Hh^Zfx, Hh^Zfx, Hh^Zfx, Hh^Zfx, Hh^Zfx, Hh^Zfx, Hh^Zfx, Hh^Zfx, Hh^Zfx, Hh^Zfx, Hh^Zfx, Hh^Zfx, Hh^Zfx, Hh^Zfx, Hh^Zfx
Hh^Zfx, Hh^Zfx, Hh^Zfx, Hh^Zfx, Hh^Zfx, Hh^Zfx, Hh^Zfx, Hh^Zfx, Gll^Fp, Gll^Fp, Gg, Gg, Ss, Gg, Ss, Gg, Ss, Gg, Ss, Ss, Ss, Gg, Gg^Ebn, Gg, Ss, Sm, Sm, Sm, Sm, Ss, Ss, Rb, Gg, Gs, Gs, Gll^Fp, Hh^Zfx, Hh^Zfx, Hh^Zfx, Hh^Zfx, Hh^Zfx, Hh^Zfx, Hh^Zfx, Hh^Zfx, Hh^Zfx, Hh^Zfx, Hh^Zfx, Hh^Zfx, Hh^Zfx, Hh^Zfx, Hh^Zfx, Hh^Zfx, Hh^Zfx, Hh^Zfx, Hh^Zfx, Hh^Zfx, Hh^Zfx, Hh^Zfx, Hh^Zfx, Hh^Zfx, Hh^Zfx, Hh^Zfx, Hh^Zfx, Hh^Zfx, Hh^Zfx, Hh^Zfx, Hh^Zfx, Hh^Zfx, Hh^Zfx, Hh^Zfx, Hh^Zfx, Hh^Zfx, Hh^Zfx, Hh^Zfx, Hh^Zfx, Hh^Zfx, Hh^Zfx, Hh^Zfx, Hh^Zfx, Hh^Zfx, Hh^Zfx, Hh^Zfx, Hh^Zfx, Hh^Zfx, Hh^Zfx, Hh^Zfx, Hh^Zfx, Hh^Zfx, Hh^Zfx, Hh^Zfx, Hh^Zfx, Hh^Zfx, Hh^Zfx, Hh^Zfx, Hh^Zfx, Hh^Zfx, Hh^Zfx, Hh^Zfx, Hh^Zfx
Hh^Zfx, Hh^Zfx, Hh^Zfx, Hh^Zfx, Hh^Zfx, Hh^Zfx, Gll^Fp, Gll^Fp, Gll^Fp, Gg, Ss, Ss, Sm, Sm, Sm, Sm, Sm, Ss, Sm, Sm, Ss, Ss, Ss^Bw|r, Ss, Sm, Sm, Sm, Sm, Sm, Sm, Ss, Gg, Gg, Gg, Gs, Gll^Fp, Hh^Zfx, Hh^Zfx, Hh^Zfx, Hh^Zfx, Hh^Zfx, Hh^Zfx, Hh^Zfx, Hh^Zfx, Hh^Zfx, Hh^Zfx, Hh^Zfx, Hh^Zfx, Hh^Zfx, Hh^Zfx, Hh^Zfx, Hh^Zfx, Hh^Zfx, Hh^Zfx, Hh^Zfx, Hh^Zfx, Hh^Zfx, Hh^Zfx, Hh^Zfx, Hh^Zfx, Hh^Zfx, Hh^Zfx, Hh^Zfx, Hh^Zfx, Hh^Zfx, Hh^Zfx, Hh^Zfx, Hh^Zfx, Hh^Zfx, Hh^Zfx, Hh^Zfx, Hh^Zfx, Hh^Zfx, Hh^Zfx, Hh^Zfx, Hh^Zfx, Hh^Zfx, Hh^Zfx, Hh^Zfx, Hh^Zfx, Hh^Zfx, Hh^Zfx, Hh^Zfx, Hh^Zfx, Hh^Zfx, Hh^Zfx, Hh^Zfx, Hh^Zfx, Hh^Zfx, Hh^Zfx, Hh^Zfx, Hh^Zfx, Hh^Zfx, Hh^Zfx, Hh^Zfx, Hh^Zfx, Hh^Zfx, Hh^Zfx, Hh^Zfx
Sm, Hh^Zfx, Sm, Hh^Zfx, Gll^Fp, Gg, Gg, Gg, Gg, Gg, Ss, Sm, Sm, Sm, Sm, Sm, Sm, Sm, Sm, Sm, Sm, Ss, Ss^Bw|r, Sm, Sm, Sm, Sm, Sm, Sm, Sm, Sm, Ss, Gg, Gg, Gg, Gll^Fp, Gll^Fp, Hh^Zfx, Hh^Zfx, Hh^Zfx, Mm^Xm, Hh^Zfx, Hh^Zfx, Hh^Zfx, Hh^Zfx, Hh^Zfx, Hh^Zfx, Hh^Zfx, Hh^Zfx, Hh^Zfx, Hh^Zfx, Hh^Zfx, Hh^Zfx, Hh^Zfx, Hh^Zfx, Hh^Zfx, Hh^Zfx, Hh^Zfx, Hh^Zfx, Hh^Zfx, Hh^Zfx, Hh^Zfx, Hh^Zfx, Hh^Zfx, Hh^Zfx, Hh^Zfx, Hh^Zfx, Hh^Zfx, Hh^Zfx, Hh^Zfx, Hh^Zfx, Hh^Zfx, Hh^Zfx, Hh^Zfx, Hh^Zfx, Hh^Zfx, Hh^Zfx, Hh^Zfx, Hh^Zfx, Hh^Zfx, Hh^Zfx, Hh^Zfx, Hh^Zfx, Hh^Zfx, Hh^Zfx, Hh^Zfx, Hh^Zfx, Hh^Zfx, Hh^Zfx, Hh^Zfx, Hh^Zfx, Hh^Zfx, Hh^Zfx, Hh^Zfx, Hh^Zfx, Hh^Zfx, Hh^Zfx, Hh^Zfx, Hh^Zfx
Sm, Sm, Sm, Sm, Sm, Ss, Sm, Ss, Sm, Ss, Sm, Sm, Sm, Sm, Sm, Sm, Sm, Sm, Sm, Sm, Sm, Sm, Sm^Bw|r, Sm, Sm, Sm, Sm, Sm, Sm, Sm, Sm, Ss, Gg, Gg, Gg, Gg, Gg, Gll^Fp, Gg, Hh^Zfx, Mm^Xm, Hh^Zfx, Hh^Zfx, Hh^Zfx, Hh^Zfx, Hh^Zfx, Hh^Zfx, Hh^Zfx, Hh^Zfx, Hh^Zfx, Hh^Zfx, Hh^Zfx, Hh^Zfx, Hh^Zfx, Hh^Zfx, Hh^Zfx, Hh^Zfx, Hh^Zfx, Hh^Zfx, Hh^Zfx, Hh^Zfx, Hh^Zfx, Hh^Zfx, Hh^Zfx, Hh^Zfx, Hh^Zfx, Hh^Zfx, Hh^Zfx, Hh^Zfx, Hh^Zfx, Hh^Zfx, Hh^Zfx, Hh^Zfx, Hh^Zfx, Hh^Zfx, Hh^Zfx, Hh^Zfx, Hh^Zfx, Hh^Zfx, Hh^Zfx, Hh^Zfx, Hh^Zfx, Hh^Zfx, Hh^Zfx, Hh^Zfx, Hh^Zfx, Hh^Zfx, Hh^Zfx, Hh^Zfx, Hh^Zfx, Hh^Zfx, Hh^Zfx, Hh^Zfx, Hh^Zfx, Hh^Zfx, Hh^Zfx, Hh^Zfx, Hh^Zfx, Hh^Zfx
Sm, Sm, Sm, Sm, Sm, Sm, Sm, Sm, Sm, Sm, Sm, Sm, Sm, Sm, Sm, Sm, Sm, Sm, Sm, Sm, Sm, Sm, Sm^Bw|r, Sm, Sm, Sm, Sm, Sm, Sm, Sm, Sm, Ss, Ss, Gg, Ss, Gg, Ss, Gg, Ss, Hh^Zfx, Hh^Zfx, Hh^Zfx, Hh^Zfx, Hh^Zfx, Hh^Zfx, Hh^Zfx, Hh^Zfx, Hh^Zfx, Hh^Zfx, Hh^Zfx, Hh^Zfx, Hh^Zfx, Hh^Zfx, Hh^Zfx, Hh^Zfx, Hh^Zfx, Hh^Zfx, Hh^Zfx, Hh^Zfx, Hh^Zfx, Hh^Zfx, Hh^Zfx, Hh^Zfx, Hh^Zfx, Hh^Zfx, Hh^Zfx, Hh^Zfx, Hh^Zfx, Hh^Zfx, Hh^Zfx, Hh^Zfx, Hh^Zfx, Hh^Zfx, Hh^Zfx, Hh^Zfx, Hh^Zfx, Hh^Zfx, Hh^Zfx, Hh^Zfx, Hh^Zfx, Hh^Zfx, Hh^Zfx, Hh^Zfx, Hh^Zfx, Hh^Zfx, Hh^Zfx, Hh^Zfx, Hh^Zfx, Hh^Zfx, Hh^Zfx, Hh^Zfx, Hh^Zfx, Hh^Zfx, Hh^Zfx, Hh^Zfx, Hh^Zfx, Hh^Zfx, Hh^Zfx, Hh^Zfx
Sm, Sm, Sm, Sm, Sm, Sm, Sm, Sm, Sm, Sm, Sm, Sm, Sm, Sm, Sm, Sm, Sm, Sm, Sm, Sm, Sm, Sm, Sm^Bw|r, Sm, Sm, Sm, Sm, Sm, Sm, Sm, Sm, Sm, Sm, Ss, Sm, Ss, Ss, Ss, Ss, Sm, Sm, Sm, Sm, Sm, Sm, Sm, Sm, Sm, Sm, Hh^Zfx, Sm, Sm, Sm, Hh^Zfx, Sm, Sm, Sm, Hh^Zfx, Sm, Sm, Sm, Hh^Zfx, Sm, Sm, Sm, Hh^Zfx, Sm, Sm, Sm, Hh^Zfx, Sm, Sm, Sm, Hh^Zfx, Sm, Sm, Sm, Hh^Zfx, Sm, Hh^Zfx, Sm, Hh^Zfx, Sm, Hh^Zfx, Sm, Hh^Zfx, Sm, Hh^Zfx, Sm, Hh^Zfx, Sm, Hh^Zfx, Sm, Hh^Zfx, Sm, Hh^Zfx, Sm, Hh^Zfx, Sm
Sm, Sm, Sm, Sm, Sm, Sm, Sm, Sm, Sm, Sm, Sm, Sm, Sm, Sm, Sm, Sm, Sm, Sm, Sm, Sm, Sm, Sm, Sm^Bw|r, Sm, Sm, Sm, Sm, Sm, Sm, Sm, Sm, Sm, Sm, Sm, Sm, Sm, Sm, Ss, Sm, Sm, Sm, Sm, Sm, Sm, Sm, Sm, Sm, Sm, Sm, Sm, Sm, Sm, Sm, Sm, Sm, Sm, Sm, Sm, Sm, Sm, Sm, Sm, Sm, Sm, Sm, Sm, Sm, Sm, Sm, Sm, Sm, Sm, Sm, Sm, Sm, Sm, Sm, Sm, Sm, Sm, Sm, Sm, Sm, Sm, Sm, Sm, Sm, Sm, Sm, Sm, Sm, Sm, Sm, Sm, Sm, Sm, Sm, Sm, Sm
Sm, Sm, Sm, Sm, Sm, Sm, Sm, Sm, Sm, Sm, Sm, Sm, Sm, Sm, Sm, Sm, Sm, Sm, Sm, Sm, Sm, Sm, Sm^Bw|r, Sm, Sm, Sm, Sm, Sm, Sm, Sm, Sm, Sm, Sm, Sm, Sm, Sm, Sm, Sm, Sm, Sm, Sm, Sm, Sm, Sm, Sm, Sm, Sm, Sm, Sm, Sm, Sm, Sm, Sm, Sm, Sm, Sm, Sm, Sm, Sm, Sm, Sm, Sm, Sm, Sm, Sm, Sm, Sm, Sm, Sm, Sm, Sm, Sm, Sm, Sm, Sm, Sm, Sm, Sm, Sm, Sm, Sm, Sm, Sm, Sm, Sm, Sm, Sm, Sm, Sm, Sm, Sm, Sm, Sm, Sm, Sm, Sm, Sm, Sm, Sm
Sm, Sm, Sm, Sm, Sm, Sm, Sm, Sm, Sm, Sm, Sm, Sm, Sm, Sm, Sm, Sm, Sm, Sm, Sm, Sm, Sm, Sm, Sm^Bw|r, Sm, Sm, Sm, Sm, Sm, Sm, Sm, Sm, Sm, Sm, Sm, Sm, Sm, Sm, Sm, Sm, Sm, Sm, Sm, Sm, Sm, Sm, Sm, Sm, Sm, Sm, Sm, Sm, Sm, Sm, Sm, Sm, Sm, Sm, Sm, Sm, Sm, Sm, Sm, Sm, Sm, Sm, Sm, Sm, Sm, Sm, Sm, Sm, Sm, Sm, Sm, Sm, Sm, Sm, Sm, Sm, Sm, Sm, Sm, Sm, Sm, Sm, Sm, Sm, Sm, Sm, Sm, Sm, Sm, Sm, Sm, Sm, Sm, Sm, Sm, Sm
Sm, Sm, Sm, Sm, Sm, Sm, Sm, Sm, Sm, Sm, Sm, Sm, Sm, Sm, Sm, Sm, Sm, Sm, Sm, Sm, Sm, Sm, Sm^Bw|r, Sm, Sm, Sm, Sm, Sm, Sm, Sm, Sm, Sm, Sm, Sm, Sm, Sm, Sm, Sm, Sm, Sm, Sm, Sm, Sm, Sm, Sm, Sm, Sm, Sm, Sm, Sm, Sm, Sm, Sm, Sm, Sm, Sm, Sm, Sm, Sm, Sm, Sm, Sm, Sm, Sm, Sm, Sm, Sm, Sm, Sm, Sm, Sm, Sm, Sm, Sm, Sm, Sm, Sm, Sm, Sm, Sm, Sm, Sm, Sm, Sm, Sm, Sm, Sm, Sm, Sm, Sm, Sm, Sm, Sm, Sm, Sm, Sm, Sm, Sm, Sm
Sm, Sm, Sm, Sm, Sm, Sm, Sm, Sm, Sm, Sm, Sm, Sm, Sm, Sm, Sm, Sm, Sm, Sm, Sm, Sm^Bw\r, Sm^Bw/r, Sm^Bw/r, Sm^Bw|r, Sm, Sm, Sm, Sm, Sm, Sm, Sm, Sm, Sm, Sm, Sm, Sm, Sm, Sm, Sm, Sm, Sm, Sm, Sm, Sm, Sm, Sm, Sm, Sm, Sm, Sm, Sm, Sm, Sm, Sm, Sm, Sm, Sm, Sm, Sm, Sm, Sm, Sm, Sm, Sm, Sm, Sm, Sm, Sm, Sm, Sm, Sm, Sm, Sm, Sm, Sm, Sm, Sm, Sm, Sm, Sm, Sm, Sm, Sm, Sm, Sm, Sm, Sm, Sm, Sm, Sm, Sm, Sm, Sm, Sm, Sm, Sm, Sm, Sm, Sm, Sm
Sm, Sm, Sm, Sm, Sm, Sm, Sm, Sm, Sm, Sm, Sm, Sm, Sm, Sm, Sm, Sm, Sm, Sm, Sm, Sm, Sm, Sm, Sm^Bw|r, Sm, Sm, Sm, Sm, Sm, Sm, Sm, Sm, Sm, Sm, Sm, Sm, Sm, Sm, Sm, Sm, Sm, Sm, Sm, Sm, Sm, Sm, Sm, Sm, Sm, Sm, Sm, Sm, Sm, Sm, Sm, Sm, Sm, Sm, Sm, Sm, Sm, Sm, Sm, Sm, Sm, Sm, Sm, Sm, Sm, Sm, Sm, Sm, Sm, Sm, Sm, Sm, Sm, Sm, Sm, Sm, Sm, Sm, Sm, Sm, Sm, Sm, Sm, Sm, Sm, Sm, Sm, Sm, Sm, Sm, Sm, Sm, Sm, Sm, Sm, Sm
Sm, Sm, Sm, Sm, Sm, Sm, Sm, Sm, Sm, Sm, Sm, Sm, Sm, Sm, Sm, Sm, Sm, Sm, Sm, Sm, Sm, Sm, Sm^Bw|r, Sm, Sm, Sm, Sm, Sm, Sm, Sm, Sm, Sm, Sm, Sm, Sm, Sm, Sm, Sm, Sm, Sm, Sm, Sm, Sm, Sm, Sm, Sm, Sm, Sm, Sm, Sm, Sm, Sm, Sm, Sm, Sm, Sm, Sm, Sm, Sm, Sm, Sm, Sm, Sm, Sm, Sm, Sm, Sm, Sm, Sm, Sm, Sm, Sm, Sm, Sm, Sm, Sm, Sm, Sm, Sm, Sm, Sm, Sm, Sm, Sm, Sm, Sm, Sm, Sm, Sm, Sm, Sm, Sm, Sm, Sm, Sm, Sm, Sm, Sm, Sm
Sm, Sm, Sm, Sm, Sm, Sm, Sm, Sm, Sm, Sm, Sm, Sm, Sm, Sm, Sm, Sm, Sm, Sm, Sm, Sm, Sm, Sm, Sm^Bw|r, Sm, Sm, Sm, Sm, Sm, Sm, Sm, Sm, Sm, Sm, Sm, Sm, Sm, Sm, Sm, Sm, Sm, Sm, Sm, Sm, Sm, Sm, Sm, Sm, Sm, Sm, Sm, Sm, Sm, Sm, Sm, Sm, Sm, Sm, Sm, Sm, Sm, Sm, Sm, Sm, Sm, Sm, Sm, Sm, Sm, Sm, Sm, Sm, Sm, Sm, Sm, Sm, Sm, Sm, Sm, Sm, Sm, Sm, Sm, Sm, Sm, Sm, Sm, Sm, Sm, Sm, Sm, Sm, Sm, Sm, Sm, Sm, Sm, Sm, Sm, Sm
Sm, Sm, Sm, Sm, Sm, Sm, Sm, Sm, Sm, Sm, Sm, Sm, Sm, Sm, Sm, Sm, Sm, Sm, Sm, Sm, Sm, Sm, Sm^Bw|r, Sm, Sm, Sm, Sm, Sm, Sm, Sm, Sm, Sm, Sm, Sm, Sm, Sm, Sm, Sm, Sm, Sm, Sm, Sm, Sm, Sm, Sm, Sm, Sm, Sm, Sm, Sm, Sm, Sm, Sm, Sm, Sm, Sm, Sm, Sm, Sm, Sm, Sm, Sm, Sm, Sm, Sm, Sm, Sm, Sm, Sm, Sm, Sm, Sm, Sm, Sm, Sm, Sm, Sm, Sm, Sm, Sm, Sm, Sm, Sm, Sm, Sm, Sm, Sm, Sm, Sm, Sm, Sm, Sm, Sm, Sm, Sm, Sm, Sm, Sm, Sm
Sm, Sm, Sm, Sm, Sm, Sm, Sm, Sm, Sm, Sm, Sm, Sm, Sm, Sm, Sm, Sm, Sm, Sm, Sm, Sm, Sm, Sm, Sm^Bw|r, Sm, Sm, Sm, Sm, Sm, Sm, Sm, Sm, Sm, Sm, Sm, Sm, Sm, Sm, Sm, Sm, Sm, Sm, Sm, Sm, Sm, Sm, Sm, Sm, Sm, Sm, Sm, Sm, Sm, Sm, Sm, Sm, Sm, Sm, Sm, Sm, Sm, Sm, Sm, Sm, Sm, Sm, Sm, Sm, Sm, Sm, Sm, Sm, Sm, Sm, Sm, Sm, Sm, Sm, Sm, Sm, Sm, Sm, Sm, Sm, Sm, Sm, Sm, Sm, Sm, Sm, Sm, Sm, Sm, Sm, Sm, Sm, Sm, Sm, Sm, Sm
Sm, Sm, Sm, Sm, Sm, Sm, Sm, Sm, Sm, Sm, Sm, Sm, Sm, Sm, Sm, Sm, Sm, Sm, Sm, Sm, Sm, Sm, Sm^Bw|r, Sm, Sm, Sm, Hh, Hh, Sm, Sm, Sm, Sm, Sm, Sm, Sm, Sm, Sm, Sm, Sm, Sm, Sm, Sm, Sm, Sm, Sm, Sm, Sm, Sm, Sm, Sm, Sm, Sm, Sm, Sm, Sm, Sm, Sm, Sm, Sm, Sm, Sm, Sm, Sm, Sm, Sm, Sm, Sm, Sm, Sm, Sm, Sm, Sm, Sm, Sm, Sm, Sm, Sm, Sm, Sm, Sm, Sm, Sm, Sm, Sm, Sm, Sm, Sm, Sm, Sm, Sm, Sm, Sm, Sm, Sm, Sm, Sm, Sm, Sm, Sm
Sm, Sm, Sm, Sm, Sm, Sm, Sm, Sm, Sm, Sm, Sm, Sm, Sm, Sm, Sm, Sm, Sm, Sm, Sm, Sm, Sm, Sm, Gg^Bw|r, Sm, Gg, Hh, Gg, Hh, Gg, Sm, Sm, Sm, Sm, Sm, Sm, Sm, Sm, Sm, Sm, Sm, Sm, Sm, Sm, Sm, Sm, Sm, Sm, Sm, Sm, Sm, Sm, Sm, Sm, Sm, Sm, Sm, Sm, Sm, Sm, Sm, Sm, Sm, Sm, Sm, Sm, Sm, Sm, Sm, Sm, Sm, Sm, Sm, Sm, Sm, Sm, Sm, Sm, Sm, Sm, Sm, Sm, Sm, Sm, Sm, Sm, Sm, Sm, Sm, Sm, Sm, Sm, Sm, Sm, Sm, Sm, Sm, Sm, Sm, Sm
Sm, Sm, Sm, Sm, Sm, Sm, Sm, Sm, Sm, Sm, Sm, Sm, Sm, Sm, Sm, Sm, Sm, Sm, Sm, Sm, Hh, Gg^Ebn, Gg, Gg, Gg, Gg, Gg, Gg, Gg, Sm, Sm, Sm, Sm, Sm, Sm, Sm, Sm, Sm, Sm, Sm, Sm, Sm, Sm, Sm, Sm, Sm, Sm, Sm, Sm, Sm, Sm, Sm, Sm, Sm, Sm, Sm, Sm, Sm, Sm, Sm, Sm, Sm, Sm, Sm, Sm, Sm, Sm, Sm, Sm, Sm, Sm, Sm, Sm, Sm, Sm, Sm, Sm, Sm, Sm, Sm, Sm, Sm, Sm, Sm, Sm, Sm, Sm, Sm, Sm, Sm, Sm, Sm, Sm, Sm, Sm, Sm, Sm, Sm, Sm
Sm, Sm, Sm, Sm, Sm, Sm, Sm, Sm, Sm, Sm, Sm, Sm, Sm, Sm, Sm, Sm, Sm, Sm, Sm, Sm, Hh, Hh, Gg, Gg, Gg, Gg, Sm, Gg, Gg, Gg, Sm, Sm, Sm, Sm, Sm, Sm, Sm, Sm, Sm, Sm, Sm, Sm, Sm, Sm, Sm, Sm, Sm, Sm, Sm, Sm, Sm, Sm, Sm, Sm, Sm, Sm, Sm, Sm, Sm, Sm, Sm, Sm, Sm, Sm, Sm, Sm, Sm, Sm, Sm, Sm, Sm, Sm, Sm, Sm, Sm, Sm, Sm, Sm, Sm, Sm, Sm, Sm, Sm, Sm, Sm, Sm, Sm, Sm, Sm, Sm, Sm, Sm, Sm, Sm, Sm, Sm, Sm, Sm, Sm
Sm, Sm, Sm, Sm, Sm, Sm, Sm, Sm, Sm, Sm, Sm, Sm, Sm, Sm, Sm, Sm, Sm, Sm, Sm, Sm, Hh, Hh, Gg, Gg, Hh^Ebn, Sm, Sm, Hh, Gg, Gg, Sm, Sm, Sm, Sm, Sm, Sm, Sm, Sm, Sm, Sm, Sm, Sm, Sm, Sm, Sm, Sm, Sm, Sm, Sm, Sm, Sm, Sm, Sm, Sm, Sm, Sm, Sm, Sm, Sm, Sm, Sm, Sm, Sm, Sm, Sm, Sm, Sm, Sm, Sm, Sm, Sm, Sm, Sm, Sm, Sm, Sm, Sm, Sm, Sm, Sm, Sm, Sm, Sm, Sm, Sm, Sm, Sm, Sm, Sm, Sm, Sm, Sm, Sm, Sm, Sm, Sm, Sm, Sm, Sm
Sm, Sm, Sm, Sm, Sm, Sm, Sm, Sm, Sm, Sm, Sm, Sm, Sm, Sm, Sm, Sm, Sm, Sm, Sm, Sm, Sm, Hh, Hh, Gg, Gg, Hh, Sm, Gg, Gg, Gg, Sm, Sm, Sm, Sm, Sm, Sm, Sm, Sm, Sm, Sm, Sm, Sm, Sm, Sm, Sm, Sm, Sm, Sm, Sm, Sm, Sm, Sm, Sm, Sm, Sm, Sm, Sm, Sm, Sm, Sm, Sm, Sm, Sm, Sm, Sm, Sm, Sm, Sm, Sm, Sm, Sm, Sm, Sm, Sm, Sm, Sm, Sm, Sm, Sm, Sm, Sm, Sm, Sm, Sm, Sm, Sm, Sm, Sm, Sm, Sm, Sm, Sm, Sm, Sm, Sm, Sm, Sm, Sm, Sm
Sm, Sm, Sm, Sm, Sm, Sm, Sm, Sm, Sm, Sm, Sm, Sm, Sm, Sm, Sm, Sm, Sm, Sm, Sm, Sm, Sm, Sm, Sm, Hh, Gg, Hh, Hh, Gg, Gg, Gg, Sm, Sm, Sm, Sm, Sm, Sm, Sm, Sm, Sm, Sm, Sm, Sm, Sm, Sm, Sm, Sm, Sm, Sm, Sm, Sm, Sm, Sm, Sm, Sm, Sm, Sm, Sm, Sm, Sm, Sm, Sm, Sm, Sm, Sm, Sm, Sm, Sm, Sm, Sm, Sm, Sm, Sm, Sm, Sm, Sm, Sm, Sm, Sm, Sm, Sm, Sm, Sm, Sm, Sm, Sm, Sm, Sm, Sm, Sm, Sm, Sm, Sm, Sm, Sm, Sm, Sm, Sm, Sm, Sm
Sm, Sm, Sm, Sm, Sm, Sm, Sm, Sm, Sm, Sm, Sm, Sm, Sm, Sm, Sm, Sm, Sm, Sm, Sm, Sm, Sm, Sm, Sm, Hh, Gg, Gg, Gg, Gg, Hh, Sm, Sm, Sm, Sm, Sm, Sm, Sm, Sm, Sm, Sm, Sm, Sm, Sm, Sm, Sm, Sm, Sm, Sm, Sm, Sm, Sm, Sm, Sm, Sm, Sm, Sm, Sm, Sm, Sm, Sm, Sm, Sm, Sm, Sm, Sm, Sm, Sm, Sm, Sm, Sm, Sm, Sm, Sm, Sm, Sm, Sm, Sm, Sm, Sm, Sm, Sm, Sm, Sm, Sm, Sm, Sm, Sm, Sm, Sm, Sm, Sm, Sm, Sm, Sm, Sm, Sm, Sm, Sm, Sm, Sm
Sm, Sm, Sm, Sm, Sm, Sm, Sm, Sm, Sm, Sm, Sm, Sm, Sm, Sm, Sm, Sm, Sm, Sm, Sm, Sm, Sm, Sm, Sm, Sm, Gg, Gg, Gg, Gg, Gg, Sm, Sm, Sm, Sm, Sm, Sm, Sm, Sm, Sm, Sm, Sm, Sm, Sm, Sm, Sm, Sm, Sm, Sm, Sm, Sm, Sm, Sm, Sm, Sm, Sm, Sm, Sm, Sm, Sm, Sm, Sm, Sm, Sm, Sm, Sm, Sm, Sm, Sm, Sm, Sm, Sm, Sm, Sm, Sm, Sm, Sm, Sm, Sm, Sm, Sm, Sm, Sm, Sm, Sm, Sm, Sm, Sm, Sm, Sm, Sm, Sm, Sm, Sm, Sm, Sm, Sm, Sm, Sm, Sm, Sm
Sm, Sm, Sm, Sm, Sm, Sm, Sm, Sm, Sm, Sm, Sm, Sm, Sm, Sm, Sm, Sm, Sm, Sm, Sm, Sm, Sm, Sm, Sm, Sm, Sm, Gg, Gg^Bw|r, Gg^Ebn, Gg, Gg, Sm, Sm, Sm, Sm, Sm, Sm, Sm, Sm, Sm, Sm, Sm, Sm, Sm, Sm, Sm, Sm, Sm, Sm, Sm, Sm, Sm, Sm, Sm, Sm, Sm, Sm, Sm, Sm, Sm, Sm, Sm, Sm, Sm, Sm, Sm, Sm, Sm, Sm, Sm, Sm, Sm, Sm, Sm, Sm, Sm, Sm, Sm, Sm, Sm, Sm, Sm, Sm, Sm, Sm, Sm, Sm, Sm, Sm, Sm, Sm, Sm, Sm, Sm, Sm, Sm, Sm, Sm, Sm, Sm
Sm, Sm, Sm, Sm, Sm, Sm, Sm, Sm, Sm, Sm, Sm, Sm, Sm, Sm, Sm, Sm, Sm, Sm, Sm, Sm, Sm, Sm, Sm, Sm, Sm, Sm, Sm^Bw|r, Sm, Sm, Sm, Sm, Sm, Sm, Sm, Sm, Sm, Sm, Sm, Sm, Sm, Sm, Sm, Sm, Sm, Sm, Sm, Sm, Sm, Sm, Sm, Sm, Sm, Sm, Sm, Sm, Sm, Sm, Sm, Sm, Sm, Sm, Sm, Sm, Sm, Sm, Sm, Sm, Sm, Sm, Sm, Sm, Sm, Gg, Sm, Sm, Sm, Sm, Sm, Sm, Sm, Sm, Sm, Sm, Sm, Sm, Sm, Sm, Sm, Sm, Sm, Sm, Sm, Sm, Sm, Sm, Sm, Sm, Sm, Sm
Sm, Sm, Sm, Sm, Sm, Sm, Sm, Sm, Sm, Sm, Sm, Sm, Sm, Sm, Sm, Sm, Sm, Sm, Sm, Sm, Sm, Sm, Sm, Sm, Sm, Sm, Sm^Bw|r, Sm, Sm, Sm, Sm, Sm, Sm, Sm, Sm, Sm, Sm, Sm, Sm, Sm, Sm, Sm, Sm, Sm, Sm, Sm, Sm, Sm, Sm, Sm, Sm, Sm, Sm, Sm, Sm, Sm, Sm, Sm, Sm, Sm, Sm, Sm, Sm, Sm, Sm, Sm, Sm, Sm, Sm, Sm, Hh, Gg, Gg, Gg, Hh, Sm, Sm, Sm, Sm, Sm, Sm, Sm, Sm, Sm, Sm, Sm, Sm, Sm, Sm, Sm, Sm, Sm, Sm, Sm, Sm, Sm, Sm, Sm, Sm
Sm, Sm, Sm, Sm, Sm, Sm, Sm, Sm, Sm, Sm, Sm, Sm, Sm, Sm, Sm, Sm, Sm, Sm, Sm, Sm, Sm, Sm, Sm, Sm, Sm, Sm, Sm^Bw|r, Sm, Sm, Sm, Sm, Sm, Sm, Sm, Sm, Sm, Sm, Sm, Sm, Sm, Sm, Sm, Sm, Sm, Sm, Sm, Sm, Sm, Sm, Sm, Sm, Sm, Sm, Sm, Sm, Sm, Sm, Sm, Sm, Sm, Sm, Sm, Sm, Sm, Sm, Sm, Sm, Sm, Sm, Sm, Gg, Gg, Gg, Gg, Hh, Sm, Gg, Sm, Sm, Sm, Sm, Sm, Sm, Sm, Sm, Sm, Sm, Sm, Sm, Sm, Sm, Sm, Sm, Sm, Sm, Sm, Sm, Sm, Sm
Sm, Sm, Sm, Sm, Sm, Sm, Sm, Sm, Sm, Sm, Sm, Sm, Sm, Sm, Sm, Sm, Sm, Sm, Sm, Sm, Sm, Sm, Sm, Sm, Sm, Sm^Bw\r, Sm^Bw|r, Sm, Sm, Sm, Sm, Sm, Sm, Sm, Sm, Sm, Sm, Sm, Sm, Sm, Sm, Sm, Sm, Sm, Sm, Sm, Sm, Sm, Sm, Sm, Sm, Sm, Sm, Sm, Sm, Sm, Sm, Sm, Sm, Sm, Sm, Sm, Sm, Sm, Sm, Sm, Sm, Sm, Sm, Sm, Gg, Gg, Gg, Hh, Gg, Hh, Gg^Fetd, Hh, Sm, Sm, Sm, Sm, Sm, Sm, Sm, Sm, Sm, Sm, Sm, Sm, Sm, Sm, Sm, Sm, Sm, Sm, Sm, Sm, Sm
Sm, Sm, Sm, Sm, Sm, Sm, Sm, Sm, Sm, Sm, Sm, Sm, Sm, Sm, Sm, Sm, Sm, Sm, Sm, Sm, Sm, Sm, Sm, Sm, Sm, Sm, Sm^Bw|r, Sm, Sm, Sm, Sm, Sm, Sm, Sm, Sm, Sm, Sm, Sm, Sm, Sm, Sm, Sm, Sm, Sm, Sm, Sm, Sm, Sm, Sm, Sm, Sm, Sm, Sm, Sm, Sm, Sm, Sm, Sm, Sm, Sm, Sm, Sm, Sm, Sm, Sm, Sm, Sm, Sm, Sm, Sm, Sm, Gg, Gg, Gg, Gg^Fetd, Gg, Gg, Gg, Sm, Sm, Sm, Sm, Sm, Sm, Sm, Sm, Sm, Sm, Sm, Sm, Sm, Sm, Sm, Sm, Sm, Sm, Sm, Sm, Sm
Sm, Sm, Sm, Sm, Sm, Sm, Sm, Sm, Sm, Sm, Sm, Sm, Sm, Sm, Sm, Sm, Sm, Sm, Sm, Sm, Sm, Sm, Sm, Sm, Sm, Sm, Sm^Bw|r, Sm, Sm, Sm, Sm, Sm, Sm, Sm, Sm, Sm, Sm, Sm, Sm, Sm, Sm, Sm, Sm, Sm, Sm, Sm, Sm, Sm, Sm, Sm, Sm, Sm, Sm, Sm, Sm, Sm, Sm, Sm, Sm, Sm, Sm, Sm, Sm, Sm, Sm, Sm, Sm, Sm, Sm, Sm, Sm, Sm, Hh, Gg, Gg, Gg, Gg, Hh, Sm, Sm, Sm, Sm, Sm, Sm, Sm, Sm, Sm, Sm, Sm, Sm, Sm, Sm, Sm, Sm, Sm, Sm, Sm, Sm, Sm
Sm, Sm, Sm, Sm, Sm, Sm, Sm, Sm, Sm, Sm, Sm, Sm, Sm, Sm, Sm, Sm, Sm, Sm, Sm, Sm, Sm, Sm, Sm, Sm, Sm, Sm, Sm^Bw|r, Sm, Sm, Sm, Sm, Sm, Sm, Sm, Sm, Sm, Sm, Sm, Sm, Sm, Sm, Sm, Sm, Sm, Sm, Sm, Sm, Sm, Sm, Sm, Sm, Sm, Sm, Sm, Sm, Sm, Sm, Sm, Sm, Sm, Sm, Sm, Sm, Sm, Sm, Sm, Sm, Sm, Sm, Sm, Sm, Sm, Sm, Hh, Hh, Gg, Hh, Sm, Sm, Sm, Sm, Sm, Sm, Sm, Sm, Sm, Sm, Sm, Sm, Sm, Sm, Sm, Sm, Sm, Sm, Sm, Sm, Sm, Sm
Sm, Sm, Sm, Sm, Sm, Sm, Sm, Sm, Sm, Sm, Sm, Sm, Sm, Sm, Sm, Sm, Sm, Sm, Sm, Sm, Sm, Sm, Sm, Sm, Hh, Hh, Gg, Gg, Gg, Sm, Sm, Sm, Sm, Sm, Sm, Sm, Sm, Sm, Sm, Sm, Sm, Sm, Sm, Sm, Sm, Sm, Sm, Sm, Sm, Sm, Sm, Sm, Sm, Sm, Sm, Sm, Sm, Sm, Sm, Sm, Sm, Sm, Sm, Sm, Sm, Sm, Sm, Sm, Sm, Sm, Sm, Sm, Sm, Sm, Sm, Sm, Sm, Sm, Sm, Sm, Sm, Sm, Sm, Sm, Sm, Sm, Sm, Sm, Sm, Sm, Sm, Sm, Sm, Sm, Sm, Sm, Sm, Sm, Sm
Sm, Sm, Sm, Sm, Sm, Sm, Sm, Sm, Sm, Sm, Sm, Sm, Sm, Sm, Sm, Sm, Sm, Sm, Mv, Sm, Sm, Sm, Sm, Gg, Gg, Gg, Gg, Gg^Ebn, Gg^Vhs, Sm, Sm, Sm, Sm, Sm, Sm, Sm, Sm, Sm, Sm, Sm, Sm, Sm, Sm, Sm, Sm, Sm, Sm, Sm, Sm, Sm, Sm, Sm, Sm, Sm, Sm, Sm, Sm, Sm, Sm, Sm, Sm, Sm, Sm, Sm, Sm, Sm, Sm, Sm, Sm, Sm, Sm, Sm, Sm, Sm, Sm, Sm, Sm, Sm, Sm, Sm, Sm, Sm, Sm, Sm, Sm, Sm, Sm, Sm, Sm, Sm, Sm, Sm, Sm, Sm, Sm, Sm, Sm, Sm, Sm
Sm, Sm, Sm, Sm, Sm, Sm, Sm, Sm, Sm, Sm, Sm, Sm, Sm, Sm, Sm, Sm, Sm, Sm, Sm, Sm, Sm, Sm, Sm, Gg, Gg, Gg, Gg, Gg, Gg, Gg, Sm, Sm, Sm, Sm, Sm, Sm, Sm, Sm, Sm, Sm, Sm, Sm, Sm, Sm, Sm, Sm, Sm, Sm, Sm, Sm, Sm, Sm, Sm, Sm, Sm, Sm, Sm, Sm, Sm, Sm, Sm, Sm, Sm, Sm, Sm, Sm, Sm, Sm, Sm, Sm, Sm, Sm, Sm, Sm, Sm, Sm, Sm, Sm, Sm, Sm, Sm, Sm, Sm, Sm, Sm, Sm, Sm, Sm, Sm, Sm, Sm, Sm, Sm, Sm, Sm, Sm, Sm, Sm, Sm
Sm, Sm, Sm, Sm, Sm, Sm, Sm, Sm, Sm, Sm, Sm, Sm, Sm, Sm, Sm, Sm, Sm, Sm, Sm, Sm, Sm, Sm, Sm, Sm, Gg, Gg, Gg, Gg, Gg, Gg, Sm, Sm, Sm, Sm, Sm, Sm, Sm, Sm, Sm, Sm, Sm, Sm, Sm, Sm, Sm, Sm, Sm, Sm, Sm, Sm, Sm, Sm, Sm, Sm, Sm, Sm, Sm, Sm, Sm, Sm, Sm, Sm, Sm, Sm, Sm, Sm, Sm, Sm, Sm, Sm, Sm, Sm, Sm, Sm, Sm, Sm, Sm, Sm, Sm, Sm, Sm, Sm, Sm, Sm, Sm, Sm, Sm, Sm, Sm, Sm, Sm, Sm, Sm, Sm, Sm, Sm, Sm, Sm, Sm
Sm, Sm, Sm, Sm, Sm, Sm, Sm, Sm, Sm, Sm, Sm, Sm, Sm, Sm, Sm, Sm, Sm, Sm, Sm, Sm, Sm, Sm, Sm, Sm, Hh, Gg, Hh, Gg, Gg, Gg, Sm^Bw\r, Gg, Gg, Sm, Sm, Sm, Sm, Sm, Sm, Sm, Sm, Sm, Mv, Sm, Sm, Sm, Sm, Sm, Sm, Sm, Sm, Sm, Sm, Sm, Sm, Sm, Sm, Sm, Sm, Sm, Sm, Sm, Sm, Sm, Sm, Sm, Sm, Sm, Sm, Sm, Sm, Sm, Sm, Sm, Sm, Sm, Sm, Sm, Sm, Sm, Sm, Sm, Sm, Sm, Sm, Sm, Sm, Sm, Sm, Sm, Sm, Sm, Sm, Sm, Sm, Sm, Sm, Sm, Sm
Sm, Sm, Sm, Sm, Sm, Sm, Sm, Sm, Sm, Sm, Sm, Sm, Sm, Sm, Sm, Sm, Sm, Sm, Sm, Sm, Sm, Sm, Sm, Sm, Gg, Gg, Gg, Gg, Gg^Ebn, Gg, Sm, Gg, Gg, Hh, Sm, Sm, Sm, Sm, Sm, Sm, Sm, Sm, Sm, Sm, Sm, Sm, Sm, Sm, Sm, Sm, Sm, Sm, Sm, Sm, Sm, Sm, Sm, Sm, Sm, Sm, Sm, Sm, Sm, Sm, Sm, Sm, Sm, Sm, Sm, Sm, Sm, Sm, Sm, Sm, Sm, Sm, Sm, Sm, Sm, Sm, Sm, Sm, Sm, Sm, Sm, Sm, Sm, Mv, Sm, Sm, Sm, Sm, Sm, Sm, Sm, Sm, Sm, Sm, Sm
Sm, Sm, Sm, Sm, Sm, Sm, Sm, Sm, Sm, Sm, Sm, Sm, Sm, Sm, Sm, Sm, Sm, Sm, Sm, Sm, Sm, Sm, Sm, Sm, Sm, Hh, Sm, Sm, Sm, Sm, Sm, Sm, Gg, Gg, Gg^Bw\r, Sm, Sm^Bw/r, Sm, Sm, Sm, Sm, Sm, Sm, Sm, Sm, Sm, Sm, Sm, Sm, Sm, Sm, Sm, Gg, Gg, Gg, Sm, Sm, Sm, Sm, Sm, Gg, Sm, Sm, Sm, Sm, Sm, Gg, Gg, Sm, Hh, Hh, Sm, Sm, Sm, Sm, Sm, Gg, Sm, Sm, Sm, Sm, Sm, Sm, Sm, Sm, Sm, Sm, Sm, Sm, Sm, Sm, Sm, Sm, Sm, Sm, Sm, Sm, Sm, Sm
Sm, Sm, Sm, Sm, Sm, Sm, Sm, Sm, Sm, Sm, Sm, Sm, Sm, Sm, Sm, Sm, Sm, Sm, Sm, Sm, Sm, Sm, Sm, Sm, Sm, Sm, Sm, Sm, Sm, Sm, Sm, Sm, Gg, Gg^Ebn, Gg, Sm^Bw|r, Sm, Sm, Sm, Sm, Sm, Sm, Sm, Sm, Sm, Sm, Hh, Sm, Gg, Hh, Sm, Gg, Gg, Gg, Gg, Hh, Hh, Gg, Hh, Sm, Gg^Eqf, Gg, Gg, Sm, Gg, Sm, Gg, Gg, Gg, Gg, Gg, Hh, Gg, Sm, Hh, Gg, Gg, Gg, Hh, Hh, Hh, Sm, Sm, Sm, Sm, Sm, Sm, Sm, Sm, Sm, Sm, Sm, Sm, Sm, Sm, Sm, Sm, Sm, Sm
Sm, Sm, Sm, Sm, Sm, Sm, Sm, Sm, Sm, Sm, Sm, Sm, Sm, Sm, Sm, Sm, Sm, Sm, Sm, Sm, Sm, Sm, Sm, Sm, Sm, Sm, Sm, Sm, Sm, Sm, Sm, Sm, Sm, Sm, Sm, Sm^Bw|r, Sm, Sm, Sm, Sm, Sm, Sm, Sm, Sm, Sm, Hh, Hh, Hh, Gg, Gg^Vhs, Sm, Sm, Hh, Gg, Gg, Gg, Gg, Hh, Gg^Eqf, Gg^Eqf, Gg, Gg^Eqf, Gg^Eqf, Gg^Eqf, Gg^Eqf, Gg^Eqf, Gg^Eqf, Gg^Eqf, Gg^Eqf, Gg^Eqf, Gg^Eqf, Gg^Eqf, Gg^Eqf, Gg^Eqf, Gg^Eqf, Hh, Gg, Gg, Hh, Hh, Hh, Hh, Gg, Sm, Sm, Sm, Sm, Sm, Sm, Sm, Sm, Sm, Sm, Sm, Sm, Sm, Sm, Sm, Sm
Sm, Sm, Sm, Sm, Sm, Sm, Sm, Sm, Sm, Sm, Sm, Sm, Sm, Sm, Sm, Sm, Sm, Sm, Sm, Sm, Sm, Sm, Sm, Sm, Sm, Sm, Sm, Sm, Sm, Sm, Sm, Sm, Sm, Sm, Gg^Ebn, Gg^Bw|r, Gg, Hh, Hh, Sm, Sm, Sm, Sm, Sm, Sm, Gg, Gg, Gg, Gg, Gg, Sm, Sm, Hh, Gg, Gg, Gg, Gg, Hh, Gg^Eqf, Gg, Gg, Gg, Gg, Gg, Gg, Gg, Gg, Gg, Gg, Gg, Gg, Gg, Gg, Gg, Gg^Eqf, Hh, Gg, Gg, Hh, Hh, Hh, Hh, Rb, Hh, Sm, Sm, Sm, Sm, Sm, Sm, Sm, Sm, Sm, Sm, Sm, Sm, Sm, Sm, Sm
Sm, Sm, Sm, Sm, Sm, Sm, Sm, Sm, Sm, Sm, Sm, Sm, Sm, Sm, Sm, Sm, Sm, Sm, Sm, Sm, Sm, Sm, Sm, Sm, Sm, Sm, Sm, Sm, Sm, Sm, Sm, Sm, Sm, Gg, Gg, Gg, Gg, Hh, Hh, Sm, Sm, Sm, Sm, Sm, Sm, Gg, Gg, Gg, Gg, Gg, Gg, Sm, Sm, Gg, Gg, Hh, Hh, Hh, Gg^Eqf, Gg, Gg, Gg, Gg, Gg, Gg, Gg, Gg, Gg, Xom, Gg, Gg, Gg, Gg, Gg, Gg^Eqf, Gg, Rb, Rb, Rb, Rb, Rb, Gg, Rb, Gg, Gg, Sm, Sm, Sm, Sm, Sm, Sm, Sm, Sm, Sm, Sm, Sm, Sm, Sm, Sm
Sm, Sm, Sm, Sm, Sm, Sm, Sm, Sm, Sm, Sm, Sm, Sm, Sm, Sm, Sm, Sm, Sm, Sm, Sm, Sm, Sm, Sm, Sm, Sm, Sm, Sm, Sm, Sm, Sm, Sm, Sm, Sm, Hh, Gg, Gg, Gg, Gg, Hh, Sm, Sm, Sm, Sm, Sm, Sm, Sm, Hh, Gg^Ebn, Gg, Gg, Gg, Hh, Sm, Sm, Gg, Gg, Gg, Rb, Gg, Rr^Pr\, Gg, Rp, Gg, Rp, Gg, Rp, Gg, Gg, Chr, Chr, Xom, Gg, Gg, Gg, Gg, Gg^Eqf, Gg, Rb, Gg, Sm, Gg, Gg^Ebn, Gg, Gg, Rb, Gg^Tf, Sm, Sm, Sm, Sm, Sm, Sm, Sm, Sm, Sm, Sm, Sm, Sm, Sm, Sm
Sm, Sm, Sm, Sm, Sm, Sm, Sm, Sm, Sm, Sm, Sm, Sm, Sm, Sm, Sm, Sm, Sm, Sm, Sm, Sm, Sm, Sm, Sm, Sm, Sm, Sm, Sm, Sm, Sm, Sm, Sm, Sm, Hh, Gg, Gg^Vhs, Gg^Ebn, Gg, Gg, Sm^Bw\r, Sm^Bw/r, Sm^Bw\r, Sm^Bw/r, Sm, Sm^Bw\r, Sm^Bw/r, Sm^Bw\r, Gg, Gg, Gg, Gg, Gg, Sm, Hh, Gg, Rb, Gg, Rb, Gg, Gg^Eqf, Rp, Gg, Rp, Gg, Rp, Gg, Rp, Gg, Xom, Chr, Xom, Gg, Gg, Gg, Gg, Gg^Eqf, Gg, Rb, Gg, Hh, Gg, Hh, Sm, Gg, Gg, Sm, Sm, Sm, Sm, Sm, Sm, Sm, Sm, Sm, Sm, Sm, Sm, Sm, Sm, Sm
Sm, Sm, Sm, Sm, Sm, Sm, Sm, Sm, Sm, Sm, Sm, Sm, Sm, Sm, Sm, Sm, Sm, Sm, Sm, Sm, Sm, Sm, Sm, Sm, Sm, Sm, Sm, Sm, Sm, Sm, Sm, Sm, Sm, Gg, Gg, Gg, Sm, Gg, Sm, Sm, Sm, Sm^Bw|r, Sm, Sm, Sm, Sm, Sm, Gg, Gg^Ebn, Gg, Sm, Gg, Rb, Rb^Ebn, Gg, Rb, Gg, Gg^Ebn, Gg^Eqf, Gg, Gg, Gg, Gg, Gg, Gg, Gg, Gg, Xom, Ker, Xom, Gg, Gg, Gg, Gg, Gg^Eqf, Gg, Rb, Gg, Gg, Gg, Sm, Sm, Sm, Rb, Gg, Sm, Sm, Sm, Gg, Sm, Sm, Sm, Sm, Sm, Sm, Sm, Sm, Sm, Sm
Sm, Sm, Sm, Sm, Sm, Sm, Sm, Sm, Sm, Sm, Sm, Sm, Sm, Sm, Sm, Sm, Sm, Sm, Sm, Sm, Sm, Sm, Sm, Sm, Sm, Sm, Sm, Sm, Sm, Sm, Sm, Sm, Sm, Sm, Sm, Sm, Sm, Sm, Sm, Sm, Gg, Sm^Bw|r, Gg^Tf, Sm, Sm, Sm, Sm, Sm, Sm, Sm, Sm, Sm, Sm, Gg, Hh, Gg, Gg, Gg, Gg^Eqf, Gg, Gg, Gg, Gg, Gg, Gg, Gg, Gg, Xom, Xom, Xom, Gg, Gg, Gg, Gg, Rr^Pr/, Rb, Gg, Gg, Gg, Sm, Sm, Sm, Hh, Rb, Gg, Hh, Sm, Gg, Gg^Vhs, Gg, Sm, Sm, Sm, Sm, Sm, Sm, Sm, Sm, Sm
Sm, Sm, Sm, Sm, Sm, Sm, Sm, Sm, Sm, Sm, Sm, Sm, Sm, Sm, Sm, Sm, Sm, Sm, Sm, Sm, Sm, Sm, Sm, Sm, Sm, Sm, Sm, Sm, Sm, Sm, Sm, Sm, Sm, Sm, Sm, Sm, Sm, Sm, Sm, Sm, Gg, Gg, Hh, Sm, Sm, Sm, Sm, Sm, Sm, Sm, Sm, Sm, Sm, Sm, Sm, Gg, Gg, Gg, Gg^Eqf, Gg^Eqf, Gg^Eqf, Gg, Gg^Eqf, Gg, Gg^Eqf, Gg, Gg^Eqf, Gg, Gg^Eqf, Gg, Gg^Eqf, Gg, Gg^Eqf, Gg, Gg^Eqf, Rb, Gg, Gg, Hh, Sm, Sm, Sm, Gg, Rb, Rb, Sm, Sm, Hh, Gg, Hh, Sm, Sm, Sm, Sm, Sm, Sm, Sm, Sm, Sm
Sm, Sm, Sm, Sm, Sm, Sm, Sm, Sm, Sm, Sm, Sm, Sm, Sm, Sm, Sm, Sm, Sm, Sm, Sm, Sm, Sm, Sm, Sm, Sm, Sm, Sm, Sm, Sm, Sm, Sm, Sm, Sm, Sm, Sm, Mv, Sm, Sm, Sm, Sm, Sm, Gg, Gg, Sm, Sm, Sm, Sm, Sm, Sm, Sm, Sm, Sm, Sm, Sm, Sm, Sm, Hh, Sm, Hh, Gg^Fetd, Gg, Hh, Hh^Eqf, Gg, Gg^Eqf, Gg, Gg^Eqf, Gg, Gg^Eqf, Gg, Gg^Eqf, Gg, Gg^Eqf, Gg, Gg^Eqf, Gg, Rb, Gg, Gg, Sm, Sm, Sm, Sm, Gg, Gg, Rb, Sm, Sm, Sm, Sm, Sm, Sm, Sm, Sm, Sm, Sm, Sm, Sm, Sm, Sm
Sm, Sm, Sm, Sm, Sm, Sm, Sm, Sm, Sm, Sm, Sm, Sm, Sm, Sm, Sm, Sm, Sm, Sm, Sm, Sm, Sm, Sm, Sm, Sm, Sm, Sm, Sm, Sm, Sm, Sm, Sm, Sm, Sm, Sm, Sm, Sm, Sm, Sm, Sm, Sm, Sm, Sm, Sm, Sm, Sm, Sm, Sm, Sm, Sm, Sm, Sm, Sm, Sm, Sm, Sm, Sm, Sm, Sm, Gg, Hh, Sm, Gg, Hh, Gg, Hh, Gg, Sm, Hh, Gg, Gg, Sm, Gg, Gg, Gg, Gg, Gg, Gg, Gg, Sm^Bw/r, Sm, Sm, Sm, Sm^Bw\r, Hh, Gg, Sm, Sm, Sm, Sm, Sm, Sm, Sm, Sm, Sm, Sm, Sm, Sm, Sm, Sm
Sm, Sm, Sm, Sm, Sm, Sm, Sm, Sm, Sm, Sm, Sm, Sm, Sm, Sm, Sm, Sm, Sm, Sm, Sm, Sm, Sm, Sm, Sm, Sm, Sm, Sm, Sm, Sm, Sm, Sm, Sm, Sm, Sm, Sm, Sm, Sm, Sm, Sm, Sm, Sm, Sm, Sm, Sm, Sm, Sm, Sm, Sm, Sm, Sm, Sm, Sm, Sm, Sm, Sm, Sm, Sm, Sm, Sm, Sm, Sm, Sm, Sm, Sm, Hh, Sm, Sm, Sm, Sm, Sm, Sm, Sm, Gg, Gg, Gg, Gg, Gg, Gg, Gg, Sm, Sm, Sm, Sm^Bw/r, Sm, Sm^Bw/r, Gg^Ebn, Gg, Gg, Sm, Sm, Sm, Sm, Sm, Sm, Sm, Sm, Sm, Sm, Sm, Sm
Sm, Sm, Sm, Sm, Sm, Sm, Sm, Sm, Sm, Sm, Sm, Sm, Sm, Sm, Sm, Sm, Sm, Sm, Sm, Sm, Sm, Sm, Sm, Sm, Sm, Sm, Sm, Sm, Sm, Sm, Sm, Sm, Sm, Sm, Sm, Sm, Sm, Sm, Sm, Sm, Sm, Sm, Sm, Sm, Sm, Sm, Sm, Sm, Sm, Sm, Sm, Sm, Sm, Sm, Sm, Sm, Sm, Sm, Sm, Sm, Sm, Sm, Sm, Sm, Sm, Sm, Sm, Sm, Sm, Sm, Sm, Hh, Gg, Gg, Gg, Gg, Hh, Sm, Sm, Sm, Sm, Sm^Bw|r, Sm, Sm, Sm, Gg, Sm, Sm, Sm, Sm, Sm, Sm, Sm, Sm, Sm, Sm, Sm, Sm, Sm
Sm, Sm, Sm, Sm, Sm, Sm, Sm, Sm, Sm, Sm, Sm, Sm, Sm, Sm, Sm, Sm, Sm, Sm, Sm, Sm, Sm, Sm, Sm, Sm, Sm, Sm, Sm, Sm, Sm, Sm, Sm, Sm, Sm, Sm, Sm, Sm, Sm, Sm, Sm, Sm, Sm, Sm, Sm, Sm, Sm, Sm, Sm, Sm, Sm, Sm, Sm, Sm, Sm, Sm, Sm, Sm, Sm, Sm, Sm, Sm, Sm, Sm, Sm, Sm, Sm, Sm, Sm, Sm, Sm, Sm, Sm, Hh, Gg, Gg, Sm, Hh, Sm, Sm, Sm, Sm, Sm, Sm^Bw|r, Sm, Sm, Sm, Gg^Fetd, Sm, Sm, Sm, Sm, Sm, Mv, Sm, Sm, Sm, Sm, Sm, Sm, Sm
Sm, Sm, Sm, Sm, Sm, Sm, Sm, Sm, Sm, Sm, Sm, Sm, Sm, Sm, Sm, Sm, Sm, Sm, Sm, Sm, Sm, Sm, Sm, Sm, Sm, Sm, Sm, Sm, Sm, Sm, Sm, Sm, Sm, Sm, Sm, Sm, Sm, Sm, Sm, Sm, Sm, Sm, Sm, Sm, Sm, Sm, Sm, Sm, Sm, Sm, Sm, Sm, Sm, Sm, Sm, Sm, Sm, Sm, Sm, Sm, Sm, Sm, Sm, Sm, Sm, Sm, Sm, Sm, Sm, Sm, Sm, Sm, Gg, Sm, Sm, Sm, Sm, Sm, Sm, Sm, Sm, Sm^Bw|r, Sm, Sm, Sm, Sm, Sm, Sm, Sm, Sm, Sm, Sm, Sm, Sm, Sm, Sm, Sm, Sm, Sm
Sm, Sm, Sm, Sm, Sm, Sm, Sm, Sm, Sm, Sm, Sm, Sm, Sm, Sm, Sm, Sm, Sm, Sm, Sm, Sm, Sm, Sm, Sm, Sm, Sm, Sm, Sm, Sm, Sm, Sm, Sm, Sm, Sm, Sm, Sm, Sm, Sm, Sm, Sm, Sm, Sm, Sm, Sm, Sm, Sm, Sm, Sm, Sm, Sm, Sm, Sm, Sm, Sm, Sm, Sm, Sm, Sm, Sm, Sm, Sm, Sm, Sm, Sm, Sm, Sm, Sm, Sm, Sm, Sm, Sm, Sm, Sm, Sm, Sm, Sm, Sm, Sm, Sm, Sm, Sm, Sm, Sm^Bw|r, Sm, Sm, Sm, Sm, Sm, Sm, Sm, Sm, Sm, Sm, Sm, Sm, Sm, Sm, Sm, Sm, Sm
Sm, Sm, Sm, Sm, Sm, Sm, Sm, Sm, Sm, Sm, Sm, Sm, Sm, Sm, Sm, Sm, Sm, Sm, Sm, Sm, Sm, Sm, Sm, Sm, Sm, Sm, Sm, Sm, Sm, Sm, Sm, Sm, Sm, Sm, Sm, Sm, Sm, Sm, Sm, Sm, Sm, Sm, Sm, Sm, Sm, Sm, Sm, Sm, Sm, Sm, Sm, Sm, Sm, Sm, Sm, Sm, Sm, Sm, Sm, Sm, Sm, Sm, Sm, Sm, Sm, Sm, Sm, Sm, Sm, Sm, Sm, Sm, Sm, Sm, Sm, Sm, Sm, Sm, Sm, Sm, Sm, Sm^Bw|r, Sm, Sm, Sm, Sm, Sm, Sm, Sm, Sm, Sm, Sm, Sm, Sm, Sm, Sm, Sm, Sm, Sm
Sm, Sm, Sm, Sm, Sm, Sm, Sm, Sm, Sm, Sm, Sm, Sm, Sm, Sm, Sm, Sm, Sm, Sm, Sm, Sm, Sm, Sm, Sm, Sm, Sm, Sm, Sm, Sm, Sm, Sm, Sm, Sm, Sm, Sm, Sm, Sm, Sm, Sm, Sm, Sm, Sm, Sm, Sm, Sm, Sm, Sm, Sm, Sm, Sm, Sm, Sm, Sm, Sm, Sm, Sm, Sm, Sm, Sm, Sm, Sm, Sm, Sm, Sm, Sm, Sm, Sm, Sm, Sm, Sm, Sm, Sm, Sm, Sm, Sm, Sm, Sm, Sm, Sm, Hh, Hh, Gg, Sm^Bw|r, Gg, Sm, Sm, Sm, Sm, Sm, Sm, Sm, Sm, Sm, Sm, Sm, Sm, Sm, Sm, Sm, Sm
Wog, Wog, Wog, Wog, Wog, Wog, Wog, Wog, Wog, Wog, Wog, Wog, Wog, Wog, Wog, Wog, Wog, Wog, Wog, Wog, Wog, Wog, Wog, Wog, Wog, Wog, Wog, Wog, Wog, Wog, Wog, Wog, Wog, Wog, Wog, Wog, Wog, Wog, Wog, Wog, Wog, Wog, Wog, Wog, Wog, Wog, Wog, Wog, Wog, Wog, Wog, Wog, Wog, Wog, Wog, Wog, Wog, Sm, Sm, Sm, Sm, Sm, Sm, Sm, Sm, Sm, Sm, Sm, Sm, Sm, Sm, Sm, Sm, Sm, Sm, Sm, Sm, Sm, Hh, Gg, Gg, Gg, Gg, Hh, Hh, Sm, Sm, Sm, Sm, Sm, Sm, Mv, Sm, Sm, Sm, Sm, Sm, Sm, Sm
Sm, Wog, Sm, Wog, Wog, Wog, Wog, Wog, Wog, Wog, Wog, Wog, Wog, Wog, Wog, Wog, Sm, Wog, Sm, Wog, Wog, Wog, Sm, Wog, Wog, Wog, Wog, Wog, Wog, Wog, Wog, Wog, Wog, Wog, Wog, Wog, Wog, Wog, Wog, Wog, Wog, Wog, Wog, Wog, Wog, Wog, Wog, Wog, Wog, Wog, Wog, Wog, Wog, Wog, Wog, Wog, Wog, Sm, Sm, Sm, Sm, Sm, Sm, Sm, Sm, Sm, Sm, Sm, Sm, Sm, Sm, Sm, Sm, Sm, Sm, Sm, Sm, Sm, Hh, Gg, Gg, Gg, Gg, Gg, Gg, Hh, Hh, Sm, Sm, Sm, Sm, Sm, Sm, Sm, Sm, Sm, Sm, Sm, Sm
