Hh^Zfx, Hh^Zfx, Hh^Zfx, Hh^Zfx, Hh^Zfx, Hh^Zfx, Hh^Zfx, Hh^Zfx, Hh^Zfx, Hh^Zfx, Hh^Zfx, Hh^Zfx, Hh^Zfx, Rb, Gll^Fms, Hh^Zfx, Hh^Zfx, Hh^Zfx, Hh^Zfx, Hh^Zfx, Hh^Zfx, Hh^Zfx, Hh^Zfx, Hh^Zfx, Hh^Zfx, Hh^Zfx, Hh^Zfx, Hh^Zfx, Hh^Zfx, Hh^Zfx, Hh^Zfx, Hh^Zfx, Hh^Zfx, Hh^Zfx, Hh^Zfx, Hh^Zfx, Hh^Zfx, Hh^Zfx, Hh^Zfx, Hh^Zfx, Hh^Zfx, Hh^Zfx, Hh^Zfx, Hh^Zfx, Hh^Zfx, Hh^Zfx, Hh^Zfx, Hh^Zfx, Hh^Zfx
Hh^Zfx, Hh^Zfx, Hh^Zfx, Hh^Zfx, Hh^Zfx, Hh^Zfx, Hh^Zfx, Hh^Zfx, Hh^Zfx, Hh^Zfx, Hh^Zfx, Hh^Zfx, Hh^Zfx, Rb, Gll^Fms, Hh^Zfx, Hh^Zfx, Hh^Zfx, Hh^Zfx, Hh^Zfx, Hh^Zfx, Hh^Zfx, Hh^Zfx, Hh^Zfx, Hh^Zfx, Hh^Zfx, Hh^Zfx, Hh^Zfx, Hh^Zfx, Hh^Zfx, Hh^Zfx, Hh^Zfx, Hh^Zfx, Hh^Zfx, Hh^Zfx, Hh^Zfx, Hh^Zfx, Hh^Zfx, Hh^Zfx, Hh^Zfx, Hh^Zfx, Hh^Zfx, Hh^Zfx, Hh^Zfx, Hh^Zfx, Hh^Zfx, Hh^Zfx, Hh^Zfx, Hh^Zfx
Hh^Zfx, Hh^Zfx, Hh^Zfx, Hh^Zfx, Hh^Zfx, Hh^Zfx, Hh^Zfx, Hh^Zfx, Hh^Zfx, Hh^Zfx, Hh^Zfx, Hh^Zfx, Hh^Zfx, Rb, Gll^Fms, Hh^Zfx, Hh^Zfx, Hh^Zfx, Hh^Zfx, Hh^Zfx, Hh^Zfx, Hh^Zfx, Hh^Zfx, Hh^Zfx, Hh^Zfx, Hh^Zfx, Hh^Zfx, Hh^Zfx, Hh^Zfx, Hh^Zfx, Hh^Zfx, Hh^Zfx, Hh^Zfx, Hh^Zfx, Hh^Zfx, Hh^Zfx, Hh^Zfx, Hh^Zfx, Hh^Zfx, Hh^Zfx, Hh^Zfx, Hh^Zfx, Hh^Zfx, Hh^Zfx, Hh^Zfx, Hh^Zfx, Hh^Zfx, Hh^Zfx, Hh^Zfx
Hh^Zfx, Hh^Zfx, Hh^Zfx, Hh^Zfx, Hh^Zfx, Hh^Zfx, Hh^Zfx, Hh^Zfx, Hh^Zfx, Hh^Zfx, Hh^Zfx, Hh^Zfx, Hh^Zfx, Rb, Rb, Gll^Fms, Hh^Zfx, Hh^Zfx, Hh^Zfx, Hh^Zfx, Hh^Zfx, Hh^Zfx, Hh^Zfx, Hh^Zfx, Hh^Zfx, Hh^Zfx, Hh^Zfx, Hh^Zfx, Hh^Zfx, Hh^Zfx, Hh^Zfx, Hh^Zfx, Hh^Zfx, Hh^Zfx, Hh^Zfx, Hh^Zfx, Hh^Zfx, Hh^Zfx, Hh^Zfx, Hh^Zfx, Hh^Zfx, Hh^Zfx, Hh^Zfx, Hh^Zfx, Hh^Zfx, Hh^Zfx, Hh^Zfx, Hh^Zfx, Hh^Zfx
Hh^Zfx, Hh^Zfx, Hh^Zfx, Hh^Zfx, Hh^Zfx, Hh^Zfx, Hh^Zfx, Hh^Zfx, Hh^Zfx, Hh^Zfx, Hh^Zfx, Hh^Zfx, Hh^Zfx, Gll^Fms, Rb, Gll^Fms, Hh^Zfx, Hh^Zfx, Hh^Zfx, Hh^Zfx, Hh^Zfx, Hh^Zfx, Hh^Zfx, Hh^Zfx, Hh^Zfx, Hh^Zfx, Hh^Zfx, Hh^Zfx, Hh^Zfx, Hh^Fms, Gll^Fms, Gll^Fms, Hh^Fms, Hh^Fms, Hh^Fms, Gll^Fms, Gll^Fms, Hh^Zfx, Hh^Zfx, Hh^Zfx, Hh^Zfx, Hh^Zfx, Hh^Zfx, Hh^Zfx, Hh^Zfx, Hh^Zfx, Hh^Zfx, Hh^Zfx, Hh^Zfx
Hh^Zfx, Hh^Zfx, Hh^Zfx, Hh^Zfx, Hh^Zfx, Hh^Zfx, Hh^Zfx, Hh^Zfx, Hh^Zfx, Hh^Zfx, Hh^Zfx, Hh^Zfx, Hh^Zfx, Gll^Fms, Rb, Gll^Fms, Hh^Zfx, Hh^Zfx, Hh^Zfx, Hh^Zfx, Hh^Zfx, Hh^Zfx, Hh^Zfx, Hh^Zfx, Hh^Zfx, Hh^Zfx, Hh^Zfx, Hh^Zfx, Gll^Fms, Hh^Fms, Gll^Fms, Gll^Fms, Gll^Fms, Gll^Fms, Gll^Fms, Gll^Fms, Hh^Fms, Gll^Fms, Hh^Zfx, Hh^Zfx, Hh^Zfx, Hh^Zfx, Hh^Zfx, Hh^Zfx, Hh^Zfx, Hh^Zfx, Hh^Zfx, Hh^Zfx, Hh^Zfx
Hh^Zfx, Hh^Zfx, Hh^Zfx, Hh^Zfx, Hh^Zfx, Hh^Zfx, Hh^Zfx, Hh^Zfx, Hh^Zfx, Hh^Zfx, Hh^Zfx, Hh^Zfx, Hh^Zfx, Gll^Fms, Rb, Gll^Fms, Hh^Zfx, Hh^Zfx, Hh^Zfx, Hh^Zfx, Hh^Zfx, Hh^Zfx, Hh^Zfx, Hh^Zfx, Hh^Zfx, Hh^Zfx, Hh^Zfx, Hh^Zfx, Hh^Fms, Gll^Fms, Gll^Fms, Gll^Fms, Gll^Fms, Gll^Fms, Gll^Fms, Gll^Fms, Gll^Fms, Gll^Fms, Hh^Zfx, Hh^Zfx, Hh^Zfx, Hh^Zfx, Hh^Zfx, Hh^Zfx, Hh^Zfx, Hh^Zfx, Hh^Zfx, Hh^Zfx, Hh^Zfx
Hh^Zfx, Hh^Zfx, Hh^Zfx, Hh^Zfx, Hh^Zfx, Hh^Zfx, Xoa, Gll^Fms, Gll^Fms, Hh^Zfx, Hh^Zfx, Hh^Zfx, Hh^Zfx, Gll^Fms, Gll^Fms, Rb, Gll^Fms, Hh^Zfx, Hh^Zfx, Hh^Zfx, Hh^Zfx, Hh^Zfx, Hh^Zfx, Hh^Zfx, Hh^Zfx, Hh^Zfx, Hh^Zfx, Gll^Fms, Gll^Fms, Gll^Fms, Gll^Fms, Gll^Fms, Gll, Gll, Gll, Gll^Fms, Gll^Fms, Gll^Fms, Gll^Fms, Hh^Zfx, Hh^Zfx, Hh^Zfx, Hh^Zfx, Hh^Zfx, Hh^Zfx, Hh^Zfx, Hh^Zfx, Hh^Zfx, Hh^Zfx
Hh^Zfx, Hh^Zfx, Hh^Zfx, Hh^Zfx, Hh^Zfx, Xoa, Isa, Xoa, Gll^Fms, Hh^Zfx, Hh^Zfx, Hh^Zfx, Hh^Zfx, Gll^Fms, Gll^Fms, Rb, Gll^Fms, Hh^Fms, Gll^Fms, Gll^Fms, Hh^Fms, Hh^Zfx, Hh^Zfx, Hh^Zfx, Hh^Zfx, Hh^Zfx, Gll^Fms, Hh^Fms, Gll^Fms, Gll^Fms, Gll^Fms, Gll^Fms, Gll, Gll^Vl, Gll, Gll^Fms, Gll^Fms, Gll^Fms, Gll^Fms, Hh^Zfx, Hh^Zfx, Hh^Zfx, Hh^Zfx, Hh^Zfx, Hh^Zfx, Hh^Zfx, Hh^Zfx, Hh^Zfx, Hh^Zfx
Hh^Zfx, Hh^Zfx, Hh^Zfx, Hh^Zfx, Hh^Zfx, Xoa, Isa, Xoa, Hh^Fms, Gll^Fms, Hh^Fms, Hh^Zfx, Gll^Fms, Gll^Fms, Gll^Fms, Gll, Gll^Ebn, Gll, Gll, Gll^Fms, Gll^Fms, Gll^Fms, Gll^Fms, Hh^Zfx, Gll^Fms, Hh^Zfx, Gll, Hh^Fms, Hh^Fms, Gll^Fms, Gll^Fms, Wwg, Wwg, Gll, Wwg, Gll^Fms, Gll^Fms, Gll^Fms, Gll^Fms, Hh^Zfx, Hh^Zfx, Hh^Zfx, Hh^Zfx, Hh^Zfx, Hh^Zfx, Hh^Zfx, Hh^Zfx, Hh^Zfx, Hh^Zfx
Hh^Zfx, Hh^Zfx, Hh^Zfx, Hh^Zfx, Hh^Zfx, Gll^Fms, Gll^Fms, Gll^Fms, Gll^Fms, Gll^Fms, Gll^Fms, Gll^Fms, Gll^Fms, Gll^Fms, Hh, Gll, Gll, Gll, Hh^Fms, Gll, Gll^Ebn, Gll^Fms, Gll^Fms, Hh^Fms, Gll^Fms, Gll, Gll^Vl, Gll, Hh^Fms, Gll^Fms, Gll^Fms, Wwg, Wwg, Wwg, Gll^Fds, Wwg, Gll^Fms, Gll^Fms, Hh^Fms, Hh^Zfx, Hh^Zfx, Hh^Zfx, Hh^Zfx, Hh^Zfx, Hh^Zfx, Hh^Zfx, Hh^Zfx, Hh^Zfx, Hh^Zfx
Hh^Zfx, Hh^Zfx, Hh^Zfx, Hh^Zfx, Hh^Zfx, Gll^Fms, Gll^Fms, Gll^Fms, Hh^Fms, Gll^Fms, Gll^Fms, Gll^Fms, Hh^Fms, Hh^Fms, Hh, Gll^Vl, Gll, Gll, Hh^Fms, Hh^Fms, Gll, Gll^Fms, Hh^Fms, Gll^Fms, Gll^Fms, Gll, Gll^Ebn, Gll, Hh^Fms, Gll^Fms, Gll^Fms, Gll^Fms, Wwg, Wwg, Wwg, Wwg, Gll^Fms, Gll^Fms, Hh^Fms, Hh^Zfx, Hh^Zfx, Hh^Zfx, Hh^Zfx, Hh^Zfx, Hh^Zfx, Hh^Zfx, Hh^Zfx, Hh^Zfx, Hh^Zfx
Hh^Zfx, Hh^Zfx, Hh^Zfx, Hh^Zfx, Hh^Zfx, Hh^Zfx, Gll^Fms, Gll^Fms, Gll^Fms, Gll^Fms, Hh^Fms, Gll^Fms, Hh^Fms, Gll^Fms, Gll^Fms, Gll, Gll^Fms, Gll^Ebn, Hh^Fms, Gll^Fms, Hh^Fms, Gll, Gll, Gll^Ebn, Gll, Gll^Fms, Gll, Gll^Fms, Gll, Gll^Ebn, Gll, Gll^Fms, Wwg, Wwg, Gll^Fms, Wwg, Gll^Fms, Gll^Fms, Gll^Fms, Hh^Zfx, Hh^Zfx, Hh^Zfx, Hh^Zfx, Hh^Zfx, Hh^Zfx, Hh^Zfx, Hh^Zfx, Hh^Zfx, Hh^Zfx
Hh^Zfx, Hh^Zfx, Hh^Zfx, Hh^Zfx, Hh^Zfx, Hh^Zfx, Gll^Fms, Gll^Fms, Hh^Fms, Gll^Fms, Gll^Fms, Gll^Fms, Hh^Zfx, Hh^Zfx, Hh^Zfx, Gll^Fms, Gll^Fms, Hh^Fms, Hh^Zfx, Hh^Fms, Gll^Fms, Gll^Fms, Hh^Fms, Gll^Fms, Gll^Ebn, Gll, Gll^Fms, Gll^Ebn, Hh^Fms, Hh^Fms, Gll^Fms, Gll, Cvr^Fms, Gll^Fms, Cvr^Fms, Gll^Fms, Gll^Fms, Hh^Fds, Gll^Fms, Hh^Zfx, Hh^Zfx, Hh^Zfx, Hh^Zfx, Hh^Zfx, Hh^Zfx, Hh^Zfx, Hh^Zfx, Hh^Zfx, Hh^Zfx
Hh^Zfx, Hh^Zfx, Hh^Zfx, Hh^Zfx, Hh^Zfx, Hh^Zfx, Hh^Zfx, Hh^Fms, Hh^Zfx, Hh^Zfx, Hh^Zfx, Hh^Zfx, Hh^Zfx, Hh^Zfx, Hh^Zfx, Hh^Zfx, Hh^Zfx, Hh^Zfx, Hh^Zfx, Hh^Zfx, Hh^Zfx, Gll^Fms, Hh^Fms, Gll^Fms, Gll^Fms, Gll^Fms, Hh^Zfx, Hh^Zfx, Hh^Zfx, Hh^Fms, Hh^Fms, Gll, Cvr^Fms, Kvr^Fms, Cvr^Fms, Hh^Fms, Gll^Fms, Gll^Fms, Hh^Zfx, Hh^Zfx, Hh^Zfx, Hh^Zfx, Hh^Zfx, Hh^Zfx, Hh^Zfx, Hh^Zfx, Hh^Zfx, Hh^Zfx, Hh^Zfx
Hh^Zfx, Hh^Zfx, Hh^Zfx, Hh^Zfx, Hh^Zfx, Hh^Zfx, Hh^Zfx, Hh^Zfx, Hh^Zfx, Hh^Zfx, Hh^Zfx, Hh^Zfx, Hh^Zfx, Hh^Zfx, Hh^Zfx, Hh^Zfx, Hh^Zfx, Hh^Zfx, Hh^Zfx, Hh^Zfx, Hh^Zfx, Hh^Zfx, Gll^Fms, Hh^Fms, Gll^Fms, Hh^Zfx, Hh^Zfx, Hh^Zfx, Hh^Zfx, Hh^Zfx, Hh^Fms, Gll^Ebn, Gll, Gll, Gll^Ebn, Gll^Fms, Gll^Fms, Gll^Fms, Hh^Zfx, Hh^Zfx, Hh^Zfx, Hh^Zfx, Hh^Zfx, Hh^Zfx, Hh^Zfx, Hh^Zfx, Hh^Zfx, Hh^Zfx, Hh^Zfx
Hh^Zfx, Hh^Zfx, Hh^Zfx, Hh^Zfx, Hh^Zfx, Hh^Zfx, Hh^Zfx, Hh^Zfx, Hh^Zfx, Hh^Zfx, Hh^Zfx, Hh^Zfx, Hh^Zfx, Hh^Zfx, Hh^Zfx, Hh^Zfx, Hh^Zfx, Hh^Zfx, Hh^Zfx, Hh^Zfx, Hh^Zfx, Hh^Zfx, Gll^Fms, Gll^Fms, Hh^Zfx, Hh^Zfx, Hh^Zfx, Hh^Zfx, Hh^Zfx, Hh^Zfx, Hh^Zfx, Gll^Fms, Gll^Fms, Gll^Fms, Gll^Fms, Gll, Gll, Gll^Fms, Gll, Gll^Fms, Gll, Hh^Zfx, Gll^Ebn, Hh, Hh^Zfx, Hh^Zfx, Hh^Zfx, Hh^Zfx, Hh^Zfx
Hh^Zfx, Hh^Zfx, Hh^Zfx, Hh^Zfx, Hh^Zfx, Hh^Zfx, Hh^Zfx, Hh^Zfx, Hh^Zfx, Hh^Zfx, Hh^Zfx, Hh^Zfx, Hh^Zfx, Hh^Zfx, Hh^Zfx, Hh^Zfx, Hh^Zfx, Hh^Zfx, Hh^Zfx, Hh^Zfx, Hh^Zfx, Hh^Zfx, Hh^Zfx, Hh^Zfx, Hh^Zfx, Hh^Zfx, Hh^Zfx, Hh^Zfx, Hh^Zfx, Hh^Zfx, Hh^Zfx, Hh^Zfx, Hh^Zfx, Gll^Fms, Hh^Zfx, Gll^Fms, Gll^Fms, Gll^Ebn, Gll^Fms, Gll, Hh^Fms, Gll, Gll, Hh^Fms, Gll^Fms, Hh^Zfx, Hh^Zfx, Hh^Zfx, Hh^Zfx
Hh^Zfx, Hh^Zfx, Hh^Zfx, Hh^Zfx, Hh^Zfx, Hh^Zfx, Hh^Zfx, Hh^Zfx, Hh^Zfx, Hh^Zfx, Hh^Zfx, Hh^Zfx, Hh^Zfx, Hh^Zfx, Hh^Zfx, Hh^Zfx, Hh^Zfx, Hh^Zfx, Hh^Zfx, Hh^Zfx, Hh^Zfx, Hh^Zfx, Hh^Zfx, Hh^Zfx, Hh^Zfx, Hh^Zfx, Hh^Zfx, Hh^Zfx, Hh^Zfx, Hh^Zfx, Hh^Zfx, Hh^Zfx, Hh^Zfx, Hh^Zfx, Hh^Zfx, Hh^Zfx, Hh^Zfx, Hh^Zfx, Hh^Zfx, Gll^Fms, Gll^Fms, Gll^Fms, Gll, Gll^Fms, Gll^Fms, Gll^Fms, Hh^Zfx, Hh^Zfx, Hh^Zfx
Hh^Zfx, Hh^Zfx, Hh^Zfx, Hh^Zfx, Hh^Zfx, Hh^Zfx, Hh^Zfx, Hh^Zfx, Hh^Zfx, Hh^Zfx, Hh^Zfx, Hh^Zfx, Hh^Zfx, Hh^Zfx, Hh^Zfx, Hh^Zfx, Hh^Zfx, Hh^Zfx, Mm^Xm, Hh^Zfx, Hh^Zfx, Hh^Zfx, Hh^Zfx, Hh^Zfx, Gg^Fds, Hh^Zfx, Gg^Fds, Hh^Zfx, Hh^Zfx, Hh^Zfx, Hh^Zfx, Hh^Zfx, Hh^Zfx, Hh^Zfx, Hh^Zfx, Hh^Zfx, Hh^Zfx, Hh^Zfx, Hh^Zfx, Hh^Zfx, Hh^Zfx, Gll^Fms, Gll^Fms, Gll, Gll^Fms, Gll^Fms, Hh^Zfx, Hh^Zfx, Hh^Zfx
Hh^Zfx, Hh^Zfx, Hh^Zfx, Hh^Zfx, Hh^Zfx, Hh^Zfx, Mm^Xm, Hh^Zfx, Hh^Zfx, Hh^Zfx, Hh^Zfx, Hh^Zfx, Hh^Zfx, Hh^Zfx, Hh^Zfx, Hh^Zfx, Hh^Zfx, Hh^Zfx, Mm^Xm, Hh^Zfx, Hh^Zfx, Hh^Zfx, Gg^Fds, Gg^Fds, Mm^Xm, Gg^Fds, Mm^Xm, Gg^Fds, Gg^Fds, Gg^Fds, Gg^Fds, Hh^Zfx, Gg^Fds, Hh^Zfx, Hh^Zfx, Hh^Zfx, Hh^Zfx, Hh^Zfx, Hh^Zfx, Hh^Zfx, Hh^Zfx, Gll^Fms, Gll^Fms, Gll^Ebn, Gll^Fms, Gll^Fms, Gll^Fms, Hh^Zfx, Hh^Zfx
Hh^Zfx, Hh^Zfx, Hh^Zfx, Hh^Zfx, Mm^Xm, Mm^Xm, Mm^Xm, Mm^Xm, Mm^Xm, Hh^Zfx, Hh^Zfx, Hh^Zfx, Mm^Xm, Hh^Zfx, Mm^Xm, Hh^Zfx, Hh^Zfx, Hh^Zfx, Mm^Xm, Gg^Fds, Gg^Fds, Gg^Fds, Mm^Xm, Mm^Xm, Gg^Fds, Mm^Xm, Mm^Xm, Mm^Xm, Mm^Xm, Gg^Fds, Mm^Xm, Gg^Fds, Mm^Xm, Gg^Fds, Gg^Fds, Hh^Zfx, Hh^Zfx, Hh^Zfx, Hh^Zfx, Hh^Zfx, Gll^Fms, Gll^Fms, Gg^Fds, Gll, Gll^Fms, Gll^Fms, Gll^Fms, Hh^Zfx, Hh^Zfx
Hh^Zfx, Hh^Zfx, Mm^Xm, Mm^Xm, Mm^Xm, Mm^Xm, Xos, Mm^Xm, Mm^Xm, Mm^Xm, Mm^Xm, Mm^Xm, Mm^Xm, Mm^Xm, Mm^Xm, Mm^Xm, Mm^Xm, Mm^Xm, Mm^Xm, Mm^Xm, Mm^Xm, Mm^Xm, Mm^Xm, Gg^Fds, Gg^Fds, Gg^Fds, Mm^Xm, Gg^Do, Gg^Fds, Mm^Xm, Gg^Fds, Mm^Xm, Gg^Fds, Mm^Xm, Mm^Xm, Gg^Fds, Gg^Fds, Hh^Zfx, Gll^Fms, Gll^Fms, Gg^Fds, Gg, Rb, Rb, Mm^Xm, Gll^Fms, Gll^Fms, Hh^Zfx, Mm^Xm
Mm^Xm, Mm^Xm, Mm^Xm, Mm^Xm, Xos, Xos, Ur, Xos, Xos, Mm^Xm, Mm^Xm, Mm^Xm, Xos, Mm^Xm, Mm^Xm, Mm^Xm, Mm^Xm, Mm^Xm, Gg^Fds, Gg^Fds, Gg^Fds, Gg^Fds, Gg^Fds, Gg^Fds, Gg^Edt, Gg^Fds, Gg^Edt, Mm^Xm, Mm^Xm, Gg^Fds, Gg^Fds, Gg^Fds, Gg^Fds, Mm^Xm, Mm^Xm, Mm^Xm, Mm^Xm, Gg^Fds, Gg^Fds, Gg^Fds, Mm^Xm, Gg, Rb, Gg^Fds, Gg^Fds, Mm^Xm, Mm^Xm, Mm^Xm, Mm^Xm
Mm^Xm, Mm^Xm, Mm^Xm, Mm^Xm, Xos, Ur, Ur, Ur, Xos, Xos, Xos, Xos, Ur, Xos, Xos, Mm^Xm, Mm^Xm, Mm^Xm, Mm^Xm, Gg^Fds, Gg, Gg, Gg, Gg^Edt, Gg^Edt, Gg^Edt, Gg^Edt, Gg^Fds, Gg^Fds, Mm^Xm, Mm^Xm, Mm^Xm, Mm^Xm, Gg^Fds, Gg^Fds, Mm^Xm, Mm^Xm, Mm^Xm, Mm^Xm, Mm^Xm, Gg^Fds, Gg, Gll, Hh^Fds, Gg^Fds, Gg^Fds, Mm^Xm, Mm^Xm, Mm^Xm
Mm^Xm, Mm^Xm, Mm^Xm, Mm^Xm, Xos, Isc, Isc, Ur, Ur, Ur, Ur, Ur, Ur, Ur, Ur, Xos, Xos, Xos, Mm^Xm, Gg, Gg, Gg, Re, Gg^Edt, Gg^Edt, Gg^Edt, Gg^Edt, Gg^Edt, Gg^Edt, Gg^Fds, Gg^Fds, Gg^Fds, Mm^Xm, Mm^Xm, Gg^Fds, Gg^Fds, Gg^Fds, Mm^Xm, Gg^Fds, Gg^Fds, Gg^Fds, Hh^Fds, Rb, Gg^Fds, Gg^Fds, Gg^Fds, Mm^Xm, Mm^Xm, Mm^Xm
Mm^Xm, Mm^Xm, Mm^Xm, Mm^Xm, Xos, Isc, Isc, Ur, Xos, Ur, Xos, Ur, Xos, Ur, Ur, Ur, Ur, Ur, Ur, Re, Re, Re, Re, Gg^Fds, Gg^Fds, Gg^Edt, Gg, Gg, Ds, Gg, Gg, Mm^Xm, Gg^Fds, Gg^Fds, Gg^Fds, Gg^Fds, Gg^Fds, Gg^Fds, Gg^Fds, Hh^Fds, Gg^Fds, Gg^Fds, Rb, Gg^Fds, Mm^Xm, Mm^Xm, Mm^Xm, Mm^Xm, Mm^Xm
Mm^Xm, Mm^Xm, Mm^Xm, Xos, Ur, Ur, Xos, Xos, Mm^Xm, Xos, Mm^Xm, Xos, Mm^Xm, Xos, Xos, Ur, Xos, Ur, Mm^Xm, Gg, Ds, Gg, Ds, Re, Gg, Gg, Ds, Ds, Ds, Ds, Ds, Mm^Xm, Mm^Xm, Gg^Fds, Gg^Fds, Gg^Fds, Gg^Fds, Gg^Fds, Mm^Xm, Gg^Fds, Gg^Fds, Gg^Fds, Rb, Gg^Fds, Mm^Xm, Mm^Xm, Mm^Xm, Mm^Xm, Mm^Xm
Mm^Xm, Mm^Xm, Mm^Xm, Xos, Xos, Xos, Mm^Xm, Mm^Xm, Mm^Xm, Mm^Xm, Mm^Xm, Mm^Xm, Mm^Xm, Mm^Xm, Mm^Xm, Xos, Mm^Xm, Xos, Mm^Xm, Ds, Ds, Ds, Ds, Gg, Ds, Ds, Ds, Gg, Ds, Ds, Ds, Ds, Gg, Gg^Fds, Gg, Gg, Gg, Mm^Xm, Gg, Mm^Xm, Mm^Xm, Mm^Xm, Rb, Rb, Mm^Xm, Mm^Xm, Mm^Xm, Mm^Xm, Mm^Xm
Mm^Xm, Mm^Xm, Mm^Xm, Mm^Xm, Mm^Xm, Mm^Xm, Mm^Xm, Mm^Xm, Mm^Xm, Mm^Xm, Mm^Xm, Mm^Xm, Mm^Xm, Mm^Xm, Mm^Xm, Mm^Xm, Mm^Xm, Mm^Xm, Ds, Ds, Ds, Ds, Ds, Ds, Ds, Ds, Ds, Ds, Ds, Ds, Ds, Ds, Gg, Hh, Gg, Ds, Ds, Ds, Ds, Gg, Gg, Gg, Gg, Gg, Mm^Xm, Mm^Xm, Mm^Xm, Mm^Xm, Mm^Xm
Mm^Xm, Mm^Xm, Mm^Xm, Mm^Xm, Mm^Xm, Mm^Xm, Mm^Xm, Mm^Xm, Mm^Xm, Mm^Xm, Mm^Xm, Mm^Xm, Mm^Xm, Mm^Xm, Ds, Ds, Ds, Ds, Ds, Ds, Ds, Ds, Ds, Ds, Ds, Ds, Ds, Ds, Ds, Ds, Ds, Ds, Ds, Ds, Ds, Ds, Ds, Ds, Ds, Ds, Ds, Ds, Ds, Mm^Xm, Mm^Xm, Mm^Xm, Mm^Xm, Mm^Xm, Mm^Xm
Mm^Xm, Mm^Xm, Mm^Xm, Mm^Xm, Mm^Xm, Mm^Xm, Mm^Xm, Mm^Xm, Mm^Xm, Mm^Xm, Mm^Xm, Mm^Xm, Mm^Xm, Ds, Ds, Ds, Ds, Ds, Ds, Ds, Ds, Ds, Ds, Ds, Ds, Ds, Ds, Ds, Ds, Ds, Ds, Ds, Ds, Ds, Ww, Ds, Ww, Ds, Ww, Ds, Ww, Ds, Ds, Mm^Xm, Mm^Xm, Mm^Xm, Mm^Xm, Mm^Xm, Mm^Xm
Mm^Xm, Mm^Xm, Mm^Xm, Mm^Xm, Mm^Xm, Mm^Xm, Mm^Xm, Mm^Xm, Mm^Xm, Mm^Xm, Mm^Xm, Mm^Xm, Mm^Xm, Ds, Ww, Ds, Ww, Ww, Ww, Ww, Ww, Ww, Ww, Ww, Ww, Ww, Ww, Ww, Ww, Ww, Ww, Ww, Ww, Ww, Wo, Ww, Wo, Ww, Wo, Ww, Wo, Ww, Ww, Mm^Xm, Mm^Xm, Mm^Xm, Mm^Xm, Mm^Xm, Mm^Xm
Mm^Xm, Mm^Xm, Mm^Xm, Mm^Xm, Mm^Xm, Mm^Xm, Mm^Xm, Mm^Xm, Mm^Xm, Mm^Xm, Mm^Xm, Mm^Xm, Ww, Ww, Wo, Ww, Wo, Wo, Wo, Wo, Wo, Wo, Wo, Wo, Wo, Wo, Wo, Wo, Wo, Wo, Wo, Wo, Wo, Wo, Wo, Wo, Wo, Wo, Wo, Wo, Wo, Wo, Wo, Ww, Ww, Mm^Xm, Mm^Xm, Mm^Xm, Mm^Xm
