Qxu, Qxu, Qxu, Qxu, Qxu, Qxu, Qxu, Qxu, Qxu, Qxu, Qxu, Xu, Xu, Xu, Xu, Xu, Xu, Xu, Xu, Xu, Xu, Md^Xm, Md^Xm, Md^Xm, Md^Xm, Md^Xm, Md^Xm, Md^Xm, Md^Xm, Md^Xm, Md^Xm, Md^Xm, Md^Xm, Md^Xm, Md^Xm, Md^Xm, Md^Xm, Md^Xm, Md^Xm, Md^Xm, Md^Xm, Md^Xm, Md^Xm, Md^Xm, Md^Xm, Md^Xm, Md^Xm, Md^Xm, Wog, Wog, Wog, Wog, Wog, Wog
Qxu, Qxu, Qxu, Qxu, Qxu, Qxu, Qxu, Qxu, Qxu, Qxu, Qxu, Xu, Xu, Xu, Xu, Xu, Xu, Xu, Xu, Xu, Xu, Md^Xm, Md^Xm, Md^Xm, Md^Xm, Md^Xm, Md^Xm, Md^Xm, Md^Xm, Md^Xm, Md^Xm, Md^Xm, Md^Xm, Md^Xm, Md^Xm, Md^Xm, Md^Xm, Md^Xm, Md^Xm, Md^Xm, Md^Xm, Md^Xm, Md^Xm, Md^Xm, Md^Xm, Md^Xm, Md^Xm, Md^Xm, Wog, Wog, Wog, Wog, Wog, Wog
Qxu, Qxu, Qxu, Qxu, Qxu, Qxu, Qxu, Qxu, Qxu, Qxu, Qxu, Xu, Xu, Xu, Xu, Xu, Uu, Uu, Xu, Xu, Xu, Md^Xm, Md^Xm, Md^Xm, Md^Xm, Md^Xm, Md^Xm, Md^Xm, Md^Xm, Md^Xm, Md^Xm, Md^Xm, Md^Xm, Md^Xm, Md^Xm, Md^Xm, Md^Xm, Md^Xm, Md^Xm, Md^Xm, Md^Xm, Gd, Gd, Gd, Gd, Md^Xm, Md^Xm, Md^Xm, Wog, Wog, Wog, Wog, Wog, Wog
Qxu, Qxu, Qxu, Qxu, Qxu, Qxu, Qxu, Qxu, Qxu, Qxu, Qxu, Xu, Xu, Xu, Uu, Uu, Uu, Uu, Uu, Xu, Xu, Md^Xm, Md^Xm, Md^Xm, Md^Xm, Md^Xm, Md^Xm, Md^Xm, Md^Xm, Md^Xm, Md^Xm, Md^Xm, Md^Xm, Md^Xm, Md^Xm, Md^Xm, Md^Xm, Md^Xm, Md^Xm, Md^Xm, Md^Xm, Gd, Gd, Gd, Gd, Gd, Md^Xm, Md^Xm, Wog, Wog, Wog, Wog, Wog, Wog
Qxu, Qxu, Uu, Qxu, Qxu, Qxu, Qxu, Qxu, Uu, Qxu, Qxu, Xu, Uu, Uu, Uu, Uu, Uu, Uu, Uu, Xu, Xu, Md^Xm, Md^Xm, Md^Xm, Md^Xm, Md^Xm, Md^Xm, Md^Xm, Md^Xm, Md^Xm, Md^Xm, Md^Xm, Md^Xm, Md^Xm, Md^Xm, Md^Xm, Md^Xm, Md^Xm, Md^Xm, Md^Xm, Gd, Gd, Gd, Gd, Gd, Gd, Gd, Md^Xm, Wog, Wog, Wog, Wog, Wog, Wog
Qxu, Qxu, Qxu, Uu, Uu, Uu, Uu, Uu, Uu, Qxu, Qxu, Uu, Uu, Uu, Uu, Uu, Uu, Uu, Uu, Xu, Xu, Md^Xm, Md^Xm, Md^Xm, Md^Xm, Md^Xm, Md^Xm, Md^Xm, Md^Xm, Md^Xm, Md^Xm, Md^Xm, Md^Xm, Md^Xm, Md^Xm, Md^Xm, Md^Xm, Md^Xm, Gd, Md^Xm, Gd, Gd, Gd, Gd, Gd, Gd, Gd, Gd, Gd, Wog, Wog, Wog, Wog, Wog
Qxu, Qxu, Qxu, Uu, Qxu, Qxu, Qxu, Uu, Uu, Uu, Uu, Uu, Uu, Uu, Uu, Uu, Uu, Uu, Uu, Xu, Xu, Md^Xm, Md^Xm, Md^Xm, Md^Xm, Md^Xm, Md^Xm, Md^Xm, Md^Xm, Md^Xm, Md^Xm, Md^Xm, Md^Xm, Md^Xm, Md^Xm, Md^Xm, Md^Xm, Gd, Gd, Gd, Gd, Gd, Gd, Gd, Gd, Gd, Gd, Gd, Gd, Wog, Wog, Wog, Wog, Wog
Qxu, Qxu, Qxu, Qxu, Qxu, Qxu, Qxu, Qxu, Qxu, Uu, Qxu, Uu, Uu, Uu, Uu, Uu, Uu, Uu, Xu, Xu, Md^Xm, Md^Xm, Md^Xm, Md^Xm, Md^Xm, Md^Xm, Md^Xm, Md^Xm, Md^Xm, Md^Xm, Md^Xm, Md^Xm, Md^Xm, Md^Xm, Md^Xm, Md^Xm, Md^Xm, Gd, Gd, Gd, Gd, Gd, Gd, Gd, Gd, Gd, Gd, Gd, Gd, Wog, Wog, Wog, Gd^Eqp, Gd^Eqp
Qxu, Qxu, Md^Xm, Qxu, Md^Xm, Md^Xm, Md^Xm, Qxu, Qxu, Qxu, Qxu, Xu, Xu, Xu, Xu, Uu, Xu, Xu, Md^Xm, Md^Xm, Md^Xm, Md^Xm, Md^Xm, Md^Xm, Md^Xm, Md^Xm, Md^Xm, Md^Xm, Md^Xm, Md^Xm, Gd, Gd, Gd, Gd, Md^Xm, Md^Xm, Md^Xm, Gd, Gd, Gd, Gd, Gd, Gd, Gd, Gd, Gd, Gd, Gd, Wog, Wog, Wog, Gd^Eqp, Gd, Gd
Qxu, Qxu, Md^Xm, Md^Xm, Md^Xm, Md^Xm, Md^Xm, Md^Xm, Md^Xm, Qxu, Md^Xm, Xu, Xu, Md^Xm, Md^Xm, Gd, Md^Xm, Md^Xm, Gd, Md^Xm, Md^Xm, Md^Xm, Md^Xm, Md^Xm, Gd, Md^Xm, Gd, Md^Xm, Gd, Md^Xm, Gd, Gd, Gd, Gd, Md^Xm, Md^Xm, Md^Xm, Md^Xm, Md^Xm, Gd, Gd, Gd, Gd, Gd, Gd, Gd, Gd, Wog, Wog, Wog, Wog, Gd^Eqp, Gd, Gd
Md^Xm, Md^Xm, Md^Xm, Md^Xm, Md^Xm, Md^Xm, Md^Xm, Md^Xm, Md^Xm, Md^Xm, Md^Xm, Md^Xm, Md^Xm, Md^Xm, Gd, Gd, Gd, Gd, Md^Xm, Md^Xm, Md^Xm, Md^Xm, Md^Xm, Gd, Gd, Gd, Gd, Gd, Gd, Gd, Gd, Gd, Gd, Gd, Md^Xm, Md^Xm, Md^Xm, Md^Xm, Md^Xm, Gd, Gd, Gd, Gd, Gd, Gd, Gd, Gd, Gd, Gd, Wog, Wog, Gd^Eqp, Gd, Gd
Md^Xm, Md^Xm, Md^Xm, Md^Xm, Md^Xm, Md^Xm, Md^Xm, Md^Xm, Md^Xm, Md^Xm, Md^Xm, Md^Xm, Md^Xm, Md^Xm, Md^Xm, Gd, Gd, Hhd, Gd, Md^Xm, Md^Xm, Md^Xm, Md^Xm, Gd, Gd, Gd, Gd, Gd, Gd, Gd, Gd, Gd, Gd, Gd, Md^Xm, Md^Xm, Md^Xm, Md^Xm, Md^Xm, Gd, Gd, Gd, Gd, Gd, Gd, Gd, Gd, Gd, Gd, Wog, Wog, Gd^Eqp, Gd, Gd
Md^Xm, Md^Xm, Md^Xm, Md^Xm, Md^Xm, Md^Xm, Md^Xm, Md^Xm, Md^Xm, Md^Xm, Md^Xm, Md^Xm, Md^Xm, Md^Xm, Md^Xm, Gd, Gd, Gd, Gd, Md^Xm, Md^Xm, Md^Xm, Md^Xm, Gd, Gd, Gd, Gd, Gd, Gd, Gd, Gd, Gd, Gd, Gd, Md^Xm, Md^Xm, Md^Xm, Md^Xm, Md^Xm, Md^Xm, Gd, Gd, Gd, Gd, Gd, Gd, Rd, Gd, Wog, Wog, Wog, Gd^Eqp, Gd, Gd
Md^Xm, Md^Xm, Md^Xm, Md^Xm, Md^Xm, Md^Xm, Md^Xm, Md^Xm, Md^Xm, Md^Xm, Md^Xm, Md^Xm, Md^Xm, Md^Xm, Md^Xm, Md^Xm, Gd, Gd, Gd, Gd, Gd, Gd, Gd, Md^Xm, Gd, Gd, Gd, Gd, Gd, Gd, Gd, Gd, Md^Xm, Md^Xm, Md^Xm, Md^Xm, Md^Xm, Md^Xm, Md^Xm, Md^Xm, Gd, Gd, Gd, Gd, Rd, Rd, Rd, Rd, Wog^Bw/, Wog^Bw\, Wog^Bw/, Rd^Pw/o, Rd, Rd
Md^Xm, Md^Xm, Md^Xm, Md^Xm, Md^Xm, Md^Xm, Md^Xm, Md^Xm, Md^Xm, Md^Xm, Md^Xm, Md^Xm, Md^Xm, Md^Xm, Md^Xm, Md^Xm, Md^Xm, Gd, Gd, Gd, Gd, Gd, Gd, Gd, Gd, Gd, Gd, Gd, Gd, Gd, Gd, Gd, Gd, Md^Xm, Md^Xm, Md^Xm, Gd, Gd, Gd, Md^Xm, Rd, Rd, Rd, Rd, Rd, Rd, Gd, Rd, Wog, Wog, Wog, Gd^Eqp, Gd, Gd
Md^Xm, Md^Xm, Md^Xm, Md^Xm, Md^Xm, Md^Xm, Md^Xm, Md^Xm, Md^Xm, Md^Xm, Md^Xm, Md^Xm, Md^Xm, Md^Xm, Md^Xm, Md^Xm, Md^Xm, Md^Xm, Md^Xm, Gd, Md^Xm, Gd, Gd, Gd, Md^Xm, Gd, Gd, Gd, Gd, Gd, Rd, Rd, Rd, Md^Xm, Gd, Gd, Gd, Gd, Rd, Rd, Gd, Md^Xm, Md^Xm, Gd, Gd, Rd, Gd, Wog, Wog, Wog, Wog, Gd^Eqp, Gd, Gd
Md^Xm, Md^Xm, Md^Xm, Md^Xm, Md^Xm, Md^Xm, Md^Xm, Md^Xm, Md^Xm, Md^Xm, Md^Xm, Md^Xm, Md^Xm, Md^Xm, Md^Xm, Md^Xm, Md^Xm, Md^Xm, Md^Xm, Md^Xm, Gd, Gd, Md^Xm, Md^Xm, Gd, Gd, Gd, Gd, Gd, Gd, Rd, Rd, Rd, Gd, Rd, Gd, Rd, Rd, Rd, Rd, Md^Xm, Md^Xm, Md^Xm, Gd, Gd, Rd, Gd, Wog, Wog, Wog, Wog, Gd^Eqp, Gd, Gd
Md^Xm, Md^Xm, Md^Xm, Md^Xm, Md^Xm, Md^Xm, Md^Xm, Md^Xm, Md^Xm, Md^Xm, Md^Xm, Md^Xm, Md^Xm, Md^Xm, Md^Xm, Md^Xm, Md^Xm, Md^Xm, Gd, Md^Xm, Md^Xm, Md^Xm, Gd, Gd, Gd, Gd, Gd, Gd, Rd, Rd, Gd, Gd, Gd, Rd, Gd, Rd, Md^Xm, Rd, Gd, Rd, Md^Xm, Md^Xm, Md^Xm, Gd, Gd, Rd, Gd, Gd, Wog, Wog, Wog, Gd^Eqp, Gd, Gd
Md^Xm, Md^Xm, Md^Xm, Md^Xm, Md^Xm, Md^Xm, Md^Xm, Md^Xm, Md^Xm, Md^Xm, Md^Xm, Md^Xm, Md^Xm, Md^Xm, Md^Xm, Md^Xm, Md^Xm, Md^Xm, Gd, Gd, Gd, Gd, Gd, Gd, Gd, Gd, Rd, Rd, Gd, Gd, Gd, Gd, Gd, Gd, Md^Xm, Md^Xm, Md^Xm, Md^Xm, Gd, Rd, Md^Xm, Md^Xm, Md^Xm, Md^Xm, Gd, Gd, Gd, Gd, Wog, Wog, Wog, Gd^Eqp, Gd, Gd
Md^Xm, Md^Xm, Md^Xm, Md^Xm, Md^Xm, Md^Xm, Md^Xm, Md^Xm, Md^Xm, Md^Xm, Md^Xm, Md^Xm, Md^Xm, Md^Xm, Md^Xm, Md^Xm, Md^Xm, Md^Xm, Gd, Gd, Gd, Gd, Gd, Gd, Rd, Rd, Gd, Gd, Gd, Gd, Gd, Gd, Gd, Gd, Md^Xm, Md^Xm, Md^Xm, Md^Xm, Md^Xm, Rd, Md^Xm, Md^Xm, Md^Xm, Md^Xm, Gd, Gd, Gd, Wog, Wog, Wog, Wog, Gd^Eqp, Gd^Eqp, Gd
Md^Xm, Md^Xm, Md^Xm, Md^Xm, Md^Xm, Md^Xm, Md^Xm, Md^Xm, Md^Xm, Md^Xm, Md^Xm, Md^Xm, Md^Xm, Md^Xm, Md^Xm, Md^Xm, Gd, Gd, Gd, Gd, Gd, Gd, Rd, Chr, Khr, Chr, Gd, Gd, Gd, Gd, Gd, Gd, Gd, Gd, Md^Xm, Md^Xm, Md^Xm, Md^Xm, Md^Xm, Rd, Md^Xm, Md^Xm, Gd, Md^Xm, Md^Xm, Gd, Gd, Gd, Wog, Wog, Wog, Wog, Wog, Gd^Eqp
Md^Xm, Md^Xm, Md^Xm, Md^Xm, Md^Xm, Md^Xm, Md^Xm, Md^Xm, Md^Xm, Md^Xm, Md^Xm, Md^Xm, Md^Xm, Md^Xm, Md^Xm, Md^Xm, Gd, Gd, Gd, Gd, Gd, Rd, Rd, Chr, Gd, Chr, Gd, Gd, Gd, Gd, Gd, Gd, Gd, Gd, Md^Xm, Md^Xm, Md^Xm, Md^Xm, Md^Xm, Rd, Md^Xm, Md^Xm, Gd, Gd, Gd, Md^Xm, Md^Xm, Gd, Md^Xm, Wog, Wog, Wog, Wog, Wog
Md^Xm, Md^Xm, Md^Xm, Md^Xm, Md^Xm, Md^Xm, Md^Xm, Md^Xm, Md^Xm, Md^Xm, Md^Xm, Md^Xm, Md^Xm, Md^Xm, Md^Xm, Gd, Gd, Gd, Gd, Gd, Gd, Rd, Gd, Gd, Gd, Gd, Gd, Gd, Gd, Gd, Gd, Gd, Gd, Gd, Md^Xm, Md^Xm, Md^Xm, Md^Xm, Md^Xm, Rd, Rd, Md^Xm, Rd, Rd, Rd, Gd, Gd, Md^Xm, Md^Xm, Wog, Wog, Wog, Wog, Wog
Md^Xm, Md^Xm, Md^Xm, Md^Xm, Md^Xm, Md^Xm, Md^Xm, Md^Xm, Md^Xm, Md^Xm, Md^Xm, Md^Xm, Md^Xm, Md^Xm, Md^Xm, Md^Xm, Md^Xm, Gd, Gd, Gd, Gd, Rd, Gd, Gd, Gd, Gd, Gd, Gd, Gd, Gd, Gd, Gd, Gd, Md^Xm, Md^Xm, Md^Xm, Md^Xm, Md^Xm, Md^Xm, Md^Xm, Md^Xm, Rd, Md^Xm, Rd, Gd, Rd, Rd, Md^Xm, Wog, Wog, Wog, Wog, Wog, Wog
Md^Xm, Md^Xm, Md^Xm, Md^Xm, Md^Xm, Md^Xm, Md^Xm, Md^Xm, Md^Xm, Md^Xm, Md^Xm, Md^Xm, Md^Xm, Md^Xm, Md^Xm, Md^Xm, Md^Xm, Md^Xm, Md^Xm, Gd, Gd, Rd, Gd, Gd, Gd, Gd, Gd, Gd, Gd, Gd, Gd, Gd, Gd, Md^Xm, Md^Xm, Md^Xm, Md^Xm, Md^Xm, Md^Xm, Md^Xm, Md^Xm, Md^Xm, Md^Xm, Md^Xm, Gd, Gd, Rd, Md^Xm, Wog, Wog, Wog, Wog, Wog, Wog
Md^Xm, Md^Xm, Md^Xm, Md^Xm, Md^Xm, Md^Xm, Md^Xm, Md^Xm, Md^Xm, Md^Xm, Md^Xm, Md^Xm, Md^Xm, Md^Xm, Md^Xm, Md^Xm, Md^Xm, Md^Xm, Md^Xm, Gd, Gd, Rd, Gd, Gd, Gd, Gd, Gd, Gd, Gd, Gd, Md^Xm, Md^Xm, Md^Xm, Md^Xm, Md^Xm, Md^Xm, Md^Xm, Md^Xm, Md^Xm, Md^Xm, Md^Xm, Md^Xm, Gd, Gd, Rd, Gd, Rd, Md^Xm, Wog, Wog, Wog, Wog, Wog, Wog
Md^Xm, Md^Xm, Md^Xm, Md^Xm, Md^Xm, Md^Xm, Md^Xm, Md^Xm, Md^Xm, Md^Xm, Md^Xm, Md^Xm, Md^Xm, Md^Xm, Md^Xm, Md^Xm, Md^Xm, Md^Xm, Md^Xm, Gd, Gd, Gd, Gd, Gd, Gd, Md^Xm, Md^Xm, Md^Xm, Md^Xm, Md^Xm, Md^Xm, Md^Xm, Md^Xm, Md^Xm, Md^Xm, Md^Xm, Md^Xm, Md^Xm, Md^Xm, Md^Xm, Md^Xm, Gd, Gd, Gd, Rd, Rd, Rd, Md^Xm, Md^Xm, Wog, Wog, Wog, Wog, Wog
Md^Xm, Md^Xm, Md^Xm, Md^Xm, Md^Xm, Md^Xm, Md^Xm, Md^Xm, Md^Xm, Md^Xm, Md^Xm, Md^Xm, Md^Xm, Md^Xm, Md^Xm, Md^Xm, Md^Xm, Md^Xm, Md^Xm, Gd, Gd, Gd, Gd, Gd, Md^Xm, Md^Xm, Md^Xm, Md^Xm, Md^Xm, Md^Xm, Md^Xm, Md^Xm, Md^Xm, Md^Xm, Md^Xm, Md^Xm, Md^Xm, Md^Xm, Md^Xm, Md^Xm, Md^Xm, Gd, Gd, Gd, Rd, Rd, Gd, Gd, Md^Xm, Wog, Wog, Wog, Wog, Wog
Md^Xm, Md^Xm, Md^Xm, Md^Xm, Md^Xm, Md^Xm, Md^Xm, Md^Xm, Md^Xm, Md^Xm, Md^Xm, Md^Xm, Md^Xm, Md^Xm, Md^Xm, Md^Xm, Md^Xm, Md^Xm, Gd, Gd, Gd, Gd, Hhd, Md^Xm, Md^Xm, Md^Xm, Md^Xm, Md^Xm, Md^Xm, Md^Xm, Md^Xm, Md^Xm, Md^Xm, Md^Xm, Md^Xm, Md^Xm, Md^Xm, Md^Xm, Md^Xm, Md^Xm, Md^Xm, Gd, Md^Xm, Gd, Rd, Gd, Md^Xm, Md^Xm, Md^Xm, Wog, Md^Xm, Wog, Md^Xm, Md^Xm
Md^Xm, Md^Xm, Md^Xm, Md^Xm, Md^Xm, Md^Xm, Md^Xm, Md^Xm, Md^Xm, Md^Xm, Md^Xm, Md^Xm, Md^Xm, Md^Xm, Md^Xm, Md^Xm, Gd, Gd, Md^Xm, Md^Xm, Gd, Gd, Md^Xm, Md^Xm, Md^Xm, Md^Xm, Md^Xm, Md^Xm, Md^Xm, Md^Xm, Md^Xm, Md^Xm, Md^Xm, Md^Xm, Md^Xm, Md^Xm, Md^Xm, Md^Xm, Md^Xm, Md^Xm, Md^Xm, Md^Xm, Gd, Md^Xm, Rd, Md^Xm, Md^Xm, Md^Xm, Md^Xm, Md^Xm, Md^Xm, Md^Xm, Md^Xm, Md^Xm
Md^Xm, Md^Xm, Md^Xm, Md^Xm, Md^Xm, Md^Xm, Md^Xm, Md^Xm, Md^Xm, Md^Xm, Md^Xm, Md^Xm, Md^Xm, Md^Xm, Md^Xm, Md^Xm, Md^Xm, Md^Xm, Gd, Gd, Gd, Gd, Md^Xm, Gd, Gd, Md^Xm, Md^Xm, Md^Xm, Md^Xm, Md^Xm, Md^Xm, Md^Xm, Md^Xm, Md^Xm, Md^Xm, Md^Xm, Md^Xm, Md^Xm, Md^Xm, Md^Xm, Md^Xm, Md^Xm, Gd, Gd, Rd, Gd, Gd, Md^Xm, Gd, Md^Xm, Md^Xm, Md^Xm, Md^Xm, Md^Xm
Md^Xm, Md^Xm, Md^Xm, Md^Xm, Md^Xm, Md^Xm, Md^Xm, Md^Xm, Md^Xm, Md^Xm, Md^Xm, Md^Xm, Md^Xm, Md^Xm, Md^Xm, Md^Xm, Gd, Md^Xm, Gd, Gd, Gd, Gd, Gd, Gd, Gd, Md^Xm, Md^Xm, Md^Xm, Md^Xm, Md^Xm, Md^Xm, Md^Xm, Md^Xm, Md^Xm, Md^Xm, Md^Xm, Md^Xm, Md^Xm, Md^Xm, Md^Xm, Md^Xm, Md^Xm, Gd, Gd, Rd, Gd, Gd, Hhd, Gd, Md^Xm, Md^Xm, Md^Xm, Md^Xm, Md^Xm
Md^Xm, Md^Xm, Md^Xm, Md^Xm, Md^Xm, Md^Xm, Md^Xm, Md^Xm, Md^Xm, Md^Xm, Md^Xm, Md^Xm, Md^Xm, Md^Xm, Md^Xm, Md^Xm, Gd, Gd, Md^Xm, Md^Xm, Gd, Gd, Gd, Gd, Md^Xm, Md^Xm, Md^Xm, Md^Xm, Md^Xm, Md^Xm, Md^Xm, Md^Xm, Md^Xm, Md^Xm, Md^Xm, Md^Xm, Md^Xm, Md^Xm, Md^Xm, Md^Xm, Md^Xm, Gd, Gd, Gd, Gd, Rd, Rd, Hhd, Gd, Gd, Md^Xm, Md^Xm, Md^Xm, Md^Xm
Md^Xm, Md^Xm, Md^Xm, Md^Xm, Md^Xm, Md^Xm, Md^Xm, Md^Xm, Md^Xm, Md^Xm, Md^Xm, Md^Xm, Md^Xm, Md^Xm, Md^Xm, Md^Xm, Md^Xm, Gd, Gd, Gd, Rd, Gd, Gd, Gd, Md^Xm, Md^Xm, Md^Xm, Md^Xm, Md^Xm, Md^Xm, Md^Xm, Md^Xm, Md^Xm, Md^Xm, Md^Xm, Md^Xm, Md^Xm, Md^Xm, Md^Xm, Md^Xm, Md^Xm, Gd, Gd^Vhh, Rd, Rd, Rd, Rd, Rd, Gd^Wm, Gd, Md^Xm, Md^Xm, Md^Xm, Md^Xm
Md^Xm, Md^Xm, Md^Xm, Md^Xm, Md^Xm, Md^Xm, Md^Xm, Md^Xm, Md^Xm, Md^Xm, Md^Xm, Md^Xm, Md^Xm, Md^Xm, Md^Xm, Md^Xm, Md^Xm, Gd, Gd, Gd, Rd, Gd, Gd, Md^Xm, Md^Xm, Md^Xm, Md^Xm, Md^Xm, Md^Xm, Md^Xm, Md^Xm, Md^Xm, Md^Xm, Md^Xm, Md^Xm, Md^Xm, Md^Xm, Md^Xm, Md^Xm, Md^Xm, Md^Xm, Gd, Gd, Gd, Gd, Rd, Gd, Gd, Qxu, Qxu, Qxu, Qxu, Qxu, Qxu
Md^Xm, Md^Xm, Md^Xm, Md^Xm, Md^Xm, Md^Xm, Md^Xm, Md^Xm, Md^Xm, Md^Xm, Md^Xm, Md^Xm, Md^Xm, Md^Xm, Md^Xm, Md^Xm, Md^Xm, Gd, Ce, Rd, Ce, Gd, Gd, Md^Xm, Md^Xm, Md^Xm, Md^Xm, Md^Xm, Md^Xm, Md^Xm, Md^Xm, Md^Xm, Md^Xm, Md^Xm, Md^Xm, Md^Xm, Md^Xm, Md^Xm, Md^Xm, Md^Xm, Md^Xm, Gd, Qxu, Qxu, Qxu, Qxu^Bw|r, Qxu, Qxu, Qxu, Qxu, Qxu, Qxu, Qxu, Qxu
Md^Xm, Md^Xm, Md^Xm, Md^Xm, Md^Xm, Md^Xm, Md^Xm, Md^Xm, Md^Xm, Md^Xm, Md^Xm, Md^Xm, Md^Xm, Md^Xm, Md^Xm, Md^Xm, Md^Xm, Gd, Ce, Ke, Ce, Hhd, Md^Xm, Md^Xm, Md^Xm, Md^Xm, Md^Xm, Md^Xm, Md^Xm, Md^Xm, Md^Xm, Md^Xm, Md^Xm, Md^Xm, Md^Xm, Md^Xm, Qxu, Qxu, Qxu, Qxu, Qxu, Qxu, Qxu, Qxu, Qxu, Qxu, Qxu, Qxu, Qxu, Qxu, Qxu, Qxu, Qxu, Qxu
Md^Xm, Md^Xm, Md^Xm, Md^Xm, Md^Xm, Md^Xm, Md^Xm, Md^Xm, Md^Xm, Md^Xm, Md^Xm, Md^Xm, Md^Xm, Md^Xm, Md^Xm, Md^Xm, Md^Xm, Md^Xm, Md^Xm, Rd, Md^Xm, Md^Xm, Md^Xm, Md^Xm, Md^Xm, Md^Xm, Md^Xm, Md^Xm, Md^Xm, Md^Xm, Md^Xm, Md^Xm, Md^Xm, Md^Xm, Qxu, Qxu, Qxu, Qxu, Qxu, Qxu, Qxu, Qxu, Qxu, Qxu, Qxu, Qxu, Qxu, Qxu, Qxu, Qxu, Qxu, Qxu, Qxu, Qxu
Md^Xm, Md^Xm, Md^Xm, Md^Xm, Md^Xm, Md^Xm, Md^Xm, Md^Xm, Md^Xm, Md^Xm, Md^Xm, Md^Xm, Md^Xm, Md^Xm, Md^Xm, Md^Xm, Md^Xm, Md^Xm, Xu, Ur, Xu, Md^Xm, Md^Xm, Md^Xm, Md^Xm, Md^Xm, Md^Xm, Md^Xm, Md^Xm, Md^Xm, Md^Xm, Md^Xm, Qxu, Qxu, Qxu, Qxu, Qxu, Qxu, Qxu, Qxu, Qxu, Qxu, Qxu, Qxu, Qxu, Qxu, Qxu, Qxu, Qxu, Qxu, Qxu, Qxu, Qxu, Qxu
Md^Xm, Md^Xm, Md^Xm, Md^Xm, Md^Xm, Md^Xm, Md^Xm, Md^Xm, Md^Xm, Md^Xm, Md^Xm, Md^Xm, Md^Xm, Md^Xm, Md^Xm, Md^Xm, Md^Xm, Xu, Xu, Ur, Xu, Xu, Md^Xm, Md^Xm, Md^Xm, Md^Xm, Md^Xm, Md^Xm, Md^Xm, Md^Xm, Qxu, Qxu, Qxu, Qxu, Qxu, Qxu, Qxu, Qxu, Qxu, Qxu, Qxu, Qxu, Qxu, Qxu, Qxu, Qxu, Qxu, Qxu, Qxu, Qxu, Qxu, Qxu, Qxu, Qxu
Md^Xm, Md^Xm, Md^Xm, Md^Xm, Md^Xm, Md^Xm, Md^Xm, Md^Xm, Md^Xm, Md^Xm, Md^Xm, Md^Xm, Md^Xm, Md^Xm, Md^Xm, Md^Xm, Md^Xm, Xu, Xu, Ur, Xu, Xu, Md^Xm, Md^Xm, Md^Xm, Md^Xm, Md^Xm, Md^Xm, Qxu, Qxu, Qxu, Qxu, Qxu, Qxu, Qxu, Qxu, Qxu, Qxu, Qxu, Qxu, Qxu, Qxu, Qxu, Qxu, Qxu, Qxu, Qxu, Qxu, Qxu, Qxu, Qxu, Qxu, Qxu, Qxu
