Mdd^Xm, Mdd^Xm, Mdd^Xm, Mdd^Xm, Mdd^Xm, Mdd^Xm, Mdd^Xm, Mdd^Xm, Mdd^Xm, Mdd^Xm, Mdd^Xm, Mdd^Xm, Mdd^Xm, Mdd^Xm, Mdd^Xm, Mdd^Xm, Mdd^Xm, Mdd^Xm, Mdd^Xm, Mdd^Xm, Mdd^Xm, Mdd^Xm, Mdd^Xm, Mdd^Xm, Mdd^Xm, Mdd^Xm, Mdd^Xm, Mdd^Xm, Mdd^Xm, Mdd^Xm, Mdd^Xm, Mdd^Xm, Mdd^Xm, Mdd^Xm, Mdd^Xm, Mdd^Xm, Mdd^Xm
Mdd^Xm, Mdd^Xm, Mdd^Xm, Mdd^Xm, Mdd^Xm, Mdd^Xm, Mdd^Xm, Mdd^Xm, Mdd^Xm, Mdd^Xm, Dd, Mdd^Xm, Mdd^Xm, Mdd^Xm, Dd, Dd, Mdd^Xm, Mdd^Xm, Mdd^Xm, Mdd^Xm, Mdd^Xm, Mdd^Xm, Mdd^Xm, Mdd^Xm, Mdd^Xm, Mdd^Xm, Mdd^Xm, Mdd^Xm, Mdd^Xm, Mdd^Xm, Mdd^Xm, Mdd^Xm, Mdd^Xm, Mdd^Xm, Mdd^Xm, Mdd^Xm, Mdd^Xm
Mdd^Xm, Mdd^Xm, Mdd^Xm, Mdd^Xm, Mdd^Xm, Dd, Dd, Dd, Dd, Dd, Rrd, Mdd^Xm, Rrd, Dd, Dd, Dd, Mdd^Xm, Mdd^Xm, Mdd^Xm, Mdd^Xm, Mdd^Xm, Mdd^Xm, Mdd^Xm, Mdd^Xm, Mdd^Xm, Mdd^Xm, Mdd^Xm, Mdd^Xm, Mdd^Xm, Mdd^Xm, Mdd^Xm, Mdd^Xm, Mdd^Xm, Mdd^Xm, Mdd^Xm, Mdd^Xm, Mdd^Xm
Mdd^Xm, Mdd^Xm, Mdd^Xm, Mdd^Xm, Dd, Mdd^Xm, Mdd^Xm, Mdd^Xm, Rrd, Dd, Rrd, Rrd, Mdd^Xm, Rrd, Dd, Dd, Dd, Mdd^Xm, Mdd^Xm, Mdd^Xm, Mdd^Xm, Mdd^Xm, Mdd^Xm, Mdd^Xm, Mdd^Xm, Mdd^Xm, Mdd^Xm, Mdd^Xm, Mdd^Xm, Mdd^Xm, Mdd^Xm, Mdd^Xm, Mdd^Xm, Mdd^Xm, Mdd^Xm, Mdd^Xm, Mdd^Xm
Qxu, Mdd^Xm, Dd, Mdd^Xm, Rrd, Rrd, Rrd, Rrd, Mdd^Xm, Rrd, Dd, Mdd^Xm, Dd, Rrd, Dd, Dd, Dd, Dd, Mdd^Xm, Mdd^Xm, Mdd^Xm, Mdd^Xm, Mdd^Xm, Mdd^Xm, Mdd^Xm, Dd, Mdd^Xm, Mdd^Xm, Mdd^Xm, Mdd^Xm, Mdd^Xm, Mdd^Xm, Mdd^Xm, Mdd^Xm, Mdd^Xm, Mdd^Xm, Mdd^Xm
Qxu, Qxu, Qxu, Dd, Rrd, Dd, Dd, Mdd^Xm, Hd, Mdd^Xm, Mdd^Xm, Mdd^Xm, Rrd, Rrd, Qxu, Dd, Dd, Dd, Mdd^Xm, Mdd^Xm, Mdd^Xm, Mdd^Xm, Dd, Mdd^Xm, Dd, Dd, Rrd, Mdd^Xm, Dd, Mdd^Xm, Dd, Mdd^Xm, Mdd^Xm, Mdd^Xm, Mdd^Xm, Mdd^Xm, Mdd^Xm
Qxu, Qxu, Qxu, Dd, Rrd, Dd, Dd, Dd, Dd, Hd, Mdd^Xm, Mdd^Xm, Rrd, Qxu, Qxu, Qxu, Qxu, Dd, Qxu, Dd, Dd, Dd, Rrd, Rrd, Rrd, Rrd, Dd, Rrd, Dd, Dd, Dd, Dd, Dd, Mdd^Xm, Mdd^Xm, Mdd^Xm, Mdd^Xm
Qxu, Qxu, Qxu, Dd, Dd, Rrd, Dd, Dd, Qxu, Qxu, Dd, Mdd^Xm, Rrd, Qxu, Qxu, Qxu, Qxu, Qxu, Qxu, Qxu, Dd, Rrd, Rrd, Dd, Dd, Dd, Dd, Rrd, Rrd, Rrd, Rrd, Rrd, Dd, Mdd^Xm, Mdd^Xm, Mdd^Xm, Mdd^Xm
Qxu, Dd, Dd, Dd, Qxu, Rrd, Qxu, Qxu, Qxu, Qxu, Rrd, Rrd, Qxu, Qxu, Qxu, Qxu, Qxu, Qxu, Qxu, Qxu, Qxu, Rrd, Qxu^Bxd|, Dd, Dd, Dd, Dd, Rrd, Dd, Dd, Dd, Rrd, Dd, Mdd^Xm, Mdd^Xm, Mdd^Xm, Mdd^Xm
Qxu, Dd, Dd, Dd, Qxu, Qxu^Bxd|, Qxu, Qxu, Qxu, Qxu, Qxu^Bxd|, Qxu, Qxu, Qxu, Qxu, Qxu, Qxu, Qxu, Qxu, Qxu, Qxu, Qxu, Qxu^Bxd|, Qxu, Dd, Dd, Dd, Dd, Dd, Qxu, Qxu, Rrd, Mdd^Xm, Mdd^Xm, Dd, Mdd^Xm, Mdd^Xm
Qxu, Qxu, Qxu, Qxu, Qxu, Qxu^Bxd|, Qxu, Qxu, Qxu, Qxu, Qxu^Bxd|, Qxu, Qxu, Qxu, Qxu, Qxu, Qxu, Qxu, Qxu, Qxu, Qxu, Qxu, Qxu^Bxd/, Qxu, Qxu, Dd, Qxu, Dd, Qxu, Qxu, Dd, Rrd, Mdd^Xm, Dd, Dd, Mdd^Xm, Mdd^Xm
Qxu, Qxu, Qxu, Qxu, Qxu, Qxu^Bxd|, Qxu, Qxu, Qxu, Qxu, Qxu^Bxd|, Qxu, Qxu, Qxu, Qxu, Qxu, Qxu, Qxu, Qxu, Qxu, Qxu, Qxu^Bxd|, Qxu, Qxu, Qxu, Qxu, Qxu, Qxu, Qxu, Dd, Rrd, Rrd, Hd, Dd, Mdd^Xm, Mdd^Xm, Mdd^Xm
Qxu, Qxu, Qxu, Qxu, Qxu, Qxu^Bxd|, Qxu^Bxd\, Qxu, Qxu, Qxu, Qxu^Bxd|, Qxu, Qxu, Qxu, Qxu, Qxu, Qxu, Qxu, Qxu, Qxu, Qxu, Qxu^Bxd|, Qxu, Qxu, Qxu, Qxu, Qxu, Qxu, Qxu, Rrd, Dd, Hd, Dd, Dd, Mdd^Xm, Mdd^Xm, Mdd^Xm
Qxu, Qxu, Qxu, Qxu, Dd, Dd, Rrd, Dd, Dd, Qxu, Qxu^Bxd|, Qxu, Qxu, Qxu, Qxu, Qxu, Qxu, Qxu, Qxu, Qxu, Qxu^Bxd|, Qxu^Bxd/, Qxu, Qxu, Qxu, Qxu, Qxu, Qxu, Qxu, Rrd, Rrd, Rrd, Ce, Dd, Ce, Mdd^Xm, Mdd^Xm
Qxu, Qxu, Qxu, Qxu, Qxu, Qxu, Rrd, Qxu, Qxu, Qxu, Qxu, Qxu, Qxu, Qxu, Qxu, Qxu, Rrd, Dd, Qxu, Qxu, Qxu^Bxd|, Qxu, Qxu, Qxu, Qxu, Qxu, Qxu, Qxu, Qxu, Qxu, Dd, Dd, Ce, Ke, Ce, Dd, Mdd^Xm
Qxu, Qxu, Qxu, Qxu, Qxu, Qxu, Rrd, Qxu, Dd, Dd, Dd, Dd, Dd, Dd, Dd, Qxu, Rrd, Rrd, Qxu, Qxu, Qxu^Bxd|, Qxu, Qxu, Qxu, Qxu, Qxu, Qxu, Qxu, Qxu, Qxu, Qxu, Qxu, Qxu, Qxu, Qxu, Dd, Qxu
Qxu, Qxu, Qxu, Qxu, Dd, Rrd, Dd, Dd, Dd, Dd, Mdd^Xm, Dd, Mdd^Xm, Dd, Dd, Dd, Dd, Rrd, Qxu, Qxu, Rrd, Qxu, Qxu, Qxu, Qxu, Qxu, Qxu, Qxu, Qxu, Qxu, Qxu, Qxu, Qxu, Qxu, Qxu, Qxu, Qxu
Qxu, Qxu, Qxu, Qxu, Qxu, Dd, Dd, Dd, Dd, Mdd^Xm, Rrd, Mdd^Xm, Dd, Mdd^Xm, Mdd^Xm, Dd, Mdd^Xm, Rrd, Rrd, Rrd, Rrd, Dd, Qxu, Qxu, Qxu, Qxu, Qxu, Qxu, Qxu, Qxu, Qxu, Qxu, Qxu, Qxu, Qxu, Qxu, Qxu
Qxu, Qxu, Qxu, Qxu, Qxu, Qxu, Qxu, Dd, Dd, Mdd^Xm, Rrd, Rrd, Dd, Mdd^Xm, Dd, Dd, Mdd^Xm, Mdd^Xm, Rrd, Rrd, Rrd, Dd, Qxu, Qxu, Qxu, Qxu, Qxu, Qxu, Qxu, Qxu, Qxu, Qxu, Qxu, Qxu, Qxu, Qxu, Qxu
Qxu, Qxu, Qxu, Qxu, Qxu, Qxu, Dd, Dd, Mdd^Xm, Mdd^Xm, Dd, Rrd, Mdd^Xm, Mdd^Xm, Mdd^Xm, Dd, Mdd^Xm, Mdd^Xm, Dd, Rrd, Rrd, Dd, Qxu, Qxu, Qxu, Qxu, Qxu, Qxu, Qxu, Qxu, Qxu, Qxu, Qxu, Qxu, Qxu, Qxu, Qxu
Qxu, Qxu, Qxu, Qxu, Qxu, Qxu, Dd, Mdd^Xm, Dd, Mdd^Xm, Rrd, Rrd, Mdd^Xm, Mdd^Xm, Mdd^Xm, Dd, Hd, Dd, Dd, Dd, Mdd^Xm, Mdd^Xm, Mdd^Xm, Qxu, Qxu, Qxu, Qxu, Qxu, Qxu, Qxu, Qxu, Qxu, Qxu, Qxu, Qxu, Qxu, Qxu
Qxu, Qxu, Qxu, Qxu, Dd, Hd, Hd, Mdd^Xm, Dd, Dd, Rrd, Dd, Mdd^Xm, Mdd^Xm, Dd, Mdd^Xm, Mdd^Xm, Hd, Mdd^Xm, Mdd^Xm, Dd, Dd, Mdd^Xm, Mdd^Xm, Mdd^Xm, Mdd^Xm, Mdd^Xm, Mdd^Xm, Mdd^Xm, Mdd^Xm, Mdd^Xm, Mdd^Xm, Mdd^Xm, Mdd^Xm, Mdd^Xm, Mdd^Xm, Mdd^Xm
Qxu, Qxu, Dd, Qxu, Dd, Hd, Mdd^Xm, Mdd^Xm, Dd, Rrd, Rrd, Dd, Mdd^Xm, Mdd^Xm, Dd, Mdd^Xm, Rrd, Mdd^Xm, Dd, Hd, Dd, Mdd^Xm, Mdd^Xm, Mdd^Xm, Mdd^Xm, Mdd^Xm, Mdd^Xm, Mdd^Xm, Mdd^Xm, Mdd^Xm, Mdd^Xm, Mdd^Xm, Mdd^Xm, Mdd^Xm, Mdd^Xm, Mdd^Xm, Mdd^Xm
Mdd^Xm, Qxu, Mdd^Xm, Dd, Mdd^Xm, Dd, Mdd^Xm, Dd, Dd, Rrd, Rrd, Rrd, Rrd, Dd, Rrd, Rrd, Dd, Dd, Dd, Dd, Dd, Mdd^Xm, Mdd^Xm, Mdd^Xm, Mdd^Xm, Mdd^Xm, Mdd^Xm, Mdd^Xm, Mdd^Xm, Mdd^Xm, Mdd^Xm, Mdd^Xm, Mdd^Xm, Mdd^Xm, Mdd^Xm, Mdd^Xm, Mdd^Xm
Xoi, Mdd^Xm, Xoi, Mdd^Xm, Xoi, Mdd^Xm, Xoi, Dd, Xoi, Dd, Xoi, Rrd, Xoi, Rrd^Ecf, Rrd, Rrd^Ecf, Dd, Dd, Dd, Dd, Dd, Dd, Mdd^Xm, Mdd^Xm, Mdd^Xm, Mdd^Xm, Mdd^Xm, Mdd^Xm, Mdd^Xm, Mdd^Xm, Mdd^Xm, Mdd^Xm, Mdd^Xm, Mdd^Xm, Mdd^Xm, Mdd^Xm, Mdd^Xm
Rrd, Xoi, Rrd, Xoi, Rrd, Xoi, Rrd, Xoi, Rrd, Xoi, Rrd, Xoi, Rrd, Xoi, Rrd, Xoi, Xoi, Dd, Dd, Dd, Dd, Dd, Mdd^Xm, Mdd^Xm, Mdd^Xm, Mdd^Xm, Mdd^Xm, Mdd^Xm, Mdd^Xm, Mdd^Xm, Mdd^Xm, Mdd^Xm, Mdd^Xm, Mdd^Xm, Mdd^Xm, Mdd^Xm, Mdd^Xm
Rrd, Rrd, Rrd, Rrd, Rrd, Rrd, Rrd, Rrd, Rrd, Rrd, Rrd, Rrd, Rrd, Rrd, Rrd, Rrd, Xoi, Dd, Dd, Dd, Dd, Dd, Mdd^Xm, Mdd^Xm, Mdd^Xm, Mdd^Xm, Mdd^Xm, Mdd^Xm, Mdd^Xm, Mdd^Xm, Mdd^Xm, Mdd^Xm, Mdd^Xm, Mdd^Xm, Mdd^Xm, Mdd^Xm, Mdd^Xm
Rrd, Rrd, Rrd, Rrd, Rrd, Rrd, Rrd, Rrd, Rrd, Rrd, Rrd, Rrd, Rrd, Rrd, Rrd, Rrd, Xoi, Dd, Dd, Dd, Dd, Dd, Mdd^Xm, Mdd^Xm, Mdd^Xm, Mdd^Xm, Mdd^Xm, Mdd^Xm, Mdd^Xm, Mdd^Xm, Mdd^Xm, Mdd^Xm, Mdd^Xm, Mdd^Xm, Mdd^Xm, Mdd^Xm, Mdd^Xm
Rrd, Rrd, Rrd, Rrd, Rrd, Rrd, Rrd, Rrd, Rrd, Rrd, Rrd, Rrd, Rrd, Rrd, Rrd, Rrd, Xoi, Dd, Dd, Dd, Qxu, Qxu, Mdd^Xm, Mdd^Xm, Mdd^Xm, Mdd^Xm, Mdd^Xm, Mdd^Xm, Mdd^Xm, Mdd^Xm, Mdd^Xm, Mdd^Xm, Mdd^Xm, Mdd^Xm, Mdd^Xm, Mdd^Xm, Mdd^Xm
Rrd, Rrd, Rrd, Rrd, Rrd, Rrd, Rrd, Rrd, Rrd, Rrd, Rrd, Rrd, Rrd, Rrd, Rrd, Rrd, Xoi, Dd, Qxu, Qxu, Qxu, Qxu, Mdd^Xm, Mdd^Xm, Mdd^Xm, Mdd^Xm, Mdd^Xm, Mdd^Xm, Mdd^Xm, Mdd^Xm, Mdd^Xm, Mdd^Xm, Mdd^Xm, Mdd^Xm, Mdd^Xm, Mdd^Xm, Mdd^Xm
Rrd, Rrd, Rrd, Rrd, Rrd, Rrd, Rrd, Rrd, Rrd, Rrd, Rrd, Rrd, Rrd, Rrd, Rrd, Rrd, Xoi, Qxu, Qxu, Qxu, Qxu, Qxu, Mdd^Xm, Mdd^Xm, Mdd^Xm, Mdd^Xm, Mdd^Xm, Mdd^Xm, Mdd^Xm, Mdd^Xm, Mdd^Xm, Mdd^Xm, Mdd^Xm, Mdd^Xm, Mdd^Xm, Mdd^Xm, Mdd^Xm
Rrd, Rrd, Rrd, Rrd, Rrd, Rrd, Rrd, Rrd, Rrd, Rrd, Rrd, Rrd, Rrd, Rrd, Rrd, Rrd, Xoi, Qxu, Qxu, Qxu, Qxu, Qxu, Mdd^Xm, Mdd^Xm, Mdd^Xm, Mdd^Xm, Mdd^Xm, Mdd^Xm, Mdd^Xm, Mdd^Xm, Mdd^Xm, Mdd^Xm, Mdd^Xm, Mdd^Xm, Mdd^Xm, Mdd^Xm, Mdd^Xm
